******************************************************************************
             TMS320C2000 Linker PC v22.6.3                     
******************************************************************************
>> Linked Mon Dec 22 13:51:10 2025

OUTPUT FILE NAME:   <empty_driverlib_project.out>
ENTRY POINT SYMBOL: "code_start"  address: 00000000


MEMORY CONFIGURATION

         name            origin    length      used     unused   attr    fill
----------------------  --------  ---------  --------  --------  ----  --------
  BEGIN                 00000000   00000002  00000002  00000000  RWIX
  BOOT_RSVD             00000002   00000126  00000000  00000126  RWIX
  RAMM0                 00000128   000002d8  00000028  000002b0  RWIX
  RAMM1                 00000400   000003f8  00000200  000001f8  RWIX
  RAMLS0                00008000   00002000  00001fff  00000001  RWIX
  RAMLS1                0000a000   00001ff8  00001a99  0000055f  RWIX
  FLASH_BANK0_SEC_0_7   00080002   00001ffe  00000000  00001ffe  RWIX
  FLASH_BANK0_SEC_8_15  00082000   00002000  00000000  00002000  RWIX
  FLASH_BANK0_SEC_16_23 00084000   00002000  00000000  00002000  RWIX
  FLASH_BANK0_SEC_24_31 00086000   00002000  00000000  00002000  RWIX
  FLASH_BANK0_SEC_32_39 00088000   00002000  00000000  00002000  RWIX
  FLASH_BANK0_SEC_40_47 0008a000   00002000  00000000  00002000  RWIX
  FLASH_BANK0_SEC_48_55 0008c000   00002000  00000000  00002000  RWIX
  FLASH_BANK0_SEC_56_63 0008e000   00002000  00000000  00002000  RWIX
  FLASH_BANK0_SEC_64_71 00090000   00002000  00000000  00002000  RWIX
  FLASH_BANK0_SEC_72_79 00092000   00002000  00000000  00002000  RWIX
  FLASH_BANK0_SEC_80_87 00094000   00002000  00000000  00002000  RWIX
  FLASH_BANK0_SEC_88_95 00096000   00002000  00000000  00002000  RWIX
  FLASH_BANK0_SEC_96_10 00098000   00002000  00000000  00002000  RWIX
  FLASH_BANK0_SEC_104_1 0009a000   00002000  00000000  00002000  RWIX
  FLASH_BANK0_SEC_112_1 0009c000   00002000  00000000  00002000  RWIX
  FLASH_BANK0_SEC_120_1 0009e000   00001ff0  00000000  00001ff0  RWIX
  RESET                 003fffc0   00000002  00000000  00000002  RWIX


SECTION ALLOCATION MAP

 output                                  attributes/
section   page    origin      length       input sections
--------  ----  ----------  ----------   ----------------
codestart 
*          0    00000000    00000002     
                  00000000    00000002     f280013x_codestartbranch.obj (codestart)

.TI.ramfunc 
*          0    00000128    00000004     
                  00000128    00000004     driverlib.lib : sysctl.obj (.TI.ramfunc)

.cinit     0    0000012c    00000024     
                  0000012c    00000011     (.cinit..data.load) [load image, compression = lzss]
                  0000013d    00000001     --HOLE-- [fill = 0]
                  0000013e    00000006     (__TI_handler_table)
                  00000144    00000004     (.cinit..bss.load) [load image, compression = zero_init]
                  00000148    00000008     (__TI_cinit_table)

.reset     0    003fffc0    00000000     DSECT

.stack     0    00000400    00000200     UNINITIALIZED
                  00000400    00000200     --HOLE--

.bss       0    000087c2    00000028     UNINITIALIZED
                  000087c2    00000018     empty_driverlib_main.obj (.bss)
                  000087da    00000010     empty_driverlib_main.obj (.bss:rx_buf)

.init_array 
*          0    00000128    00000000     UNINITIALIZED

.const     0    00008000    00000796     
                  00008000    0000018a     empty_driverlib_main.obj (.const:.string)
                  0000818a    00000182     board.obj (.const:.string)
                  0000830c    00000101     rts2800_fpu32_eabi.lib : ctype.c.obj (.const:.string:_ctypes_)
                  0000840d    00000001     --HOLE-- [fill = 0]
                  0000840e    0000009b     driverlib.lib : gpio.obj (.const:.string)
                  000084a9    00000001     --HOLE-- [fill = 0]
                  000084aa    0000009b                   : sysctl.obj (.const:.string)
                  00008545    00000001     --HOLE-- [fill = 0]
                  00008546    00000098                   : sci.obj (.const:.string)
                  000085de    00000052                   : interrupt.obj (.const:.string)
                  00008630    00000051                   : cputimer.obj (.const:.string)
                  00008681    00000001     --HOLE-- [fill = 0]
                  00008682    0000004e                   : cmpss.obj (.const:.string)
                  000086d0    0000004c                   : adc.obj (.const:.string)
                  0000871c    00000026     rts2800_fpu32_eabi.lib : _printfi.c.obj (.const:.string)
                  00008742    0000001c                            : _printfi.c.obj (.const)
                  0000875e    0000001c                            : s_scalbn.c.obj (.const)
                  0000877a    00000013     device.obj (.const:.string)
                  0000878d    00000001     --HOLE-- [fill = 0]
                  0000878e    00000008     rts2800_fpu32_eabi.lib : s_frexp.c.obj (.const)

.data      0    00008796    0000002b     UNINITIALIZED
                  00008796    00000020     empty_driverlib_main.obj (.data)
                  000087b6    00000006     rts2800_fpu32_eabi.lib : exit.c.obj (.data)
                  000087bc    00000002                            : _lock.c.obj (.data:_lock)
                  000087be    00000002                            : _lock.c.obj (.data:_unlock)
                  000087c0    00000001                            : errno.c.obj (.data)

.text.1    0    000087ea    00001816     
                  000087ea    000006c2     rts2800_fpu32_eabi.lib : _printfi.c.obj (.text)
                  00008eac    00000614                            : _printfi.c.obj (.text:__TI_printfi)
                  000094c0    0000023a     board.obj (.text:EPWM_init)
                  000096fa    0000014f     empty_driverlib_main.obj (.text:main)
                  00009849    00000141     driverlib.lib : sysctl.obj (.text:SysCtl_setClock)
                  0000998a    0000012f     board.obj (.text:PinMux_init)
                  00009ab9    00000107     rts2800_fpu32_eabi.lib : ll_div28.asm.obj (.text)
                  00009bc0    000000ea     driverlib.lib : sysctl.obj (.text:SysCtl_isPLLValid)
                  00009caa    000000ac                   : gpio.obj (.text:GPIO_setAnalogMode)
                  00009d56    000000a9     rts2800_fpu32_eabi.lib : s_scalbn.c.obj (.text)
                  00009dff    0000009c                            : fd_add28.asm.obj (.text)
                  00009e9b    00000092     empty_driverlib_main.obj (.text:INT_mySCI0_RX_ISR)
                  00009f2d    0000008b     rts2800_fpu32_eabi.lib : fd_div28.asm.obj (.text)
                  00009fb8    00000048     device.obj (.text:Device_init)

.text.2    0    0000a000    00001a99     
                  0000a000    00000088     rts2800_fpu32_eabi.lib : fs_div28.asm.obj (.text)
                  0000a088    00000083                            : fd_mpy28.asm.obj (.text)
                  0000a10b    0000007f     driverlib.lib : interrupt.obj (.text:Interrupt_clearIFR)
                  0000a18a    00000073                   : sysctl.obj (.text:DCC_setCounterSeeds)
                  0000a1fd    0000006e     device.obj (.text:Device_enableAllPeripherals)
                  0000a26b    0000006e     empty_driverlib_main.obj (.text:INT_PS1_XINT_ISR)
                  0000a2d9    00000065     driverlib.lib : sysctl.obj (.text:SysCtl_getClock)
                  0000a33e    0000005a     board.obj (.text:myADC0_init)
                  0000a398    0000005a     rts2800_fpu32_eabi.lib : s_frexp.c.obj (.text)
                  0000a3f2    0000005a                            : snprintf.c.obj (.text)
                  0000a44c    00000052     driverlib.lib : gpio.obj (.text:GPIO_setPadConfig)
                  0000a49e    0000004e                   : interrupt.obj (.text:Interrupt_disable)
                  0000a4ec    0000004c                   : adc.obj (.text:ADC_setOffsetTrimAll)
                  0000a538    00000049                   : cmpss.obj (.text:CMPSS_configFilterHigh)
                  0000a581    00000049     board.obj (.text:myADC1_init)
                  0000a5ca    00000047     driverlib.lib : sysctl.obj (.text:SysCtl_selectOscSource)
                  0000a611    00000046     board.obj (.text:ADC_setupSOC)
                  0000a657    00000046     driverlib.lib : sysctl.obj (.text:SysCtl_selectXTAL)
                  0000a69d    00000045                   : sci.obj (.text:SCI_clearInterruptStatus)
                  0000a6e2    00000045                   : sysctl.obj (.text:SysCtl_pollX1Counter)
                  0000a727    00000044                   : gpio.obj (.text:GPIO_isPinValid)
                  0000a76b    00000044     empty_driverlib_main.obj (.text:GPIO_isPinValid)
                  0000a7af    00000044     driverlib.lib : sci.obj (.text:SCI_enableInterrupt)
                  0000a7f3    00000043     board.obj (.text:mySCI0_init)
                  0000a836    00000040     board.obj (.text:EPWM_setActionQualifierAction)
                  0000a876    0000003e     board.obj (.text:EPWM_setCounterCompareShadowLoadMode)
                  0000a8b4    0000003e     driverlib.lib : sci.obj (.text:SCI_setConfig)
                  0000a8f2    0000003d     board.obj (.text:INTERRUPT_init)
                  0000a92f    0000003d     driverlib.lib : interrupt.obj (.text:Interrupt_initModule)
                  0000a96c    0000003a     board.obj (.text:EPWM_setActionQualifierShadowLoadMode)
                  0000a9a6    00000038     empty_driverlib_main.obj (.text:INT_mySCI0_TX_ISR)
                  0000a9de    00000037     driverlib.lib : gpio.obj (.text:GPIO_setInterruptPin)
                  0000aa15    00000037                   : gpio.obj (.text:GPIO_setPinConfig)
                  0000aa4c    00000037                   : gpio.obj (.text:GPIO_setQualificationMode)
                  0000aa83    00000037     empty_driverlib_main.obj (.text:INT_myCPUTIMER0_ISR)
                  0000aaba    00000037     driverlib.lib : interrupt.obj (.text:Interrupt_enable)
                  0000aaf1    00000033     empty_driverlib_main.obj (.text:INT_PS2_XINT_ISR)
                  0000ab24    00000033     empty_driverlib_main.obj (.text:INT_PS3_XINT_ISR)
                  0000ab57    00000031     driverlib.lib : gpio.obj (.text:GPIO_setDirectionMode)
                  0000ab88    00000031     rts2800_fpu32_eabi.lib : atoi.c.obj (.text)
                  0000abb9    00000030                            : _ltoa.c.obj (.text)
                  0000abe9    0000002e     board.obj (.text:ADC_setInterruptSOCTrigger)
                  0000ac17    0000002e     rts2800_fpu32_eabi.lib : copy_decompress_lzss.c.obj (.text:decompress:lzss)
                  0000ac45    0000002d     empty_driverlib_main.obj (.text:CMPSS_DAC_code_12bit)
                  0000ac72    0000002b     empty_driverlib_main.obj (.text:CMPSS1_DAC_init)
                  0000ac9d    0000002b     rts2800_fpu32_eabi.lib : autoinit.c.obj (.text:__TI_auto_init_nobinit_nopinit)
                  0000acc8    0000002a     board.obj (.text:XBAR_setInputPin)
                  0000acf2    0000002a     driverlib.lib : gpio.obj (.text:XBAR_setInputPin)
                  0000ad1c    0000002a     rts2800_fpu32_eabi.lib : fd_cmp28.asm.obj (.text)
                  0000ad46    0000002a                            : l_div28.asm.obj (.text)
                  0000ad70    00000029                            : exit.c.obj (.text)
                  0000ad99    00000027     driverlib.lib : adc.obj (.text:ADC_setVREF)
                  0000adc0    00000027     empty_driverlib_main.obj (.text:CurrentLimit_to_DAC_Code)
                  0000ade7    00000027     board.obj (.text:EPWM_isBaseValid)
                  0000ae0e    00000027     empty_driverlib_main.obj (.text:EPWM_isBaseValid)
                  0000ae35    00000026     board.obj (.text:SCI_setFIFOInterruptLevel)
                  0000ae5b    00000026     board.obj (.text:myCPUTIMER0_init)
                  0000ae81    00000025     driverlib.lib : sysctl.obj (.text:SysCtl_selectXTALSingleEnded)
                  0000aea6    00000024                   : sysctl.obj (.text:DCC_enableSingleShotMode)
                  0000aeca    00000024     rts2800_fpu32_eabi.lib : s_copysign.c.obj (.text)
                  0000aeee    00000023     empty_driverlib_main.obj (.text:GPIO_readPin)
                  0000af11    00000022     board.obj (.text:EPWM_setCounterCompareValue)
                  0000af33    00000022     empty_driverlib_main.obj (.text:EPWM_setCounterCompareValue)
                  0000af55    00000021     rts2800_fpu32_eabi.lib : fd_toi28.asm.obj (.text)
                  0000af76    00000020     empty_driverlib_main.obj (.text:SysCtl_turnOffOsc)
                  0000af96    0000001f     board.obj (.text:EPWM_setFallingEdgeDelayCountShadowLoadMode)
                  0000afb5    0000001f     board.obj (.text:EPWM_setRisingEdgeDelayCountShadowLoadMode)
                  0000afd4    0000001f     rts2800_fpu32_eabi.lib : fd_tol28.asm.obj (.text)
                  0000aff3    0000001e     driverlib.lib : sysctl.obj (.text:DCC_setCounter0ClkSource)
                  0000b011    0000001e                   : sysctl.obj (.text:DCC_setCounter1ClkSource)
                  0000b02f    0000001e     board.obj (.text:EPWM_setPhaseShift)
                  0000b04d    0000001e     driverlib.lib : interrupt.obj (.text:Interrupt_initVectorTable)
                  0000b06b    0000001e     empty_driverlib_main.obj (.text:SCI_readCharBlockingFIFO)
                  0000b089    0000001e     rts2800_fpu32_eabi.lib : ll_cmp28.asm.obj (.text)
                  0000b0a7    0000001d     empty_driverlib_main.obj (.text:CMPSS_setDACValueLow)
                  0000b0c4    0000001d     board.obj (.text:SCI_enableFIFO)
                  0000b0e1    0000001d     rts2800_fpu32_eabi.lib : i_tofd28.asm.obj (.text)
                  0000b0fe    0000001d                            : memcpy.c.obj (.text)
                  0000b11b    0000001c     board.obj (.text:ADC_setSOCPriority)
                  0000b137    0000001c     board.obj (.text:EPWM_setClockPrescaler)
                  0000b153    0000001c     rts2800_fpu32_eabi.lib : l_tofd28.asm.obj (.text)
                  0000b16f    0000001b     driverlib.lib : cmpss.obj (.text:CMPSS_isBaseValid)
                  0000b18a    0000001b     empty_driverlib_main.obj (.text:CMPSS_isBaseValid)
                  0000b1a5    0000001b     driverlib.lib : sysctl.obj (.text:SysCtl_setIntOSC2_Mode)
                  0000b1c0    0000001a     board.obj (.text:ASysCtl_setAnalogReference1P65)
                  0000b1da    0000001a     board.obj (.text:CPUTimer_startTimer)
                  0000b1f4    0000001a     empty_driverlib_main.obj (.text:CPUTimer_startTimer)
                  0000b20e    0000001a     board.obj (.text:EPWM_disableActionQualifierShadowLoadMode)
                  0000b228    0000001a     empty_driverlib_main.obj (.text:SCI_isSpaceAvailableNonFIFO)
                  0000b242    0000001a     driverlib.lib : sysctl.obj (.text:SysCtl_getLowSpeedClock)
                  0000b25c    00000019     board.obj (.text:Board_init)
                  0000b275    00000019     empty_driverlib_main.obj (.text:SCI_writeCharBlockingNonFIFO)
                  0000b28e    00000019     driverlib.lib : sysctl.obj (.text:SysCtl_setPLLSysClk)
                  0000b2a7    00000019     board.obj (.text:XBAR_lockInput)
                  0000b2c0    00000018     board.obj (.text:ASysCtl_setAnalogReferenceInternal)
                  0000b2d8    00000018     board.obj (.text:EPWM_disableFallingEdgeDelayCountShadowLoadMode)
                  0000b2f0    00000018     board.obj (.text:EPWM_disableRisingEdgeDelayCountShadowLoadMode)
                  0000b308    00000018     driverlib.lib : sci.obj (.text:SCI_disableModule)
                  0000b320    00000018     board.obj (.text:SCI_performSoftwareReset)
                  0000b338    00000018     driverlib.lib : sci.obj (.text:SCI_performSoftwareReset)
                  0000b350    00000018     board.obj (.text:SCI_resetChannels)
                  0000b368    00000018     board.obj (.text:SCI_resetRxFIFO)
                  0000b380    00000018     board.obj (.text:SCI_resetTxFIFO)
                  0000b398    00000018     rts2800_fpu32_eabi.lib : ll_aox28.asm.obj (.text)
                  0000b3b0    00000017     board.obj (.text:CPUTimer_isBaseValid)
                  0000b3c7    00000017     driverlib.lib : cputimer.obj (.text:CPUTimer_isBaseValid)
                  0000b3de    00000017     empty_driverlib_main.obj (.text:CPUTimer_isBaseValid)
                  0000b3f5    00000017     board.obj (.text:CPUTimer_setPreScaler)
                  0000b40c    00000017     board.obj (.text:SCI_isBaseValid)
                  0000b423    00000017     driverlib.lib : sci.obj (.text:SCI_isBaseValid)
                  0000b43a    00000017     empty_driverlib_main.obj (.text:SCI_isBaseValid)
                  0000b451    00000017     device.obj (.text:SysCtl_enablePeripheral)
                  0000b468    00000017     driverlib.lib : sysctl.obj (.text:SysCtl_enablePeripheral)
                  0000b47f    00000017     empty_driverlib_main.obj (.text:SysCtl_enablePeripheral)
                  0000b496    00000017     rts2800_fpu32_eabi.lib : boot28.asm.obj (.text)
                  0000b4ad    00000016     board.obj (.text:ADC_setInterruptCycleOffset)
                  0000b4c3    00000016     board.obj (.text:ADC_setInterruptPulseMode)
                  0000b4d9    00000016     board.obj (.text:ADC_setPrescaler)
                  0000b4ef    00000016     empty_driverlib_main.obj (.text:CMPSS_configDAC)
                  0000b505    00000016     empty_driverlib_main.obj (.text:CMPSS_configHighComparator)
                  0000b51b    00000016     empty_driverlib_main.obj (.text:CMPSS_configOutputsHigh)
                  0000b531    00000016     driverlib.lib : sysctl.obj (.text:DCC_disableDoneSignal)
                  0000b547    00000016                   : interrupt.obj (.text:Interrupt_defaultHandler)
                  0000b55d    00000015     board.obj (.text:ADC_disableBurstMode)
                  0000b572    00000015     empty_driverlib_main.obj (.text:CMPSS_clearFilterLatchHigh)
                  0000b587    00000015     empty_driverlib_main.obj (.text:CMPSS_initFilterHigh)
                  0000b59c    00000015     board.obj (.text:CPUTimer_enableInterrupt)
                  0000b5b1    00000015     driverlib.lib : sysctl.obj (.text:DCC_clearDoneFlag)
                  0000b5c6    00000015                   : sysctl.obj (.text:DCC_clearErrorFlag)
                  0000b5db    00000015                   : sysctl.obj (.text:DCC_disableErrorSignal)
                  0000b5f0    00000015     device.obj (.text:GPIO_unlockPortConfig)
                  0000b605    00000014     board.obj (.text:CPUTimer_reloadTimerCounter)
                  0000b619    00000014     empty_driverlib_main.obj (.text:CPUTimer_reloadTimerCounter)
                  0000b62d    00000014     board.obj (.text:CPUTimer_stopTimer)
                  0000b641    00000014     empty_driverlib_main.obj (.text:CPUTimer_stopTimer)
                  0000b655    00000014     driverlib.lib : sysctl.obj (.text:DCC_disableModule)
                  0000b669    00000014                   : sysctl.obj (.text:DCC_enableModule)
                  0000b67d    00000014     board.obj (.text:EPWM_setTimeBaseCounterMode)
                  0000b691    00000014     board.obj (.text:EPWM_setTimeBasePeriod)
                  0000b6a5    00000014     empty_driverlib_main.obj (.text:EPWM_setTimeBasePeriod)
                  0000b6b9    00000014     empty_driverlib_main.obj (.text:SCI_getRxFIFOStatus)
                  0000b6cd    00000014     empty_driverlib_main.obj (.text:SCI_getTxFIFOStatus)
                  0000b6e1    00000013     board.obj (.text:ADC_enableConverter)
                  0000b6f4    00000013     board.obj (.text:ADC_isBaseValid)
                  0000b707    00000013     driverlib.lib : adc.obj (.text:ADC_isBaseValid)
                  0000b71a    00000013     empty_driverlib_main.obj (.text:CMPSS_enableModule)
                  0000b72d    00000013     driverlib.lib : cputimer.obj (.text:CPUTimer_setEmulationMode)
                  0000b740    00000013     empty_driverlib_main.obj (.text:PWM_All_Off)
                  0000b753    00000013     board.obj (.text:SCI_clearOverflowStatus)
                  0000b766    00000013     empty_driverlib_main.obj (.text:SCI_clearOverflowStatus)
                  0000b779    00000013     board.obj (.text:SCI_enableModule)
                  0000b78c    00000013     driverlib.lib : sci.obj (.text:SCI_enableModule)
                  0000b79f    00000013     board.obj (.text:XBAR_isBaseValid)
                  0000b7b2    00000013     driverlib.lib : gpio.obj (.text:XBAR_isBaseValid)
                  0000b7c5    00000012     empty_driverlib_main.obj (.text:CPUTimer_clearOverflowFlag)
                  0000b7d7    00000012     board.obj (.text:EPWM_setTimeBaseCounter)
                  0000b7e9    00000012     board.obj (.text:SysCtl_setSyncOutputConfig)
                  0000b7fb    00000011     board.obj (.text:CPUTimer_setPeriod)
                  0000b80c    00000011     board.obj (.text:EPWM_disablePhaseShiftLoad)
                  0000b81d    00000011     board.obj (.text:SCI_disableLoopback)
                  0000b82e    00000010     empty_driverlib_main.obj (.text:CMPSS_getStatus)
                  0000b83e    00000010     empty_driverlib_main.obj (.text:CPUTimer_getTimerCount)
                  0000b84e    00000010     driverlib.lib : sysctl.obj (.text:DCC_isBaseValid)
                  0000b85e    00000010     device.obj (.text:Device_initGPIO)
                  0000b86e    00000010     board.obj (.text:GPIO_setInterruptType)
                  0000b87e    00000010     board.obj (.text:LED1_init)
                  0000b88e    00000010     board.obj (.text:PS1_init)
                  0000b89e    00000010     board.obj (.text:PS2_init)
                  0000b8ae    00000010     board.obj (.text:PS3_init)
                  0000b8be    00000010     empty_driverlib_main.obj (.text:SCI_getRxStatus)
                  0000b8ce    00000010     board.obj (.text:myGPIO0_init)
                  0000b8de    00000010     rts2800_fpu32_eabi.lib : memccpy.c.obj (.text)
                  0000b8ee    0000000f     board.obj (.text:Interrupt_register)
                  0000b8fd    0000000f     empty_driverlib_main.obj (.text:sciSendChar)
                  0000b90c    0000000e     rts2800_fpu32_eabi.lib : fd_sub28.asm.obj (.text)
                  0000b91a    0000000d     driverlib.lib : interrupt.obj (.text:Interrupt_disableGlobal)
                  0000b927    0000000d                   : interrupt.obj (.text:Interrupt_enableGlobal)
                  0000b934    0000000d     device.obj (.text:SysCtl_setLowSpeedClock)
                  0000b941    0000000d     rts2800_fpu32_eabi.lib : copy_zero_init.c.obj (.text:decompress:ZI:__TI_zero_init_nomemset)
                  0000b94e    0000000c     board.obj (.text:PS1_XINT_init)
                  0000b95a    0000000c     board.obj (.text:PS2_XINT_init)
                  0000b966    0000000c     board.obj (.text:PS3_XINT_init)
                  0000b972    0000000c     board.obj (.text:SysCtl_enableExtADCSOCSource)
                  0000b97e    0000000c     board.obj (.text:myINPUTXBARINPUT0_init)
                  0000b98a    0000000c     board.obj (.text:myINPUTXBARINPUT1_init)
                  0000b996    0000000c     board.obj (.text:myINPUTXBARINPUT2_init)
                  0000b9a2    0000000c     rts2800_fpu32_eabi.lib : args_main.c.obj (.text)
                  0000b9ae    0000000c                            : strchr.c.obj (.text)
                  0000b9ba    0000000b     board.obj (.text:GPIO_init)
                  0000b9c5    0000000b     device.obj (.text:SysCtl_disableWatchdog)
                  0000b9d0    0000000b     driverlib.lib : sysctl.obj (.text:SysCtl_isMCDClockFailureDetected)
                  0000b9db    0000000b     rts2800_fpu32_eabi.lib : wcslen.c.obj (.text)
                  0000b9e6    0000000a     driverlib.lib : sysctl.obj (.text:ASysCtl_getExtROscStatus)
                  0000b9f0    0000000a                   : interrupt.obj (.text:Interrupt_illegalOperationHandler)
                  0000b9fa    0000000a                   : interrupt.obj (.text:Interrupt_nmiHandler)
                  0000ba04    0000000a     board.obj (.text:SYNC_init)
                  0000ba0e    00000009     board.obj (.text:ASYSCTL_init)
                  0000ba17    00000009     board.obj (.text:GPIO_enableInterrupt)
                  0000ba20    00000009     rts2800_fpu32_eabi.lib : _lock.c.obj (.text)
                  0000ba29    00000009                            : fd_neg28.asm.obj (.text)
                  0000ba32    00000008                            : copy_decompress_none.c.obj (.text:decompress:none)
                  0000ba3a    00000008     f280013x_codestartbranch.obj (.text)
                  0000ba42    00000008     rts2800_fpu32_eabi.lib : strlen.c.obj (.text)
                  0000ba4a    00000007     board.obj (.text:ASysCtl_disableTemperatureSensor)
                  0000ba51    00000007     device.obj (.text:ASysCtl_lockVREG)
                  0000ba58    00000007     board.obj (.text:INPUTXBAR_init)
                  0000ba5f    00000007     driverlib.lib : sysctl.obj (.text:SysCtl_resetMCD)
                  0000ba66    00000007     board.obj (.text:XINT_init)
                  0000ba6d    00000007     device.obj (.text:__error__)
                  0000ba74    00000007     rts2800_fpu32_eabi.lib : memset.c.obj (.text)
                  0000ba7b    00000006     empty_driverlib_main.obj (.text:Interrupt_clearACKGroup)
                  0000ba81    00000005     board.obj (.text:ADC_init)
                  0000ba86    00000005     rts2800_fpu32_eabi.lib : strcpy.c.obj (.text)
                  0000ba8b    00000004     device.obj (.text:SysCtl_deviceCal)
                  0000ba8f    00000003     board.obj (.text:CPUTIMER_init)
                  0000ba92    00000003     board.obj (.text:SCI_init)
                  0000ba95    00000002     rts2800_fpu32_eabi.lib : pre_init.c.obj (.text)
                  0000ba97    00000001     c2000ware_libraries.obj (.text:C2000Ware_libraries_init)
                  0000ba98    00000001     rts2800_fpu32_eabi.lib : startup.c.obj (.text)

MODULE SUMMARY

       Module                         code    ro data   rw data
       ------                         ----    -------   -------
    .\
       empty_driverlib_main.obj       1723    394       72     
    +--+------------------------------+-------+---------+---------+
       Total:                         1723    394       72     
                                                               
    .\device\
       device.obj                     284     19        0      
       f280013x_codestartbranch.obj   10      0         0      
    +--+------------------------------+-------+---------+---------+
       Total:                         294     19        0      
                                                               
    .\syscfg\
       board.obj                      2833    386       0      
       c2000ware_libraries.obj        1       0         0      
    +--+------------------------------+-------+---------+---------+
       Total:                         2834    386       0      
                                                               
    C:/ti/C2000Ware_6_00_01_00/driverlib/f280013x/driverlib/ccs/Debug/driverlib.lib
       sysctl.obj                     1388    155       0      
       gpio.obj                       597     155       0      
       interrupt.obj                  419     82        0      
       sci.obj                        289     152       0      
       adc.obj                        134     76        0      
       cmpss.obj                      100     78        0      
       cputimer.obj                   42      81        0      
    +--+------------------------------+-------+---------+---------+
       Total:                         2969    779       0      
                                                               
    C:\ti\ccs2040\ccs\tools\compiler\ti-cgt-c2000_22.6.3.LTS\lib\rts2800_fpu32_eabi.lib
       _printfi.c.obj                 3286    66        0      
       ll_div28.asm.obj               263     0         0      
       ctype.c.obj                    0       257       0      
       s_scalbn.c.obj                 169     28        0      
       fd_add28.asm.obj               156     0         0      
       fd_div28.asm.obj               139     0         0      
       fs_div28.asm.obj               136     0         0      
       fd_mpy28.asm.obj               131     0         0      
       s_frexp.c.obj                  90      8         0      
       snprintf.c.obj                 90      0         0      
       atoi.c.obj                     49      0         0      
       _ltoa.c.obj                    48      0         0      
       exit.c.obj                     41      0         6      
       copy_decompress_lzss.c.obj     46      0         0      
       autoinit.c.obj                 43      0         0      
       fd_cmp28.asm.obj               42      0         0      
       l_div28.asm.obj                42      0         0      
       s_copysign.c.obj               36      0         0      
       fd_toi28.asm.obj               33      0         0      
       fd_tol28.asm.obj               31      0         0      
       ll_cmp28.asm.obj               30      0         0      
       i_tofd28.asm.obj               29      0         0      
       memcpy.c.obj                   29      0         0      
       l_tofd28.asm.obj               28      0         0      
       ll_aox28.asm.obj               24      0         0      
       boot28.asm.obj                 23      0         0      
       memccpy.c.obj                  16      0         0      
       fd_sub28.asm.obj               14      0         0      
       _lock.c.obj                    9       0         4      
       copy_zero_init.c.obj           13      0         0      
       args_main.c.obj                12      0         0      
       strchr.c.obj                   12      0         0      
       wcslen.c.obj                   11      0         0      
       fd_neg28.asm.obj               9       0         0      
       copy_decompress_none.c.obj     8       0         0      
       strlen.c.obj                   8       0         0      
       memset.c.obj                   7       0         0      
       strcpy.c.obj                   5       0         0      
       pre_init.c.obj                 2       0         0      
       errno.c.obj                    0       0         1      
       startup.c.obj                  1       0         0      
    +--+------------------------------+-------+---------+---------+
       Total:                         5161    359       11     
                                                               
       Stack:                         0       0         512    
       Linker Generated:              0       35        0      
    +--+------------------------------+-------+---------+---------+
       Grand Total:                   12981   1972      595    


LINKER GENERATED COPY TABLES

__TI_cinit_table @ 00000148 records: 2, size/record: 4, table size: 8
	.data: load addr=0000012c, load size=00000011 bytes, run addr=00008796, run size=0000002b bytes, compression=lzss
	.bss: load addr=00000144, load size=00000004 bytes, run addr=000087c2, run size=00000028 bytes, compression=zero_init


LINKER GENERATED HANDLER TABLE

__TI_handler_table @ 0000013e records: 3, size/record: 2, table size: 6
	index: 0, handler: __TI_zero_init
	index: 1, handler: __TI_decompress_lzss
	index: 2, handler: __TI_decompress_none


GLOBAL DATA SYMBOLS: SORTED BY DATA PAGE

address     data page           name
--------    ----------------    ----
00000400      10 (00000400)     __stack

0000830c     20c (00008300)     _ctypes_

00008796     21e (00008780)     counter
00008797     21e (00008780)     adcResult
00008798     21e (00008780)     last_sensor
00008799     21e (00008780)     current_state
0000879a     21e (00008780)     pwm_armed
0000879b     21e (00008780)     target_duty_percent
0000879c     21e (00008780)     current_duty_percent
0000879d     21e (00008780)     pwm_cmpa
0000879e     21e (00008780)     rx_idx
0000879f     21e (00008780)     oc_fault
000087a0     21e (00008780)     timer0Count
000087a2     21e (00008780)     ps1_isr_count
000087a4     21e (00008780)     ps2_isr_count
000087a6     21e (00008780)     ps3_isr_count
000087a8     21e (00008780)     current_timmer
000087aa     21e (00008780)     time_rotation
000087ac     21e (00008780)     time_per_pulse
000087ae     21e (00008780)     Rpm
000087b0     21e (00008780)     filtered_rpm
000087b2     21e (00008780)     current_limit_A
000087b6     21e (00008780)     __TI_enable_exit_profile_output
000087b8     21e (00008780)     __TI_cleanup_ptr
000087ba     21e (00008780)     __TI_dtors_ptr
000087bc     21e (00008780)     _lock
000087be     21e (00008780)     _unlock

000087c0     21f (000087c0)     errno
000087c2     21f (000087c0)     ps1
000087c3     21f (000087c0)     ps2
000087c4     21f (000087c0)     ps3
000087c5     21f (000087c0)     adc_raw
000087c6     21f (000087c0)     code
000087c7     21f (000087c0)     adca_soc0
000087c8     21f (000087c0)     adca_soc1
000087c9     21f (000087c0)     adca_soc2
000087ca     21f (000087c0)     adcb_soc0
000087cb     21f (000087c0)     adcb_soc1
000087cc     21f (000087c0)     oc_a_voltage
000087ce     21f (000087c0)     adc_v
000087d0     21f (000087c0)     adca0_v
000087d2     21f (000087c0)     adca1_v
000087d4     21f (000087c0)     adca2_v
000087d6     21f (000087c0)     adcb0_v
000087d8     21f (000087c0)     adcb1_v
000087da     21f (000087c0)     rx_buf


GLOBAL SYMBOLS: SORTED ALPHABETICALLY BY Name 

page  address   name                             
----  -------   ----                             
0     0000ba81  ADC_init                         
0     0000a4ec  ADC_setOffsetTrimAll             
0     0000ad99  ADC_setVREF                      
0     0000ba0e  ASYSCTL_init                     
0     0000b25c  Board_init                       
0     0000ad70  C$$EXIT                          
0     0000ba97  C2000Ware_libraries_init         
0     0000ac72  CMPSS1_DAC_init                  
0     0000a538  CMPSS_configFilterHigh           
0     0000ba8f  CPUTIMER_init                    
0     0000b72d  CPUTimer_setEmulationMode        
0     0000a1fd  Device_enableAllPeripherals      
0     00009fb8  Device_init                      
0     0000b85e  Device_initGPIO                  
0     000094c0  EPWM_init                        
0     0000b9ba  GPIO_init                        
0     00009caa  GPIO_setAnalogMode               
0     0000ab57  GPIO_setDirectionMode            
0     0000a9de  GPIO_setInterruptPin             
0     0000a44c  GPIO_setPadConfig                
0     0000aa15  GPIO_setPinConfig                
0     0000aa4c  GPIO_setQualificationMode        
0     0000ba58  INPUTXBAR_init                   
0     0000a8f2  INTERRUPT_init                   
0     0000a26b  INT_PS1_XINT_ISR                 
0     0000aaf1  INT_PS2_XINT_ISR                 
0     0000ab24  INT_PS3_XINT_ISR                 
0     0000aa83  INT_myCPUTIMER0_ISR              
0     00009e9b  INT_mySCI0_RX_ISR                
0     0000a9a6  INT_mySCI0_TX_ISR                
0     0000b547  Interrupt_defaultHandler         
0     0000a49e  Interrupt_disable                
0     0000aaba  Interrupt_enable                 
0     0000b9f0  Interrupt_illegalOperationHandler
0     0000a92f  Interrupt_initModule             
0     0000b04d  Interrupt_initVectorTable        
0     0000b9fa  Interrupt_nmiHandler             
0     0000b87e  LED1_init                        
0     0000b94e  PS1_XINT_init                    
0     0000b88e  PS1_init                         
0     0000b95a  PS2_XINT_init                    
0     0000b89e  PS2_init                         
0     0000b966  PS3_XINT_init                    
0     0000b8ae  PS3_init                         
0     0000998a  PinMux_init                      
0     000087ae  Rpm                              
0     0000a69d  SCI_clearInterruptStatus         
0     0000a7af  SCI_enableInterrupt              
0     0000ba92  SCI_init                         
0     0000a8b4  SCI_setConfig                    
0     0000ba04  SYNC_init                        
0     00000128  SysCtl_delay                     
0     0000a2d9  SysCtl_getClock                  
0     0000b242  SysCtl_getLowSpeedClock          
0     00009bc0  SysCtl_isPLLValid                
0     0000a5ca  SysCtl_selectOscSource           
0     0000a657  SysCtl_selectXTAL                
0     0000ae81  SysCtl_selectXTALSingleEnded     
0     00009849  SysCtl_setClock                  
0     0000ba66  XINT_init                        
0     00000148  __TI_CINIT_Base                  
0     00000150  __TI_CINIT_Limit                 
0     00000150  __TI_CINIT_Warm                  
0     0000013e  __TI_Handler_Table_Base          
0     00000144  __TI_Handler_Table_Limit         
0     00000600  __TI_STACK_END                   
abs   00000200  __TI_STACK_SIZE                  
0     0000ac9d  __TI_auto_init_nobinit_nopinit   
0     000087b8  __TI_cleanup_ptr                 
0     0000ac17  __TI_decompress_lzss             
0     0000ba32  __TI_decompress_none             
0     000087ba  __TI_dtors_ptr                   
0     000087b6  __TI_enable_exit_profile_output  
0     0000abb9  __TI_ltoa                        
abs   ffffffff  __TI_pprof_out_hndl              
0     0000933b  __TI_printfi                     
abs   ffffffff  __TI_prof_data_size              
abs   ffffffff  __TI_prof_data_start             
0     0000b941  __TI_zero_init_nomemset          
0     00009dff  __c28xabi_addd                   
0     0000b398  __c28xabi_andll                  
0     0000ad1c  __c28xabi_cmpd                   
0     0000b089  __c28xabi_cmpll                  
0     0000b09b  __c28xabi_cmpull                 
0     00009f2d  __c28xabi_divd                   
0     0000a000  __c28xabi_divf                   
0     0000ad46  __c28xabi_divl                   
0     00009ab9  __c28xabi_divll                  
0     0000ad63  __c28xabi_divul                  
0     00009b2f  __c28xabi_divull                 
0     0000af55  __c28xabi_dtoi                   
0     0000afd4  __c28xabi_dtol                   
0     0000b0e1  __c28xabi_itod                   
0     0000b153  __c28xabi_ltod                   
0     0000ad55  __c28xabi_modl                   
0     00009af5  __c28xabi_modll                  
0     0000ad6a  __c28xabi_modul                  
0     00009b5e  __c28xabi_modull                 
0     0000a088  __c28xabi_mpyd                   
0     0000ba29  __c28xabi_negd                   
0     0000b3a0  __c28xabi_orll                   
0     0000b90c  __c28xabi_subd                   
0     0000b3a8  __c28xabi_xorll                  
n/a   UNDEFED   __c_args__                       
0     0000ba6d  __error__                        
0     00000400  __stack                          
0     0000b9a2  _args_main                       
0     0000b496  _c_int00                         
0     0000830c  _ctypes_                         
0     000087bc  _lock                            
0     0000ba28  _nop                             
0     0000ba24  _register_lock                   
0     0000ba20  _register_unlock                 
0     0000ba98  _system_post_cinit               
0     0000ba95  _system_pre_init                 
0     000087be  _unlock                          
0     0000ad70  abort                            
0     00008797  adcResult                        
0     000087c5  adc_raw                          
0     000087ce  adc_v                            
0     000087d0  adca0_v                          
0     000087d2  adca1_v                          
0     000087d4  adca2_v                          
0     000087c7  adca_soc0                        
0     000087c8  adca_soc1                        
0     000087c9  adca_soc2                        
0     000087d6  adcb0_v                          
0     000087d8  adcb1_v                          
0     000087ca  adcb_soc0                        
0     000087cb  adcb_soc1                        
0     0000ab88  atoi                             
0     000087c6  code                             
0     00000000  code_start                       
0     0000aeca  copysign                         
0     0000aeca  copysignl                        
0     00008796  counter                          
0     0000879c  current_duty_percent             
0     000087b2  current_limit_A                  
0     00008799  current_state                    
0     000087a8  current_timmer                   
0     000087c0  errno                            
0     0000ad72  exit                             
0     000087b0  filtered_rpm                     
0     0000a398  frexp                            
0     0000a398  frexpl                           
0     00008798  last_sensor                      
0     00009d56  ldexp                            
0     00009d56  ldexpl                           
0     000096fa  main                             
0     0000b8de  memccpy                          
0     0000b0fe  memcpy                           
0     0000ba74  memset                           
0     0000a33e  myADC0_init                      
0     0000a581  myADC1_init                      
0     0000ae5b  myCPUTIMER0_init                 
0     0000b8ce  myGPIO0_init                     
0     0000b97e  myINPUTXBARINPUT0_init           
0     0000b98a  myINPUTXBARINPUT1_init           
0     0000b996  myINPUTXBARINPUT2_init           
0     0000a7f3  mySCI0_init                      
0     000087cc  oc_a_voltage                     
0     0000879f  oc_fault                         
0     000087c2  ps1                              
0     000087a2  ps1_isr_count                    
0     000087c3  ps2                              
0     000087a4  ps2_isr_count                    
0     000087c4  ps3                              
0     000087a6  ps3_isr_count                    
0     0000879a  pwm_armed                        
0     0000879d  pwm_cmpa                         
0     000087da  rx_buf                           
0     0000879e  rx_idx                           
0     00009d56  scalbn                           
0     00009d56  scalbnl                          
0     0000b8fd  sciSendChar                      
0     0000a3f2  snprintf                         
0     0000b9ae  strchr                           
0     0000ba86  strcpy                           
0     0000ba42  strlen                           
0     0000879b  target_duty_percent              
0     000087ac  time_per_pulse                   
0     000087aa  time_rotation                    
0     000087a0  timer0Count                      
0     0000b9db  wcslen                           


GLOBAL SYMBOLS: SORTED BY Symbol Address 

page  address   name                             
----  -------   ----                             
0     00000000  code_start                       
0     00000128  SysCtl_delay                     
0     0000013e  __TI_Handler_Table_Base          
0     00000144  __TI_Handler_Table_Limit         
0     00000148  __TI_CINIT_Base                  
0     00000150  __TI_CINIT_Limit                 
0     00000150  __TI_CINIT_Warm                  
0     00000400  __stack                          
0     00000600  __TI_STACK_END                   
0     0000830c  _ctypes_                         
0     00008796  counter                          
0     00008797  adcResult                        
0     00008798  last_sensor                      
0     00008799  current_state                    
0     0000879a  pwm_armed                        
0     0000879b  target_duty_percent              
0     0000879c  current_duty_percent             
0     0000879d  pwm_cmpa                         
0     0000879e  rx_idx                           
0     0000879f  oc_fault                         
0     000087a0  timer0Count                      
0     000087a2  ps1_isr_count                    
0     000087a4  ps2_isr_count                    
0     000087a6  ps3_isr_count                    
0     000087a8  current_timmer                   
0     000087aa  time_rotation                    
0     000087ac  time_per_pulse                   
0     000087ae  Rpm                              
0     000087b0  filtered_rpm                     
0     000087b2  current_limit_A                  
0     000087b6  __TI_enable_exit_profile_output  
0     000087b8  __TI_cleanup_ptr                 
0     000087ba  __TI_dtors_ptr                   
0     000087bc  _lock                            
0     000087be  _unlock                          
0     000087c0  errno                            
0     000087c2  ps1                              
0     000087c3  ps2                              
0     000087c4  ps3                              
0     000087c5  adc_raw                          
0     000087c6  code                             
0     000087c7  adca_soc0                        
0     000087c8  adca_soc1                        
0     000087c9  adca_soc2                        
0     000087ca  adcb_soc0                        
0     000087cb  adcb_soc1                        
0     000087cc  oc_a_voltage                     
0     000087ce  adc_v                            
0     000087d0  adca0_v                          
0     000087d2  adca1_v                          
0     000087d4  adca2_v                          
0     000087d6  adcb0_v                          
0     000087d8  adcb1_v                          
0     000087da  rx_buf                           
0     0000933b  __TI_printfi                     
0     000094c0  EPWM_init                        
0     000096fa  main                             
0     00009849  SysCtl_setClock                  
0     0000998a  PinMux_init                      
0     00009ab9  __c28xabi_divll                  
0     00009af5  __c28xabi_modll                  
0     00009b2f  __c28xabi_divull                 
0     00009b5e  __c28xabi_modull                 
0     00009bc0  SysCtl_isPLLValid                
0     00009caa  GPIO_setAnalogMode               
0     00009d56  ldexp                            
0     00009d56  ldexpl                           
0     00009d56  scalbn                           
0     00009d56  scalbnl                          
0     00009dff  __c28xabi_addd                   
0     00009e9b  INT_mySCI0_RX_ISR                
0     00009f2d  __c28xabi_divd                   
0     00009fb8  Device_init                      
0     0000a000  __c28xabi_divf                   
0     0000a088  __c28xabi_mpyd                   
0     0000a1fd  Device_enableAllPeripherals      
0     0000a26b  INT_PS1_XINT_ISR                 
0     0000a2d9  SysCtl_getClock                  
0     0000a33e  myADC0_init                      
0     0000a398  frexp                            
0     0000a398  frexpl                           
0     0000a3f2  snprintf                         
0     0000a44c  GPIO_setPadConfig                
0     0000a49e  Interrupt_disable                
0     0000a4ec  ADC_setOffsetTrimAll             
0     0000a538  CMPSS_configFilterHigh           
0     0000a581  myADC1_init                      
0     0000a5ca  SysCtl_selectOscSource           
0     0000a657  SysCtl_selectXTAL                
0     0000a69d  SCI_clearInterruptStatus         
0     0000a7af  SCI_enableInterrupt              
0     0000a7f3  mySCI0_init                      
0     0000a8b4  SCI_setConfig                    
0     0000a8f2  INTERRUPT_init                   
0     0000a92f  Interrupt_initModule             
0     0000a9a6  INT_mySCI0_TX_ISR                
0     0000a9de  GPIO_setInterruptPin             
0     0000aa15  GPIO_setPinConfig                
0     0000aa4c  GPIO_setQualificationMode        
0     0000aa83  INT_myCPUTIMER0_ISR              
0     0000aaba  Interrupt_enable                 
0     0000aaf1  INT_PS2_XINT_ISR                 
0     0000ab24  INT_PS3_XINT_ISR                 
0     0000ab57  GPIO_setDirectionMode            
0     0000ab88  atoi                             
0     0000abb9  __TI_ltoa                        
0     0000ac17  __TI_decompress_lzss             
0     0000ac72  CMPSS1_DAC_init                  
0     0000ac9d  __TI_auto_init_nobinit_nopinit   
0     0000ad1c  __c28xabi_cmpd                   
0     0000ad46  __c28xabi_divl                   
0     0000ad55  __c28xabi_modl                   
0     0000ad63  __c28xabi_divul                  
0     0000ad6a  __c28xabi_modul                  
0     0000ad70  C$$EXIT                          
0     0000ad70  abort                            
0     0000ad72  exit                             
0     0000ad99  ADC_setVREF                      
0     0000ae5b  myCPUTIMER0_init                 
0     0000ae81  SysCtl_selectXTALSingleEnded     
0     0000aeca  copysign                         
0     0000aeca  copysignl                        
0     0000af55  __c28xabi_dtoi                   
0     0000afd4  __c28xabi_dtol                   
0     0000b04d  Interrupt_initVectorTable        
0     0000b089  __c28xabi_cmpll                  
0     0000b09b  __c28xabi_cmpull                 
0     0000b0e1  __c28xabi_itod                   
0     0000b0fe  memcpy                           
0     0000b153  __c28xabi_ltod                   
0     0000b242  SysCtl_getLowSpeedClock          
0     0000b25c  Board_init                       
0     0000b398  __c28xabi_andll                  
0     0000b3a0  __c28xabi_orll                   
0     0000b3a8  __c28xabi_xorll                  
0     0000b496  _c_int00                         
0     0000b547  Interrupt_defaultHandler         
0     0000b72d  CPUTimer_setEmulationMode        
0     0000b85e  Device_initGPIO                  
0     0000b87e  LED1_init                        
0     0000b88e  PS1_init                         
0     0000b89e  PS2_init                         
0     0000b8ae  PS3_init                         
0     0000b8ce  myGPIO0_init                     
0     0000b8de  memccpy                          
0     0000b8fd  sciSendChar                      
0     0000b90c  __c28xabi_subd                   
0     0000b941  __TI_zero_init_nomemset          
0     0000b94e  PS1_XINT_init                    
0     0000b95a  PS2_XINT_init                    
0     0000b966  PS3_XINT_init                    
0     0000b97e  myINPUTXBARINPUT0_init           
0     0000b98a  myINPUTXBARINPUT1_init           
0     0000b996  myINPUTXBARINPUT2_init           
0     0000b9a2  _args_main                       
0     0000b9ae  strchr                           
0     0000b9ba  GPIO_init                        
0     0000b9db  wcslen                           
0     0000b9f0  Interrupt_illegalOperationHandler
0     0000b9fa  Interrupt_nmiHandler             
0     0000ba04  SYNC_init                        
0     0000ba0e  ASYSCTL_init                     
0     0000ba20  _register_unlock                 
0     0000ba24  _register_lock                   
0     0000ba28  _nop                             
0     0000ba29  __c28xabi_negd                   
0     0000ba32  __TI_decompress_none             
0     0000ba42  strlen                           
0     0000ba58  INPUTXBAR_init                   
0     0000ba66  XINT_init                        
0     0000ba6d  __error__                        
0     0000ba74  memset                           
0     0000ba81  ADC_init                         
0     0000ba86  strcpy                           
0     0000ba8f  CPUTIMER_init                    
0     0000ba92  SCI_init                         
0     0000ba95  _system_pre_init                 
0     0000ba97  C2000Ware_libraries_init         
0     0000ba98  _system_post_cinit               
abs   00000200  __TI_STACK_SIZE                  
abs   ffffffff  __TI_pprof_out_hndl              
abs   ffffffff  __TI_prof_data_size              
abs   ffffffff  __TI_prof_data_start             
n/a   UNDEFED   __c_args__                       

[184 symbols]
