<?xml version="1.0" encoding="ISO-8859-1" ?>
<link_info>
   <banner>TMS320C2000 Linker PC v22.6.3.LTS</banner>
   <copyright>Copyright (c) 1996-2018 Texas Instruments Incorporated</copyright>
   <link_time>0x69809198</link_time>
   <link_errors>0x0</link_errors>
   <output_file>MG.out</output_file>
   <entry_point>
      <name>code_start</name>
      <address>0x0</address>
   </entry_point>
   <input_file_list>
      <input_file id="fl-2">
         <path>.\syscfg\</path>
         <kind>object</kind>
         <file>board.obj</file>
         <name>board.obj</name>
      </input_file>
      <input_file id="fl-3">
         <path>.\syscfg\</path>
         <kind>object</kind>
         <file>c2000ware_libraries.obj</file>
         <name>c2000ware_libraries.obj</name>
      </input_file>
      <input_file id="fl-4">
         <path>.\</path>
         <kind>object</kind>
         <file>empty_driverlib_main.obj</file>
         <name>empty_driverlib_main.obj</name>
      </input_file>
      <input_file id="fl-5">
         <path>.\device\</path>
         <kind>object</kind>
         <file>device.obj</file>
         <name>device.obj</name>
      </input_file>
      <input_file id="fl-6">
         <path>.\device\</path>
         <kind>object</kind>
         <file>f280013x_codestartbranch.obj</file>
         <name>f280013x_codestartbranch.obj</name>
      </input_file>
      <input_file id="fl-c">
         <kind>object</kind>
         <file>&lt;internal&gt;</file>
         <name>&lt;internal&gt;</name>
      </input_file>
      <input_file id="fl-d">
         <path>C:\ti\C2000Ware_6_00_01_00\driverlib\f280013x\driverlib\ccs\Debug\</path>
         <kind>archive</kind>
         <file>driverlib.lib</file>
         <name>adc.obj</name>
      </input_file>
      <input_file id="fl-e">
         <path>C:\ti\C2000Ware_6_00_01_00\driverlib\f280013x\driverlib\ccs\Debug\</path>
         <kind>archive</kind>
         <file>driverlib.lib</file>
         <name>cputimer.obj</name>
      </input_file>
      <input_file id="fl-f">
         <path>C:\ti\C2000Ware_6_00_01_00\driverlib\f280013x\driverlib\ccs\Debug\</path>
         <kind>archive</kind>
         <file>driverlib.lib</file>
         <name>gpio.obj</name>
      </input_file>
      <input_file id="fl-10">
         <path>C:\ti\C2000Ware_6_00_01_00\driverlib\f280013x\driverlib\ccs\Debug\</path>
         <kind>archive</kind>
         <file>driverlib.lib</file>
         <name>interrupt.obj</name>
      </input_file>
      <input_file id="fl-11">
         <path>C:\ti\C2000Ware_6_00_01_00\driverlib\f280013x\driverlib\ccs\Debug\</path>
         <kind>archive</kind>
         <file>driverlib.lib</file>
         <name>sci.obj</name>
      </input_file>
      <input_file id="fl-12">
         <path>C:\ti\C2000Ware_6_00_01_00\driverlib\f280013x\driverlib\ccs\Debug\</path>
         <kind>archive</kind>
         <file>driverlib.lib</file>
         <name>sysctl.obj</name>
      </input_file>
      <input_file id="fl-1e">
         <path>C:\ti\ccs2040\ccs\tools\compiler\ti-cgt-c2000_22.6.3.LTS\lib\</path>
         <kind>archive</kind>
         <file>rts2800_fpu32_eabi.lib</file>
         <name>boot28.asm.obj</name>
      </input_file>
      <input_file id="fl-1f">
         <path>C:\ti\ccs2040\ccs\tools\compiler\ti-cgt-c2000_22.6.3.LTS\lib\</path>
         <kind>archive</kind>
         <file>rts2800_fpu32_eabi.lib</file>
         <name>fs_div28.asm.obj</name>
      </input_file>
      <input_file id="fl-20">
         <path>C:\ti\ccs2040\ccs\tools\compiler\ti-cgt-c2000_22.6.3.LTS\lib\</path>
         <kind>archive</kind>
         <file>rts2800_fpu32_eabi.lib</file>
         <name>ll_cmp28.asm.obj</name>
      </input_file>
      <input_file id="fl-21">
         <path>C:\ti\ccs2040\ccs\tools\compiler\ti-cgt-c2000_22.6.3.LTS\lib\</path>
         <kind>archive</kind>
         <file>rts2800_fpu32_eabi.lib</file>
         <name>pre_init.c.obj</name>
      </input_file>
      <input_file id="fl-22">
         <path>C:\ti\ccs2040\ccs\tools\compiler\ti-cgt-c2000_22.6.3.LTS\lib\</path>
         <kind>archive</kind>
         <file>rts2800_fpu32_eabi.lib</file>
         <name>autoinit.c.obj</name>
      </input_file>
      <input_file id="fl-23">
         <path>C:\ti\ccs2040\ccs\tools\compiler\ti-cgt-c2000_22.6.3.LTS\lib\</path>
         <kind>archive</kind>
         <file>rts2800_fpu32_eabi.lib</file>
         <name>copy_zero_init.c.obj</name>
      </input_file>
      <input_file id="fl-24">
         <path>C:\ti\ccs2040\ccs\tools\compiler\ti-cgt-c2000_22.6.3.LTS\lib\</path>
         <kind>archive</kind>
         <file>rts2800_fpu32_eabi.lib</file>
         <name>copy_decompress_none.c.obj</name>
      </input_file>
      <input_file id="fl-25">
         <path>C:\ti\ccs2040\ccs\tools\compiler\ti-cgt-c2000_22.6.3.LTS\lib\</path>
         <kind>archive</kind>
         <file>rts2800_fpu32_eabi.lib</file>
         <name>copy_decompress_lzss.c.obj</name>
      </input_file>
      <input_file id="fl-26">
         <path>C:\ti\ccs2040\ccs\tools\compiler\ti-cgt-c2000_22.6.3.LTS\lib\</path>
         <kind>archive</kind>
         <file>rts2800_fpu32_eabi.lib</file>
         <name>exit.c.obj</name>
      </input_file>
      <input_file id="fl-27">
         <path>C:\ti\ccs2040\ccs\tools\compiler\ti-cgt-c2000_22.6.3.LTS\lib\</path>
         <kind>archive</kind>
         <file>rts2800_fpu32_eabi.lib</file>
         <name>_lock.c.obj</name>
      </input_file>
      <input_file id="fl-28">
         <path>C:\ti\ccs2040\ccs\tools\compiler\ti-cgt-c2000_22.6.3.LTS\lib\</path>
         <kind>archive</kind>
         <file>rts2800_fpu32_eabi.lib</file>
         <name>args_main.c.obj</name>
      </input_file>
      <input_file id="fl-29">
         <path>C:\ti\ccs2040\ccs\tools\compiler\ti-cgt-c2000_22.6.3.LTS\lib\</path>
         <kind>archive</kind>
         <file>rts2800_fpu32_eabi.lib</file>
         <name>atoi.c.obj</name>
      </input_file>
      <input_file id="fl-2a">
         <path>C:\ti\ccs2040\ccs\tools\compiler\ti-cgt-c2000_22.6.3.LTS\lib\</path>
         <kind>archive</kind>
         <file>rts2800_fpu32_eabi.lib</file>
         <name>ctype.c.obj</name>
      </input_file>
      <input_file id="fl-2b">
         <path>C:\ti\ccs2040\ccs\tools\compiler\ti-cgt-c2000_22.6.3.LTS\lib\</path>
         <kind>archive</kind>
         <file>rts2800_fpu32_eabi.lib</file>
         <name>memset.c.obj</name>
      </input_file>
      <input_file id="fl-2c">
         <path>C:\ti\ccs2040\ccs\tools\compiler\ti-cgt-c2000_22.6.3.LTS\lib\</path>
         <kind>archive</kind>
         <file>rts2800_fpu32_eabi.lib</file>
         <name>cpy_tbl.c.obj</name>
      </input_file>
      <input_file id="fl-2d">
         <path>C:\ti\ccs2040\ccs\tools\compiler\ti-cgt-c2000_22.6.3.LTS\lib\</path>
         <kind>archive</kind>
         <file>rts2800_fpu32_eabi.lib</file>
         <name>memcpy.c.obj</name>
      </input_file>
      <input_file id="fl-2e">
         <path>C:\ti\ccs2040\ccs\tools\compiler\ti-cgt-c2000_22.6.3.LTS\lib\</path>
         <kind>archive</kind>
         <file>rts2800_fpu32_eabi.lib</file>
         <name>startup.c.obj</name>
      </input_file>
   </input_file_list>
   <object_component_list>
      <object_component id="oc-20">
         <name>codestart</name>
         <load_address>0x0</load_address>
         <run_address>0x0</run_address>
         <size>0x2</size>
         <input_file_ref idref="fl-6"/>
      </object_component>
      <object_component id="oc-356">
         <name>.TI.ramfunc</name>
         <load_address>0x128</load_address>
         <run_address>0x128</run_address>
         <size>0x4</size>
         <input_file_ref idref="fl-12"/>
      </object_component>
      <object_component id="oc-23b">
         <name>.text:C2000Ware_libraries_init</name>
         <load_address>0x86db</load_address>
         <run_address>0x86db</run_address>
         <size>0x1</size>
         <input_file_ref idref="fl-3"/>
      </object_component>
      <object_component id="oc-2e5">
         <name>.text:EPWM_init</name>
         <load_address>0x870e</load_address>
         <run_address>0x870e</run_address>
         <size>0x282</size>
         <input_file_ref idref="fl-2"/>
      </object_component>
      <object_component id="oc-287">
         <name>.text:SysCtl_setClock</name>
         <load_address>0x8990</load_address>
         <run_address>0x8990</run_address>
         <size>0x141</size>
         <input_file_ref idref="fl-12"/>
      </object_component>
      <object_component id="oc-2c1">
         <name>.text:PinMux_init</name>
         <load_address>0x8ad1</load_address>
         <run_address>0x8ad1</run_address>
         <size>0x13e</size>
         <input_file_ref idref="fl-2"/>
      </object_component>
      <object_component id="oc-1e9">
         <name>.text:main</name>
         <load_address>0x8c0f</load_address>
         <run_address>0x8c0f</run_address>
         <size>0x118</size>
         <input_file_ref idref="fl-4"/>
      </object_component>
      <object_component id="oc-369">
         <name>.text:SysCtl_isPLLValid</name>
         <load_address>0x8d27</load_address>
         <run_address>0x8d27</run_address>
         <size>0xea</size>
         <input_file_ref idref="fl-12"/>
      </object_component>
      <object_component id="oc-2b2">
         <name>.text:GPIO_setAnalogMode</name>
         <load_address>0x8e11</load_address>
         <run_address>0x8e11</run_address>
         <size>0xac</size>
         <input_file_ref idref="fl-f"/>
      </object_component>
      <object_component id="oc-5b">
         <name>.text:INT_mySCI0_RX_ISR</name>
         <load_address>0x8ebd</load_address>
         <run_address>0x8ebd</run_address>
         <size>0x92</size>
         <input_file_ref idref="fl-4"/>
      </object_component>
      <object_component id="oc-d3">
         <name>.text</name>
         <load_address>0x8f4f</load_address>
         <run_address>0x8f4f</run_address>
         <size>0x88</size>
         <input_file_ref idref="fl-1f"/>
      </object_component>
      <object_component id="oc-139">
         <name>.text:Interrupt_clearIFR</name>
         <load_address>0x8fd7</load_address>
         <run_address>0x8fd7</run_address>
         <size>0x7f</size>
         <input_file_ref idref="fl-10"/>
      </object_component>
      <object_component id="oc-501">
         <name>.text:DCC_setCounterSeeds</name>
         <load_address>0x9056</load_address>
         <run_address>0x9056</run_address>
         <size>0x73</size>
         <input_file_ref idref="fl-12"/>
      </object_component>
      <object_component id="oc-2a6">
         <name>.text:Device_enableAllPeripherals</name>
         <load_address>0x90c9</load_address>
         <run_address>0x90c9</run_address>
         <size>0x6e</size>
         <input_file_ref idref="fl-5"/>
      </object_component>
      <object_component id="oc-31">
         <name>.text:INT_PS1_XINT_ISR</name>
         <load_address>0x9137</load_address>
         <run_address>0x9137</run_address>
         <size>0x6e</size>
         <input_file_ref idref="fl-4"/>
      </object_component>
      <object_component id="oc-293">
         <name>.text:SysCtl_getClock</name>
         <load_address>0x91a5</load_address>
         <run_address>0x91a5</run_address>
         <size>0x65</size>
         <input_file_ref idref="fl-12"/>
      </object_component>
      <object_component id="oc-26">
         <name>.text:INTERRUPT_init</name>
         <load_address>0x920a</load_address>
         <run_address>0x920a</run_address>
         <size>0x61</size>
         <input_file_ref idref="fl-2"/>
      </object_component>
      <object_component id="oc-3de">
         <name>.text:myADC0_init</name>
         <load_address>0x926b</load_address>
         <run_address>0x926b</run_address>
         <size>0x5a</size>
         <input_file_ref idref="fl-2"/>
      </object_component>
      <object_component id="oc-386">
         <name>.text:GPIO_setPadConfig</name>
         <load_address>0x92c5</load_address>
         <run_address>0x92c5</run_address>
         <size>0x52</size>
         <input_file_ref idref="fl-f"/>
      </object_component>
      <object_component id="oc-a8">
         <name>.text:Interrupt_disable</name>
         <load_address>0x9317</load_address>
         <run_address>0x9317</run_address>
         <size>0x4e</size>
         <input_file_ref idref="fl-10"/>
      </object_component>
      <object_component id="oc-63f">
         <name>.text:ADC_setOffsetTrimAll</name>
         <load_address>0x9365</load_address>
         <run_address>0x9365</run_address>
         <size>0x4c</size>
         <input_file_ref idref="fl-d"/>
      </object_component>
      <object_component id="oc-3e4">
         <name>.text:myADC1_init</name>
         <load_address>0x93b1</load_address>
         <run_address>0x93b1</run_address>
         <size>0x49</size>
         <input_file_ref idref="fl-2"/>
      </object_component>
      <object_component id="oc-217">
         <name>.text:Device_init</name>
         <load_address>0x93fa</load_address>
         <run_address>0x93fa</run_address>
         <size>0x48</size>
         <input_file_ref idref="fl-5"/>
      </object_component>
      <object_component id="oc-22f">
         <name>.text:SysCtl_selectOscSource</name>
         <load_address>0x9442</load_address>
         <run_address>0x9442</run_address>
         <size>0x47</size>
         <input_file_ref idref="fl-12"/>
      </object_component>
      <object_component id="oc-564">
         <name>.text:ADC_setupSOC</name>
         <load_address>0x9489</load_address>
         <run_address>0x9489</run_address>
         <size>0x46</size>
         <input_file_ref idref="fl-2"/>
      </object_component>
      <object_component id="oc-305">
         <name>.text:SysCtl_selectXTAL</name>
         <load_address>0x94cf</load_address>
         <run_address>0x94cf</run_address>
         <size>0x46</size>
         <input_file_ref idref="fl-12"/>
      </object_component>
      <object_component id="oc-e4">
         <name>.text:SCI_clearInterruptStatus</name>
         <load_address>0x9515</load_address>
         <run_address>0x9515</run_address>
         <size>0x45</size>
         <input_file_ref idref="fl-11"/>
      </object_component>
      <object_component id="oc-4b1">
         <name>.text:SysCtl_pollX1Counter</name>
         <load_address>0x955a</load_address>
         <run_address>0x955a</run_address>
         <size>0x45</size>
         <input_file_ref idref="fl-12"/>
      </object_component>
      <object_component id="oc-519">
         <name>.text:GPIO_isPinValid</name>
         <load_address>0x959f</load_address>
         <run_address>0x959f</run_address>
         <size>0x44</size>
         <input_file_ref idref="fl-f"/>
      </object_component>
      <object_component id="oc-338">
         <name>.text:GPIO_isPinValid</name>
         <load_address>0x95e3</load_address>
         <run_address>0x95e3</run_address>
         <size>0x44</size>
         <input_file_ref idref="fl-4"/>
      </object_component>
      <object_component id="oc-5ee">
         <name>.text:SCI_enableInterrupt</name>
         <load_address>0x9627</load_address>
         <run_address>0x9627</run_address>
         <size>0x44</size>
         <input_file_ref idref="fl-11"/>
      </object_component>
      <object_component id="oc-497">
         <name>.text:mySCI0_init</name>
         <load_address>0x966b</load_address>
         <run_address>0x966b</run_address>
         <size>0x43</size>
         <input_file_ref idref="fl-2"/>
      </object_component>
      <object_component id="oc-42e">
         <name>.text:EPWM_setActionQualifierAction</name>
         <load_address>0x96ae</load_address>
         <run_address>0x96ae</run_address>
         <size>0x40</size>
         <input_file_ref idref="fl-2"/>
      </object_component>
      <object_component id="oc-41c">
         <name>.text:EPWM_setCounterCompareShadowLoadMode</name>
         <load_address>0x96ee</load_address>
         <run_address>0x96ee</run_address>
         <size>0x3e</size>
         <input_file_ref idref="fl-2"/>
      </object_component>
      <object_component id="oc-5dc">
         <name>.text:SCI_setConfig</name>
         <load_address>0x972c</load_address>
         <run_address>0x972c</run_address>
         <size>0x3e</size>
         <input_file_ref idref="fl-11"/>
      </object_component>
      <object_component id="oc-223">
         <name>.text:Interrupt_initModule</name>
         <load_address>0x976a</load_address>
         <run_address>0x976a</run_address>
         <size>0x3d</size>
         <input_file_ref idref="fl-10"/>
      </object_component>
      <object_component id="oc-428">
         <name>.text:EPWM_setActionQualifierShadowLoadMode</name>
         <load_address>0x97a7</load_address>
         <run_address>0x97a7</run_address>
         <size>0x3a</size>
         <input_file_ref idref="fl-2"/>
      </object_component>
      <object_component id="oc-55">
         <name>.text:INT_mySCI0_TX_ISR</name>
         <load_address>0x97e1</load_address>
         <run_address>0x97e1</run_address>
         <size>0x38</size>
         <input_file_ref idref="fl-4"/>
      </object_component>
      <object_component id="oc-60d">
         <name>.text:GPIO_setInterruptPin</name>
         <load_address>0x9819</load_address>
         <run_address>0x9819</run_address>
         <size>0x37</size>
         <input_file_ref idref="fl-f"/>
      </object_component>
      <object_component id="oc-380">
         <name>.text:GPIO_setPinConfig</name>
         <load_address>0x9850</load_address>
         <run_address>0x9850</run_address>
         <size>0x37</size>
         <input_file_ref idref="fl-f"/>
      </object_component>
      <object_component id="oc-38c">
         <name>.text:GPIO_setQualificationMode</name>
         <load_address>0x9887</load_address>
         <run_address>0x9887</run_address>
         <size>0x37</size>
         <input_file_ref idref="fl-f"/>
      </object_component>
      <object_component id="oc-ae">
         <name>.text:Interrupt_enable</name>
         <load_address>0x98be</load_address>
         <run_address>0x98be</run_address>
         <size>0x37</size>
         <input_file_ref idref="fl-10"/>
      </object_component>
      <object_component id="oc-43">
         <name>.text:INT_PWM3_TZ_ISR</name>
         <load_address>0x98f5</load_address>
         <run_address>0x98f5</run_address>
         <size>0x34</size>
         <input_file_ref idref="fl-4"/>
      </object_component>
      <object_component id="oc-49">
         <name>.text:INT_PWM4_TZ_ISR</name>
         <load_address>0x9929</load_address>
         <run_address>0x9929</run_address>
         <size>0x34</size>
         <input_file_ref idref="fl-4"/>
      </object_component>
      <object_component id="oc-4f">
         <name>.text:INT_PWM5_TZ_ISR</name>
         <load_address>0x995d</load_address>
         <run_address>0x995d</run_address>
         <size>0x34</size>
         <input_file_ref idref="fl-4"/>
      </object_component>
      <object_component id="oc-37">
         <name>.text:INT_PS2_XINT_ISR</name>
         <load_address>0x9991</load_address>
         <run_address>0x9991</run_address>
         <size>0x33</size>
         <input_file_ref idref="fl-4"/>
      </object_component>
      <object_component id="oc-3d">
         <name>.text:INT_PS3_XINT_ISR</name>
         <load_address>0x99c4</load_address>
         <run_address>0x99c4</run_address>
         <size>0x33</size>
         <input_file_ref idref="fl-4"/>
      </object_component>
      <object_component id="oc-25">
         <name>.text:INT_myCPUTIMER0_ISR</name>
         <load_address>0x99f7</load_address>
         <run_address>0x99f7</run_address>
         <size>0x32</size>
         <input_file_ref idref="fl-4"/>
      </object_component>
      <object_component id="oc-5b6">
         <name>.text:GPIO_setDirectionMode</name>
         <load_address>0x9a29</load_address>
         <run_address>0x9a29</run_address>
         <size>0x31</size>
         <input_file_ref idref="fl-f"/>
      </object_component>
      <object_component id="oc-f4">
         <name>.text</name>
         <load_address>0x9a5a</load_address>
         <run_address>0x9a5a</run_address>
         <size>0x31</size>
         <input_file_ref idref="fl-29"/>
      </object_component>
      <object_component id="oc-56a">
         <name>.text:ADC_setInterruptSOCTrigger</name>
         <load_address>0x9a8b</load_address>
         <run_address>0x9a8b</run_address>
         <size>0x2e</size>
         <input_file_ref idref="fl-2"/>
      </object_component>
      <object_component id="oc-13">
         <name>.text:decompress:lzss</name>
         <load_address>0x9ab9</load_address>
         <run_address>0x9ab9</run_address>
         <size>0x2e</size>
         <input_file_ref idref="fl-25"/>
      </object_component>
      <object_component id="oc-32a">
         <name>.text:CMPSS_DAC_code_12bit</name>
         <load_address>0x9ae7</load_address>
         <run_address>0x9ae7</run_address>
         <size>0x2d</size>
         <input_file_ref idref="fl-4"/>
      </object_component>
      <object_component id="oc-434">
         <name>.text:EPWM_setActionQualifierContSWForceAction</name>
         <load_address>0x9b14</load_address>
         <run_address>0x9b14</run_address>
         <size>0x2c</size>
         <input_file_ref idref="fl-2"/>
      </object_component>
      <object_component id="oc-1b9">
         <name>.text:__TI_auto_init_nobinit_nopinit</name>
         <load_address>0x9b40</load_address>
         <run_address>0x9b40</run_address>
         <size>0x2b</size>
         <input_file_ref idref="fl-22"/>
      </object_component>
      <object_component id="oc-521">
         <name>.text:XBAR_setInputPin</name>
         <load_address>0x9b6b</load_address>
         <run_address>0x9b6b</run_address>
         <size>0x2a</size>
         <input_file_ref idref="fl-2"/>
      </object_component>
      <object_component id="oc-68a">
         <name>.text:XBAR_setInputPin</name>
         <load_address>0x9b95</load_address>
         <run_address>0x9b95</run_address>
         <size>0x2a</size>
         <input_file_ref idref="fl-f"/>
      </object_component>
      <object_component id="oc-198">
         <name>.text</name>
         <load_address>0x9bbf</load_address>
         <run_address>0x9bbf</run_address>
         <size>0x29</size>
         <input_file_ref idref="fl-26"/>
      </object_component>
      <object_component id="oc-53a">
         <name>.text:ADC_setVREF</name>
         <load_address>0x9be8</load_address>
         <run_address>0x9be8</run_address>
         <size>0x27</size>
         <input_file_ref idref="fl-d"/>
      </object_component>
      <object_component id="oc-24d">
         <name>.text:CurrentLimit_to_DAC_Code</name>
         <load_address>0x9c0f</load_address>
         <run_address>0x9c0f</run_address>
         <size>0x27</size>
         <input_file_ref idref="fl-4"/>
      </object_component>
      <object_component id="oc-59d">
         <name>.text:EPWM_isBaseValid</name>
         <load_address>0x9c36</load_address>
         <run_address>0x9c36</run_address>
         <size>0x27</size>
         <input_file_ref idref="fl-2"/>
      </object_component>
      <object_component id="oc-154">
         <name>.text:EPWM_isBaseValid</name>
         <load_address>0x9c5d</load_address>
         <run_address>0x9c5d</run_address>
         <size>0x27</size>
         <input_file_ref idref="fl-4"/>
      </object_component>
      <object_component id="oc-5f4">
         <name>.text:SCI_setFIFOInterruptLevel</name>
         <load_address>0x9c84</load_address>
         <run_address>0x9c84</run_address>
         <size>0x26</size>
         <input_file_ref idref="fl-2"/>
      </object_component>
      <object_component id="oc-3eb">
         <name>.text:myCPUTIMER0_init</name>
         <load_address>0x9caa</load_address>
         <run_address>0x9caa</run_address>
         <size>0x26</size>
         <input_file_ref idref="fl-2"/>
      </object_component>
      <object_component id="oc-30b">
         <name>.text:SysCtl_selectXTALSingleEnded</name>
         <load_address>0x9cd0</load_address>
         <run_address>0x9cd0</run_address>
         <size>0x25</size>
         <input_file_ref idref="fl-12"/>
      </object_component>
      <object_component id="oc-507">
         <name>.text:DCC_enableSingleShotMode</name>
         <load_address>0x9cf5</load_address>
         <run_address>0x9cf5</run_address>
         <size>0x24</size>
         <input_file_ref idref="fl-12"/>
      </object_component>
      <object_component id="oc-259">
         <name>.text:GPIO_readPin</name>
         <load_address>0x9d19</load_address>
         <run_address>0x9d19</run_address>
         <size>0x23</size>
         <input_file_ref idref="fl-4"/>
      </object_component>
      <object_component id="oc-416">
         <name>.text:EPWM_setCounterCompareValue</name>
         <load_address>0x9d3c</load_address>
         <run_address>0x9d3c</run_address>
         <size>0x22</size>
         <input_file_ref idref="fl-2"/>
      </object_component>
      <object_component id="oc-25f">
         <name>.text:EPWM_setCounterCompareValue</name>
         <load_address>0x9d5e</load_address>
         <run_address>0x9d5e</run_address>
         <size>0x22</size>
         <input_file_ref idref="fl-4"/>
      </object_component>
      <object_component id="oc-452">
         <name>.text:EPWM_setTripZoneAction</name>
         <load_address>0x9d80</load_address>
         <run_address>0x9d80</run_address>
         <size>0x22</size>
         <input_file_ref idref="fl-2"/>
      </object_component>
      <object_component id="oc-235">
         <name>.text:SysCtl_turnOffOsc</name>
         <load_address>0x9da2</load_address>
         <run_address>0x9da2</run_address>
         <size>0x20</size>
         <input_file_ref idref="fl-4"/>
      </object_component>
      <object_component id="oc-db">
         <name>.text:EPWM_clearTripZoneFlag</name>
         <load_address>0x9dc2</load_address>
         <run_address>0x9dc2</run_address>
         <size>0x1f</size>
         <input_file_ref idref="fl-4"/>
      </object_component>
      <object_component id="oc-446">
         <name>.text:EPWM_setFallingEdgeDelayCountShadowLoadMode</name>
         <load_address>0x9de1</load_address>
         <run_address>0x9de1</run_address>
         <size>0x1f</size>
         <input_file_ref idref="fl-2"/>
      </object_component>
      <object_component id="oc-43a">
         <name>.text:EPWM_setRisingEdgeDelayCountShadowLoadMode</name>
         <load_address>0x9e00</load_address>
         <run_address>0x9e00</run_address>
         <size>0x1f</size>
         <input_file_ref idref="fl-2"/>
      </object_component>
      <object_component id="oc-4f5">
         <name>.text:DCC_setCounter0ClkSource</name>
         <load_address>0x9e1f</load_address>
         <run_address>0x9e1f</run_address>
         <size>0x1e</size>
         <input_file_ref idref="fl-12"/>
      </object_component>
      <object_component id="oc-4fb">
         <name>.text:DCC_setCounter1ClkSource</name>
         <load_address>0x9e3d</load_address>
         <run_address>0x9e3d</run_address>
         <size>0x1e</size>
         <input_file_ref idref="fl-12"/>
      </object_component>
      <object_component id="oc-410">
         <name>.text:EPWM_setPhaseShift</name>
         <load_address>0x9e5b</load_address>
         <run_address>0x9e5b</run_address>
         <size>0x1e</size>
         <input_file_ref idref="fl-2"/>
      </object_component>
      <object_component id="oc-67">
         <name>.text:Interrupt_initVectorTable</name>
         <load_address>0x9e79</load_address>
         <run_address>0x9e79</run_address>
         <size>0x1e</size>
         <input_file_ref idref="fl-10"/>
      </object_component>
      <object_component id="oc-eb">
         <name>.text:SCI_readCharBlockingFIFO</name>
         <load_address>0x9e97</load_address>
         <run_address>0x9e97</run_address>
         <size>0x1e</size>
         <input_file_ref idref="fl-4"/>
      </object_component>
      <object_component id="oc-253">
         <name>.text:CMPSS_setDACValueLow</name>
         <load_address>0x9eb5</load_address>
         <run_address>0x9eb5</run_address>
         <size>0x1d</size>
         <input_file_ref idref="fl-4"/>
      </object_component>
      <object_component id="oc-5fa">
         <name>.text:SCI_enableFIFO</name>
         <load_address>0x9ed2</load_address>
         <run_address>0x9ed2</run_address>
         <size>0x1d</size>
         <input_file_ref idref="fl-2"/>
      </object_component>
      <object_component id="oc-7c">
         <name>.text</name>
         <load_address>0x9eef</load_address>
         <run_address>0x9eef</run_address>
         <size>0x1d</size>
         <input_file_ref idref="fl-2d"/>
      </object_component>
      <object_component id="oc-55e">
         <name>.text:ADC_setSOCPriority</name>
         <load_address>0x9f0c</load_address>
         <run_address>0x9f0c</run_address>
         <size>0x1c</size>
         <input_file_ref idref="fl-2"/>
      </object_component>
      <object_component id="oc-3f2">
         <name>.text:EPWM_setClockPrescaler</name>
         <load_address>0x9f28</load_address>
         <run_address>0x9f28</run_address>
         <size>0x1c</size>
         <input_file_ref idref="fl-2"/>
      </object_component>
      <object_component id="oc-229">
         <name>.text:Board_init</name>
         <load_address>0x9f44</load_address>
         <run_address>0x9f44</run_address>
         <size>0x1b</size>
         <input_file_ref idref="fl-2"/>
      </object_component>
      <object_component id="oc-331">
         <name>.text:CMPSS_isBaseValid</name>
         <load_address>0x9f5f</load_address>
         <run_address>0x9f5f</run_address>
         <size>0x1b</size>
         <input_file_ref idref="fl-4"/>
      </object_component>
      <object_component id="oc-357">
         <name>.text:SysCtl_setIntOSC2_Mode</name>
         <load_address>0x9f7a</load_address>
         <run_address>0x9f7a</run_address>
         <size>0x1b</size>
         <input_file_ref idref="fl-12"/>
      </object_component>
      <object_component id="oc-3d1">
         <name>.text:ASysCtl_setAnalogReference1P65</name>
         <load_address>0x9f95</load_address>
         <run_address>0x9f95</run_address>
         <size>0x1a</size>
         <input_file_ref idref="fl-2"/>
      </object_component>
      <object_component id="oc-596">
         <name>.text:CPUTimer_startTimer</name>
         <load_address>0x9faf</load_address>
         <run_address>0x9faf</run_address>
         <size>0x1a</size>
         <input_file_ref idref="fl-2"/>
      </object_component>
      <object_component id="oc-cd">
         <name>.text:CPUTimer_startTimer</name>
         <load_address>0x9fc9</load_address>
         <run_address>0x9fc9</run_address>
         <size>0x1a</size>
         <input_file_ref idref="fl-4"/>
      </object_component>
      <object_component id="oc-422">
         <name>.text:EPWM_disableActionQualifierShadowLoadMode</name>
         <load_address>0x9fe3</load_address>
         <run_address>0x9fe3</run_address>
         <size>0x1a</size>
         <input_file_ref idref="fl-2"/>
      </object_component>
      <object_component id="oc-2df">
         <name>.text:CPUTIMER_init</name>
         <load_address>0x9ffd</load_address>
         <run_address>0x9ffd</run_address>
         <size>0x3</size>
         <input_file_ref idref="fl-2"/>
      </object_component>
      <object_component id="oc-29a">
         <name>.text:SysCtl_getLowSpeedClock</name>
         <load_address>0xa000</load_address>
         <run_address>0xa000</run_address>
         <size>0x1a</size>
         <input_file_ref idref="fl-12"/>
      </object_component>
      <object_component id="oc-363">
         <name>.text:SysCtl_setPLLSysClk</name>
         <load_address>0xa01a</load_address>
         <run_address>0xa01a</run_address>
         <size>0x19</size>
         <input_file_ref idref="fl-12"/>
      </object_component>
      <object_component id="oc-527">
         <name>.text:XBAR_lockInput</name>
         <load_address>0xa033</load_address>
         <run_address>0xa033</run_address>
         <size>0x19</size>
         <input_file_ref idref="fl-2"/>
      </object_component>
      <object_component id="oc-3cb">
         <name>.text:ASysCtl_setAnalogReferenceInternal</name>
         <load_address>0xa04c</load_address>
         <run_address>0xa04c</run_address>
         <size>0x18</size>
         <input_file_ref idref="fl-2"/>
      </object_component>
      <object_component id="oc-44c">
         <name>.text:EPWM_disableFallingEdgeDelayCountShadowLoadMode</name>
         <load_address>0xa064</load_address>
         <run_address>0xa064</run_address>
         <size>0x18</size>
         <input_file_ref idref="fl-2"/>
      </object_component>
      <object_component id="oc-440">
         <name>.text:EPWM_disableRisingEdgeDelayCountShadowLoadMode</name>
         <load_address>0xa07c</load_address>
         <run_address>0xa07c</run_address>
         <size>0x18</size>
         <input_file_ref idref="fl-2"/>
      </object_component>
      <object_component id="oc-676">
         <name>.text:SCI_disableModule</name>
         <load_address>0xa094</load_address>
         <run_address>0xa094</run_address>
         <size>0x18</size>
         <input_file_ref idref="fl-11"/>
      </object_component>
      <object_component id="oc-5e8">
         <name>.text:SCI_performSoftwareReset</name>
         <load_address>0xa0ac</load_address>
         <run_address>0xa0ac</run_address>
         <size>0x18</size>
         <input_file_ref idref="fl-2"/>
      </object_component>
      <object_component id="oc-162">
         <name>.text:SCI_performSoftwareReset</name>
         <load_address>0xa0c4</load_address>
         <run_address>0xa0c4</run_address>
         <size>0x18</size>
         <input_file_ref idref="fl-11"/>
      </object_component>
      <object_component id="oc-5d6">
         <name>.text:SCI_resetChannels</name>
         <load_address>0xa0dc</load_address>
         <run_address>0xa0dc</run_address>
         <size>0x18</size>
         <input_file_ref idref="fl-2"/>
      </object_component>
      <object_component id="oc-5d0">
         <name>.text:SCI_resetRxFIFO</name>
         <load_address>0xa0f4</load_address>
         <run_address>0xa0f4</run_address>
         <size>0x18</size>
         <input_file_ref idref="fl-2"/>
      </object_component>
      <object_component id="oc-5ca">
         <name>.text:SCI_resetTxFIFO</name>
         <load_address>0xa10c</load_address>
         <run_address>0xa10c</run_address>
         <size>0x18</size>
         <input_file_ref idref="fl-2"/>
      </object_component>
      <object_component id="oc-3d7">
         <name>.text:ASysCtl_enableCMPSSExternalDAC</name>
         <load_address>0xa124</load_address>
         <run_address>0xa124</run_address>
         <size>0x17</size>
         <input_file_ref idref="fl-2"/>
      </object_component>
      <object_component id="oc-65e">
         <name>.text:CPUTimer_isBaseValid</name>
         <load_address>0xa13b</load_address>
         <run_address>0xa13b</run_address>
         <size>0x17</size>
         <input_file_ref idref="fl-2"/>
      </object_component>
      <object_component id="oc-655">
         <name>.text:CPUTimer_isBaseValid</name>
         <load_address>0xa152</load_address>
         <run_address>0xa152</run_address>
         <size>0x17</size>
         <input_file_ref idref="fl-e"/>
      </object_component>
      <object_component id="oc-123">
         <name>.text:CPUTimer_isBaseValid</name>
         <load_address>0xa169</load_address>
         <run_address>0xa169</run_address>
         <size>0x17</size>
         <input_file_ref idref="fl-4"/>
      </object_component>
      <object_component id="oc-578">
         <name>.text:CPUTimer_setPreScaler</name>
         <load_address>0xa180</load_address>
         <run_address>0xa180</run_address>
         <size>0x17</size>
         <input_file_ref idref="fl-2"/>
      </object_component>
      <object_component id="oc-66c">
         <name>.text:SCI_isBaseValid</name>
         <load_address>0xa197</load_address>
         <run_address>0xa197</run_address>
         <size>0x17</size>
         <input_file_ref idref="fl-2"/>
      </object_component>
      <object_component id="oc-15b">
         <name>.text:SCI_isBaseValid</name>
         <load_address>0xa1ae</load_address>
         <run_address>0xa1ae</run_address>
         <size>0x17</size>
         <input_file_ref idref="fl-11"/>
      </object_component>
      <object_component id="oc-16a">
         <name>.text:SCI_isBaseValid</name>
         <load_address>0xa1c5</load_address>
         <run_address>0xa1c5</run_address>
         <size>0x17</size>
         <input_file_ref idref="fl-4"/>
      </object_component>
      <object_component id="oc-374">
         <name>.text:SysCtl_enablePeripheral</name>
         <load_address>0xa1dc</load_address>
         <run_address>0xa1dc</run_address>
         <size>0x17</size>
         <input_file_ref idref="fl-5"/>
      </object_component>
      <object_component id="oc-4d1">
         <name>.text:SysCtl_enablePeripheral</name>
         <load_address>0xa1f3</load_address>
         <run_address>0xa1f3</run_address>
         <size>0x17</size>
         <input_file_ref idref="fl-12"/>
      </object_component>
      <object_component id="oc-316">
         <name>.text:SysCtl_enablePeripheral</name>
         <load_address>0xa20a</load_address>
         <run_address>0xa20a</run_address>
         <size>0x17</size>
         <input_file_ref idref="fl-4"/>
      </object_component>
      <object_component id="oc-11d">
         <name>.text</name>
         <load_address>0xa221</load_address>
         <run_address>0xa221</run_address>
         <size>0x17</size>
         <input_file_ref idref="fl-1e"/>
      </object_component>
      <object_component id="oc-54c">
         <name>.text:ADC_setInterruptCycleOffset</name>
         <load_address>0xa238</load_address>
         <run_address>0xa238</run_address>
         <size>0x16</size>
         <input_file_ref idref="fl-2"/>
      </object_component>
      <object_component id="oc-546">
         <name>.text:ADC_setInterruptPulseMode</name>
         <load_address>0xa24e</load_address>
         <run_address>0xa24e</run_address>
         <size>0x16</size>
         <input_file_ref idref="fl-2"/>
      </object_component>
      <object_component id="oc-540">
         <name>.text:ADC_setPrescaler</name>
         <load_address>0xa264</load_address>
         <run_address>0xa264</run_address>
         <size>0x16</size>
         <input_file_ref idref="fl-2"/>
      </object_component>
      <object_component id="oc-322">
         <name>.text:CMPSS_configDAC</name>
         <load_address>0xa27a</load_address>
         <run_address>0xa27a</run_address>
         <size>0x16</size>
         <input_file_ref idref="fl-4"/>
      </object_component>
      <object_component id="oc-4ef">
         <name>.text:DCC_disableDoneSignal</name>
         <load_address>0xa290</load_address>
         <run_address>0xa290</run_address>
         <size>0x16</size>
         <input_file_ref idref="fl-12"/>
      </object_component>
      <object_component id="oc-458">
         <name>.text:EPWM_enableTripZoneSignals</name>
         <load_address>0xa2a6</load_address>
         <run_address>0xa2a6</run_address>
         <size>0x16</size>
         <input_file_ref idref="fl-2"/>
      </object_component>
      <object_component id="oc-61">
         <name>.text:Interrupt_defaultHandler</name>
         <load_address>0xa2bc</load_address>
         <run_address>0xa2bc</run_address>
         <size>0x16</size>
         <input_file_ref idref="fl-10"/>
      </object_component>
      <object_component id="oc-558">
         <name>.text:ADC_disableBurstMode</name>
         <load_address>0xa2d2</load_address>
         <run_address>0xa2d2</run_address>
         <size>0x15</size>
         <input_file_ref idref="fl-2"/>
      </object_component>
      <object_component id="oc-584">
         <name>.text:CPUTimer_enableInterrupt</name>
         <load_address>0xa2e7</load_address>
         <run_address>0xa2e7</run_address>
         <size>0x15</size>
         <input_file_ref idref="fl-2"/>
      </object_component>
      <object_component id="oc-4dd">
         <name>.text:DCC_clearDoneFlag</name>
         <load_address>0xa2fc</load_address>
         <run_address>0xa2fc</run_address>
         <size>0x15</size>
         <input_file_ref idref="fl-12"/>
      </object_component>
      <object_component id="oc-4d7">
         <name>.text:DCC_clearErrorFlag</name>
         <load_address>0xa311</load_address>
         <run_address>0xa311</run_address>
         <size>0x15</size>
         <input_file_ref idref="fl-12"/>
      </object_component>
      <object_component id="oc-4e9">
         <name>.text:DCC_disableErrorSignal</name>
         <load_address>0xa326</load_address>
         <run_address>0xa326</run_address>
         <size>0x15</size>
         <input_file_ref idref="fl-12"/>
      </object_component>
      <object_component id="oc-2b9">
         <name>.text:GPIO_unlockPortConfig</name>
         <load_address>0xa33b</load_address>
         <run_address>0xa33b</run_address>
         <size>0x15</size>
         <input_file_ref idref="fl-5"/>
      </object_component>
      <object_component id="oc-590">
         <name>.text:CPUTimer_reloadTimerCounter</name>
         <load_address>0xa350</load_address>
         <run_address>0xa350</run_address>
         <size>0x14</size>
         <input_file_ref idref="fl-2"/>
      </object_component>
      <object_component id="oc-c7">
         <name>.text:CPUTimer_reloadTimerCounter</name>
         <load_address>0xa364</load_address>
         <run_address>0xa364</run_address>
         <size>0x14</size>
         <input_file_ref idref="fl-4"/>
      </object_component>
      <object_component id="oc-58a">
         <name>.text:CPUTimer_stopTimer</name>
         <load_address>0xa378</load_address>
         <run_address>0xa378</run_address>
         <size>0x14</size>
         <input_file_ref idref="fl-2"/>
      </object_component>
      <object_component id="oc-bb">
         <name>.text:CPUTimer_stopTimer</name>
         <load_address>0xa38c</load_address>
         <run_address>0xa38c</run_address>
         <size>0x14</size>
         <input_file_ref idref="fl-4"/>
      </object_component>
      <object_component id="oc-4e3">
         <name>.text:DCC_disableModule</name>
         <load_address>0xa3a0</load_address>
         <run_address>0xa3a0</run_address>
         <size>0x14</size>
         <input_file_ref idref="fl-12"/>
      </object_component>
      <object_component id="oc-50d">
         <name>.text:DCC_enableModule</name>
         <load_address>0xa3b4</load_address>
         <run_address>0xa3b4</run_address>
         <size>0x14</size>
         <input_file_ref idref="fl-12"/>
      </object_component>
      <object_component id="oc-404">
         <name>.text:EPWM_setTimeBaseCounterMode</name>
         <load_address>0xa3c8</load_address>
         <run_address>0xa3c8</run_address>
         <size>0x14</size>
         <input_file_ref idref="fl-2"/>
      </object_component>
      <object_component id="oc-3f8">
         <name>.text:EPWM_setTimeBasePeriod</name>
         <load_address>0xa3dc</load_address>
         <run_address>0xa3dc</run_address>
         <size>0x14</size>
         <input_file_ref idref="fl-2"/>
      </object_component>
      <object_component id="oc-247">
         <name>.text:EPWM_setTimeBasePeriod</name>
         <load_address>0xa3f0</load_address>
         <run_address>0xa3f0</run_address>
         <size>0x14</size>
         <input_file_ref idref="fl-4"/>
      </object_component>
      <object_component id="oc-fa">
         <name>.text:SCI_getRxFIFOStatus</name>
         <load_address>0xa404</load_address>
         <run_address>0xa404</run_address>
         <size>0x14</size>
         <input_file_ref idref="fl-4"/>
      </object_component>
      <object_component id="oc-552">
         <name>.text:ADC_enableConverter</name>
         <load_address>0xa418</load_address>
         <run_address>0xa418</run_address>
         <size>0x13</size>
         <input_file_ref idref="fl-2"/>
      </object_component>
      <object_component id="oc-647">
         <name>.text:ADC_isBaseValid</name>
         <load_address>0xa42b</load_address>
         <run_address>0xa42b</run_address>
         <size>0x13</size>
         <input_file_ref idref="fl-2"/>
      </object_component>
      <object_component id="oc-638">
         <name>.text:ADC_isBaseValid</name>
         <load_address>0xa43e</load_address>
         <run_address>0xa43e</run_address>
         <size>0x13</size>
         <input_file_ref idref="fl-d"/>
      </object_component>
      <object_component id="oc-31c">
         <name>.text:CMPSS_enableModule</name>
         <load_address>0xa451</load_address>
         <run_address>0xa451</run_address>
         <size>0x13</size>
         <input_file_ref idref="fl-4"/>
      </object_component>
      <object_component id="oc-572">
         <name>.text:CPUTimer_setEmulationMode</name>
         <load_address>0xa464</load_address>
         <run_address>0xa464</run_address>
         <size>0x13</size>
         <input_file_ref idref="fl-e"/>
      </object_component>
      <object_component id="oc-5c4">
         <name>.text:SCI_clearOverflowStatus</name>
         <load_address>0xa477</load_address>
         <run_address>0xa477</run_address>
         <size>0x13</size>
         <input_file_ref idref="fl-2"/>
      </object_component>
      <object_component id="oc-100">
         <name>.text:SCI_clearOverflowStatus</name>
         <load_address>0xa48a</load_address>
         <run_address>0xa48a</run_address>
         <size>0x13</size>
         <input_file_ref idref="fl-4"/>
      </object_component>
      <object_component id="oc-600">
         <name>.text:SCI_enableModule</name>
         <load_address>0xa49d</load_address>
         <run_address>0xa49d</run_address>
         <size>0x13</size>
         <input_file_ref idref="fl-2"/>
      </object_component>
      <object_component id="oc-67c">
         <name>.text:SCI_enableModule</name>
         <load_address>0xa4b0</load_address>
         <run_address>0xa4b0</run_address>
         <size>0x13</size>
         <input_file_ref idref="fl-11"/>
      </object_component>
      <object_component id="oc-630">
         <name>.text:XBAR_isBaseValid</name>
         <load_address>0xa4c3</load_address>
         <run_address>0xa4c3</run_address>
         <size>0x13</size>
         <input_file_ref idref="fl-2"/>
      </object_component>
      <object_component id="oc-6a2">
         <name>.text:XBAR_isBaseValid</name>
         <load_address>0xa4d6</load_address>
         <run_address>0xa4d6</run_address>
         <size>0x13</size>
         <input_file_ref idref="fl-f"/>
      </object_component>
      <object_component id="oc-96">
         <name>.text:CPUTimer_clearOverflowFlag</name>
         <load_address>0xa4e9</load_address>
         <run_address>0xa4e9</run_address>
         <size>0x12</size>
         <input_file_ref idref="fl-4"/>
      </object_component>
      <object_component id="oc-3fe">
         <name>.text:EPWM_setTimeBaseCounter</name>
         <load_address>0xa4fb</load_address>
         <run_address>0xa4fb</run_address>
         <size>0x12</size>
         <input_file_ref idref="fl-2"/>
      </object_component>
      <object_component id="oc-3b8">
         <name>.text:SysCtl_setSyncOutputConfig</name>
         <load_address>0xa50d</load_address>
         <run_address>0xa50d</run_address>
         <size>0x12</size>
         <input_file_ref idref="fl-2"/>
      </object_component>
      <object_component id="oc-57e">
         <name>.text:CPUTimer_setPeriod</name>
         <load_address>0xa51f</load_address>
         <run_address>0xa51f</run_address>
         <size>0x11</size>
         <input_file_ref idref="fl-2"/>
      </object_component>
      <object_component id="oc-40a">
         <name>.text:EPWM_disablePhaseShiftLoad</name>
         <load_address>0xa530</load_address>
         <run_address>0xa530</run_address>
         <size>0x11</size>
         <input_file_ref idref="fl-2"/>
      </object_component>
      <object_component id="oc-2f1">
         <name>.text:GPIO_init</name>
         <load_address>0xa541</load_address>
         <run_address>0xa541</run_address>
         <size>0x11</size>
         <input_file_ref idref="fl-2"/>
      </object_component>
      <object_component id="oc-5e2">
         <name>.text:SCI_disableLoopback</name>
         <load_address>0xa552</load_address>
         <run_address>0xa552</run_address>
         <size>0x11</size>
         <input_file_ref idref="fl-2"/>
      </object_component>
      <object_component id="oc-c1">
         <name>.text:CPUTimer_getTimerCount</name>
         <load_address>0xa563</load_address>
         <run_address>0xa563</run_address>
         <size>0x10</size>
         <input_file_ref idref="fl-4"/>
      </object_component>
      <object_component id="oc-484">
         <name>.text:CSB_OUT_init</name>
         <load_address>0xa573</load_address>
         <run_address>0xa573</run_address>
         <size>0x10</size>
         <input_file_ref idref="fl-2"/>
      </object_component>
      <object_component id="oc-48a">
         <name>.text:CSC_OUT_init</name>
         <load_address>0xa583</load_address>
         <run_address>0xa583</run_address>
         <size>0x10</size>
         <input_file_ref idref="fl-2"/>
      </object_component>
      <object_component id="oc-490">
         <name>.text:CSD_OUT_init</name>
         <load_address>0xa593</load_address>
         <run_address>0xa593</run_address>
         <size>0x10</size>
         <input_file_ref idref="fl-2"/>
      </object_component>
      <object_component id="oc-61f">
         <name>.text:DCC_isBaseValid</name>
         <load_address>0xa5a3</load_address>
         <run_address>0xa5a3</run_address>
         <size>0x10</size>
         <input_file_ref idref="fl-12"/>
      </object_component>
      <object_component id="oc-21d">
         <name>.text:Device_initGPIO</name>
         <load_address>0xa5b3</load_address>
         <run_address>0xa5b3</run_address>
         <size>0x10</size>
         <input_file_ref idref="fl-5"/>
      </object_component>
      <object_component id="oc-607">
         <name>.text:GPIO_setInterruptType</name>
         <load_address>0xa5c3</load_address>
         <run_address>0xa5c3</run_address>
         <size>0x10</size>
         <input_file_ref idref="fl-2"/>
      </object_component>
      <object_component id="oc-47e">
         <name>.text:LED1_init</name>
         <load_address>0xa5d3</load_address>
         <run_address>0xa5d3</run_address>
         <size>0x10</size>
         <input_file_ref idref="fl-2"/>
      </object_component>
      <object_component id="oc-466">
         <name>.text:PS1_init</name>
         <load_address>0xa5e3</load_address>
         <run_address>0xa5e3</run_address>
         <size>0x10</size>
         <input_file_ref idref="fl-2"/>
      </object_component>
      <object_component id="oc-46c">
         <name>.text:PS2_init</name>
         <load_address>0xa5f3</load_address>
         <run_address>0xa5f3</run_address>
         <size>0x10</size>
         <input_file_ref idref="fl-2"/>
      </object_component>
      <object_component id="oc-472">
         <name>.text:PS3_init</name>
         <load_address>0xa603</load_address>
         <run_address>0xa603</run_address>
         <size>0x10</size>
         <input_file_ref idref="fl-2"/>
      </object_component>
      <object_component id="oc-170">
         <name>.text:SCI_getRxStatus</name>
         <load_address>0xa613</load_address>
         <run_address>0xa613</run_address>
         <size>0x10</size>
         <input_file_ref idref="fl-4"/>
      </object_component>
      <object_component id="oc-478">
         <name>.text:myGPIO0_init</name>
         <load_address>0xa623</load_address>
         <run_address>0xa623</run_address>
         <size>0x10</size>
         <input_file_ref idref="fl-2"/>
      </object_component>
      <object_component id="oc-a2">
         <name>.text:Interrupt_register</name>
         <load_address>0xa633</load_address>
         <run_address>0xa633</run_address>
         <size>0xf</size>
         <input_file_ref idref="fl-2"/>
      </object_component>
      <object_component id="oc-241">
         <name>.text:CMPSS1_DAC_init</name>
         <load_address>0xa642</load_address>
         <run_address>0xa642</run_address>
         <size>0xd</size>
         <input_file_ref idref="fl-4"/>
      </object_component>
      <object_component id="oc-2c7">
         <name>.text:INPUTXBAR_init</name>
         <load_address>0xa64f</load_address>
         <run_address>0xa64f</run_address>
         <size>0xd</size>
         <input_file_ref idref="fl-2"/>
      </object_component>
      <object_component id="oc-133">
         <name>.text:Interrupt_disableGlobal</name>
         <load_address>0xa65c</load_address>
         <run_address>0xa65c</run_address>
         <size>0xd</size>
         <input_file_ref idref="fl-10"/>
      </object_component>
      <object_component id="oc-13f">
         <name>.text:Interrupt_enableGlobal</name>
         <load_address>0xa669</load_address>
         <run_address>0xa669</run_address>
         <size>0xd</size>
         <input_file_ref idref="fl-10"/>
      </object_component>
      <object_component id="oc-28d">
         <name>.text:SysCtl_setLowSpeedClock</name>
         <load_address>0xa676</load_address>
         <run_address>0xa676</run_address>
         <size>0xd</size>
         <input_file_ref idref="fl-5"/>
      </object_component>
      <object_component id="oc-84">
         <name>.text:decompress:ZI:__TI_zero_init_nomemset</name>
         <load_address>0xa683</load_address>
         <run_address>0xa683</run_address>
         <size>0xd</size>
         <input_file_ref idref="fl-23"/>
      </object_component>
      <object_component id="oc-2d3">
         <name>.text:ASYSCTL_init</name>
         <load_address>0xa690</load_address>
         <run_address>0xa690</run_address>
         <size>0xc</size>
         <input_file_ref idref="fl-2"/>
      </object_component>
      <object_component id="oc-49e">
         <name>.text:PS1_XINT_init</name>
         <load_address>0xa69c</load_address>
         <run_address>0xa69c</run_address>
         <size>0xc</size>
         <input_file_ref idref="fl-2"/>
      </object_component>
      <object_component id="oc-4a4">
         <name>.text:PS2_XINT_init</name>
         <load_address>0xa6a8</load_address>
         <run_address>0xa6a8</run_address>
         <size>0xc</size>
         <input_file_ref idref="fl-2"/>
      </object_component>
      <object_component id="oc-4aa">
         <name>.text:PS3_XINT_init</name>
         <load_address>0xa6b4</load_address>
         <run_address>0xa6b4</run_address>
         <size>0xc</size>
         <input_file_ref idref="fl-2"/>
      </object_component>
      <object_component id="oc-3be">
         <name>.text:SysCtl_enableExtADCSOCSource</name>
         <load_address>0xa6c0</load_address>
         <run_address>0xa6c0</run_address>
         <size>0xc</size>
         <input_file_ref idref="fl-2"/>
      </object_component>
      <object_component id="oc-393">
         <name>.text:myINPUTXBARINPUT0_init</name>
         <load_address>0xa6cc</load_address>
         <run_address>0xa6cc</run_address>
         <size>0xc</size>
         <input_file_ref idref="fl-2"/>
      </object_component>
      <object_component id="oc-399">
         <name>.text:myINPUTXBARINPUT1_init</name>
         <load_address>0xa6d8</load_address>
         <run_address>0xa6d8</run_address>
         <size>0xc</size>
         <input_file_ref idref="fl-2"/>
      </object_component>
      <object_component id="oc-39f">
         <name>.text:myINPUTXBARINPUT2_init</name>
         <load_address>0xa6e4</load_address>
         <run_address>0xa6e4</run_address>
         <size>0xc</size>
         <input_file_ref idref="fl-2"/>
      </object_component>
      <object_component id="oc-192">
         <name>.text</name>
         <load_address>0xa6f0</load_address>
         <run_address>0xa6f0</run_address>
         <size>0xc</size>
         <input_file_ref idref="fl-28"/>
      </object_component>
      <object_component id="oc-281">
         <name>.text:SysCtl_disableWatchdog</name>
         <load_address>0xa6fc</load_address>
         <run_address>0xa6fc</run_address>
         <size>0xb</size>
         <input_file_ref idref="fl-5"/>
      </object_component>
      <object_component id="oc-350">
         <name>.text:SysCtl_isMCDClockFailureDetected</name>
         <load_address>0xa707</load_address>
         <run_address>0xa707</run_address>
         <size>0xb</size>
         <input_file_ref idref="fl-12"/>
      </object_component>
      <object_component id="oc-35d">
         <name>.text:ASysCtl_getExtROscStatus</name>
         <load_address>0xa712</load_address>
         <run_address>0xa712</run_address>
         <size>0xa</size>
         <input_file_ref idref="fl-12"/>
      </object_component>
      <object_component id="oc-6d">
         <name>.text:Interrupt_illegalOperationHandler</name>
         <load_address>0xa71c</load_address>
         <run_address>0xa71c</run_address>
         <size>0xa</size>
         <input_file_ref idref="fl-10"/>
      </object_component>
      <object_component id="oc-73">
         <name>.text:Interrupt_nmiHandler</name>
         <load_address>0xa726</load_address>
         <run_address>0xa726</run_address>
         <size>0xa</size>
         <input_file_ref idref="fl-10"/>
      </object_component>
      <object_component id="oc-2cd">
         <name>.text:SYNC_init</name>
         <load_address>0xa730</load_address>
         <run_address>0xa730</run_address>
         <size>0xa</size>
         <input_file_ref idref="fl-2"/>
      </object_component>
      <object_component id="oc-613">
         <name>.text:GPIO_enableInterrupt</name>
         <load_address>0xa73a</load_address>
         <run_address>0xa73a</run_address>
         <size>0x9</size>
         <input_file_ref idref="fl-2"/>
      </object_component>
      <object_component id="oc-26e">
         <name>.text</name>
         <load_address>0xa743</load_address>
         <run_address>0xa743</run_address>
         <size>0x9</size>
         <input_file_ref idref="fl-27"/>
      </object_component>
      <object_component id="oc-19">
         <name>.text:decompress:none</name>
         <load_address>0xa74c</load_address>
         <run_address>0xa74c</run_address>
         <size>0x8</size>
         <input_file_ref idref="fl-24"/>
      </object_component>
      <object_component id="oc-90">
         <name>.text</name>
         <load_address>0xa754</load_address>
         <run_address>0xa754</run_address>
         <size>0x8</size>
         <input_file_ref idref="fl-6"/>
      </object_component>
      <object_component id="oc-3c5">
         <name>.text:ASysCtl_disableTemperatureSensor</name>
         <load_address>0xa75c</load_address>
         <run_address>0xa75c</run_address>
         <size>0x7</size>
         <input_file_ref idref="fl-2"/>
      </object_component>
      <object_component id="oc-2ac">
         <name>.text:ASysCtl_lockVREG</name>
         <load_address>0xa763</load_address>
         <run_address>0xa763</run_address>
         <size>0x7</size>
         <input_file_ref idref="fl-5"/>
      </object_component>
      <object_component id="oc-4b7">
         <name>.text:SysCtl_resetMCD</name>
         <load_address>0xa76a</load_address>
         <run_address>0xa76a</run_address>
         <size>0x7</size>
         <input_file_ref idref="fl-12"/>
      </object_component>
      <object_component id="oc-2fd">
         <name>.text:XINT_init</name>
         <load_address>0xa771</load_address>
         <run_address>0xa771</run_address>
         <size>0x7</size>
         <input_file_ref idref="fl-2"/>
      </object_component>
      <object_component id="oc-12a">
         <name>.text:__error__</name>
         <load_address>0xa778</load_address>
         <run_address>0xa778</run_address>
         <size>0x7</size>
         <input_file_ref idref="fl-5"/>
      </object_component>
      <object_component id="oc-3a5">
         <name>.text:myINPUTXBARINPUT3_init</name>
         <load_address>0xa77f</load_address>
         <run_address>0xa77f</run_address>
         <size>0x7</size>
         <input_file_ref idref="fl-2"/>
      </object_component>
      <object_component id="oc-3ab">
         <name>.text:myINPUTXBARINPUT4_init</name>
         <load_address>0xa786</load_address>
         <run_address>0xa786</run_address>
         <size>0x7</size>
         <input_file_ref idref="fl-2"/>
      </object_component>
      <object_component id="oc-3b1">
         <name>.text:myINPUTXBARINPUT5_init</name>
         <load_address>0xa78d</load_address>
         <run_address>0xa78d</run_address>
         <size>0x7</size>
         <input_file_ref idref="fl-2"/>
      </object_component>
      <object_component id="oc-9c">
         <name>.text:Interrupt_clearACKGroup</name>
         <load_address>0xa794</load_address>
         <run_address>0xa794</run_address>
         <size>0x6</size>
         <input_file_ref idref="fl-4"/>
      </object_component>
      <object_component id="oc-2d9">
         <name>.text:ADC_init</name>
         <load_address>0xa79a</load_address>
         <run_address>0xa79a</run_address>
         <size>0x5</size>
         <input_file_ref idref="fl-2"/>
      </object_component>
      <object_component id="oc-2a0">
         <name>.text:SysCtl_deviceCal</name>
         <load_address>0xa79f</load_address>
         <run_address>0xa79f</run_address>
         <size>0x4</size>
         <input_file_ref idref="fl-5"/>
      </object_component>
      <object_component id="oc-2eb">
         <name>.text:EPWMXBAR_init</name>
         <load_address>0xa7a3</load_address>
         <run_address>0xa7a3</run_address>
         <size>0x3</size>
         <input_file_ref idref="fl-2"/>
      </object_component>
      <object_component id="oc-2f7">
         <name>.text:SCI_init</name>
         <load_address>0xa7a6</load_address>
         <run_address>0xa7a6</run_address>
         <size>0x3</size>
         <input_file_ref idref="fl-2"/>
      </object_component>
      <object_component id="oc-18b">
         <name>.text</name>
         <load_address>0xa7a9</load_address>
         <run_address>0xa7a9</run_address>
         <size>0x2</size>
         <input_file_ref idref="fl-21"/>
      </object_component>
      <object_component id="oc-45f">
         <name>.text:myEPWMXBAR0_init</name>
         <load_address>0xa7ab</load_address>
         <run_address>0xa7ab</run_address>
         <size>0x1</size>
         <input_file_ref idref="fl-2"/>
      </object_component>
      <object_component id="oc-202">
         <name>.text</name>
         <load_address>0xa7ac</load_address>
         <run_address>0xa7ac</run_address>
         <size>0x1</size>
         <input_file_ref idref="fl-2e"/>
      </object_component>
      <object_component id="oc-6d3">
         <name>.cinit..data.load</name>
         <load_address>0x12c</load_address>
         <run_address>0x12c</run_address>
         <size>0xc</size>
      </object_component>
      <object_component id="oc-6d0">
         <name>__TI_handler_table</name>
         <load_address>0x138</load_address>
         <run_address>0x138</run_address>
         <size>0x6</size>
      </object_component>
      <object_component id="oc-6d2">
         <name>.cinit..bss.load</name>
         <load_address>0x13e</load_address>
         <run_address>0x13e</run_address>
         <size>0x4</size>
      </object_component>
      <object_component id="oc-6d1">
         <name>__TI_cinit_table</name>
         <load_address>0x142</load_address>
         <run_address>0x142</run_address>
         <size>0x8</size>
      </object_component>
      <object_component id="oc-79">
         <name>.stack</name>
         <uninitialized>true</uninitialized>
         <run_address>0x400</run_address>
         <size>0x0</size>
         <input_file_ref idref="fl-1e"/>
      </object_component>
      <object_component id="oc-6d4">
         <name>.stack</name>
         <uninitialized>true</uninitialized>
         <run_address>0x400</run_address>
         <size>0x0</size>
      </object_component>
      <object_component id="oc-265">
         <name>.bss</name>
         <uninitialized>true</uninitialized>
         <run_address>0x870a</run_address>
         <size>0x4</size>
         <input_file_ref idref="fl-4"/>
      </object_component>
      <object_component id="oc-f1">
         <name>.bss:rx_buf</name>
         <uninitialized>true</uninitialized>
         <run_address>0x86fa</run_address>
         <size>0x10</size>
         <input_file_ref idref="fl-4"/>
      </object_component>
      <object_component id="oc-129">
         <name>.const:.string</name>
         <load_address>0x8000</load_address>
         <run_address>0x8000</run_address>
         <size>0x184</size>
         <input_file_ref idref="fl-4"/>
      </object_component>
      <object_component id="oc-536">
         <name>.const:.string</name>
         <load_address>0x8184</load_address>
         <run_address>0x8184</run_address>
         <size>0x182</size>
         <input_file_ref idref="fl-2"/>
      </object_component>
      <object_component id="oc-179">
         <name>.const:.string:_ctypes_</name>
         <load_address>0x8306</load_address>
         <run_address>0x8306</run_address>
         <size>0x101</size>
         <input_file_ref idref="fl-2a"/>
      </object_component>
      <object_component id="oc-37c">
         <name>.const:.string</name>
         <load_address>0x8408</load_address>
         <run_address>0x8408</run_address>
         <size>0x9b</size>
         <input_file_ref idref="fl-f"/>
      </object_component>
      <object_component id="oc-304">
         <name>.const:.string</name>
         <load_address>0x84a4</load_address>
         <run_address>0x84a4</run_address>
         <size>0x9b</size>
         <input_file_ref idref="fl-12"/>
      </object_component>
      <object_component id="oc-161">
         <name>.const:.string</name>
         <load_address>0x8540</load_address>
         <run_address>0x8540</run_address>
         <size>0x98</size>
         <input_file_ref idref="fl-11"/>
      </object_component>
      <object_component id="oc-1a3">
         <name>.const:.string</name>
         <load_address>0x85d8</load_address>
         <run_address>0x85d8</run_address>
         <size>0x52</size>
         <input_file_ref idref="fl-10"/>
      </object_component>
      <object_component id="oc-65b">
         <name>.const:.string</name>
         <load_address>0x862a</load_address>
         <run_address>0x862a</run_address>
         <size>0x51</size>
         <input_file_ref idref="fl-e"/>
      </object_component>
      <object_component id="oc-63e">
         <name>.const:.string</name>
         <load_address>0x867c</load_address>
         <run_address>0x867c</run_address>
         <size>0x4c</size>
         <input_file_ref idref="fl-d"/>
      </object_component>
      <object_component id="oc-299">
         <name>.const:.string</name>
         <load_address>0x86c8</load_address>
         <run_address>0x86c8</run_address>
         <size>0x13</size>
         <input_file_ref idref="fl-5"/>
      </object_component>
      <object_component id="oc-b8">
         <name>.data</name>
         <load_address>0x86dc</load_address>
         <run_address>0x86dc</run_address>
         <size>0x14</size>
         <input_file_ref idref="fl-4"/>
      </object_component>
      <object_component id="oc-1f1">
         <name>.data</name>
         <load_address>0x86f0</load_address>
         <run_address>0x86f0</run_address>
         <size>0x6</size>
         <input_file_ref idref="fl-26"/>
      </object_component>
      <object_component id="oc-1f4">
         <name>.data:_lock</name>
         <load_address>0x86f6</load_address>
         <run_address>0x86f6</run_address>
         <size>0x2</size>
         <input_file_ref idref="fl-27"/>
      </object_component>
      <object_component id="oc-342">
         <name>.data:_unlock</name>
         <load_address>0x86f8</load_address>
         <run_address>0x86f8</run_address>
         <size>0x2</size>
         <input_file_ref idref="fl-27"/>
      </object_component>
      <object_component id="oc-b5">
         <name>.debug_types</name>
         <load_address>0x0</load_address>
         <run_address>0x0</run_address>
         <size>0x2cb0</size>
         <input_file_ref idref="fl-2"/>
      </object_component>
      <object_component id="oc-315">
         <name>.debug_types</name>
         <load_address>0x0</load_address>
         <run_address>0x0</run_address>
         <size>0x0</size>
         <input_file_ref idref="fl-3"/>
      </object_component>
      <object_component id="oc-b7">
         <name>.debug_types</name>
         <load_address>0x2cb0</load_address>
         <run_address>0x2cb0</run_address>
         <size>0x66a</size>
         <input_file_ref idref="fl-4"/>
      </object_component>
      <object_component id="oc-1a1">
         <name>.debug_types</name>
         <load_address>0x331a</load_address>
         <run_address>0x331a</run_address>
         <size>0x201</size>
         <input_file_ref idref="fl-5"/>
      </object_component>
      <object_component id="oc-646">
         <name>.debug_types</name>
         <load_address>0x351b</load_address>
         <run_address>0x351b</run_address>
         <size>0x1ed</size>
         <input_file_ref idref="fl-d"/>
      </object_component>
      <object_component id="oc-65d">
         <name>.debug_types</name>
         <load_address>0x0</load_address>
         <run_address>0x0</run_address>
         <size>0x0</size>
         <input_file_ref idref="fl-e"/>
      </object_component>
      <object_component id="oc-37e">
         <name>.debug_types</name>
         <load_address>0x0</load_address>
         <run_address>0x0</run_address>
         <size>0x0</size>
         <input_file_ref idref="fl-f"/>
      </object_component>
      <object_component id="oc-108">
         <name>.debug_types</name>
         <load_address>0x0</load_address>
         <run_address>0x0</run_address>
         <size>0x0</size>
         <input_file_ref idref="fl-10"/>
      </object_component>
      <object_component id="oc-169">
         <name>.debug_types</name>
         <load_address>0x3708</load_address>
         <run_address>0x3708</run_address>
         <size>0xb8</size>
         <input_file_ref idref="fl-11"/>
      </object_component>
      <object_component id="oc-312">
         <name>.debug_types</name>
         <load_address>0x37c0</load_address>
         <run_address>0x37c0</run_address>
         <size>0xb10</size>
         <input_file_ref idref="fl-12"/>
      </object_component>
      <object_component id="oc-1b8">
         <name>.debug_types</name>
         <load_address>0x0</load_address>
         <run_address>0x0</run_address>
         <size>0x0</size>
         <input_file_ref idref="fl-21"/>
      </object_component>
      <object_component id="oc-209">
         <name>.debug_types</name>
         <load_address>0x42d0</load_address>
         <run_address>0x42d0</run_address>
         <size>0x46c</size>
         <input_file_ref idref="fl-22"/>
      </object_component>
      <object_component id="oc-115">
         <name>.debug_types</name>
         <load_address>0x473c</load_address>
         <run_address>0x473c</run_address>
         <size>0x1f3</size>
         <input_file_ref idref="fl-23"/>
      </object_component>
      <object_component id="oc-83">
         <name>.debug_types</name>
         <load_address>0x0</load_address>
         <run_address>0x0</run_address>
         <size>0x0</size>
         <input_file_ref idref="fl-24"/>
      </object_component>
      <object_component id="oc-7b">
         <name>.debug_types</name>
         <load_address>0x492f</load_address>
         <run_address>0x492f</run_address>
         <size>0x191</size>
         <input_file_ref idref="fl-25"/>
      </object_component>
      <object_component id="oc-1f8">
         <name>.debug_types</name>
         <load_address>0x4ac0</load_address>
         <run_address>0x4ac0</run_address>
         <size>0xbf</size>
         <input_file_ref idref="fl-26"/>
      </object_component>
      <object_component id="oc-276">
         <name>.debug_types</name>
         <load_address>0x4b7f</load_address>
         <run_address>0x4b7f</run_address>
         <size>0x2f</size>
         <input_file_ref idref="fl-27"/>
      </object_component>
      <object_component id="oc-1f0">
         <name>.debug_types</name>
         <load_address>0x4bae</load_address>
         <run_address>0x4bae</run_address>
         <size>0xe1</size>
         <input_file_ref idref="fl-28"/>
      </object_component>
      <object_component id="oc-17d">
         <name>.debug_types</name>
         <load_address>0x4c8f</load_address>
         <run_address>0x4c8f</run_address>
         <size>0x34</size>
         <input_file_ref idref="fl-29"/>
      </object_component>
      <object_component id="oc-1b0">
         <name>.debug_types</name>
         <load_address>0x0</load_address>
         <run_address>0x0</run_address>
         <size>0x0</size>
         <input_file_ref idref="fl-2a"/>
      </object_component>
      <object_component id="oc-110">
         <name>.debug_types</name>
         <load_address>0x4cc3</load_address>
         <run_address>0x4cc3</run_address>
         <size>0xb8</size>
         <input_file_ref idref="fl-2d"/>
      </object_component>
      <object_component id="oc-27b">
         <name>.debug_types</name>
         <load_address>0x0</load_address>
         <run_address>0x0</run_address>
         <size>0x0</size>
         <input_file_ref idref="fl-2e"/>
      </object_component>
      <object_component id="oc-648">
         <name>.debug_info</name>
         <load_address>0x0</load_address>
         <run_address>0x0</run_address>
         <size>0x164</size>
         <input_file_ref idref="fl-2"/>
      </object_component>
      <object_component id="oc-541">
         <name>.debug_info</name>
         <load_address>0x164</load_address>
         <run_address>0x164</run_address>
         <size>0x1b1</size>
         <input_file_ref idref="fl-2"/>
      </object_component>
      <object_component id="oc-565">
         <name>.debug_info</name>
         <load_address>0x315</load_address>
         <run_address>0x315</run_address>
         <size>0x230</size>
         <input_file_ref idref="fl-2"/>
      </object_component>
      <object_component id="oc-56b">
         <name>.debug_info</name>
         <load_address>0x545</load_address>
         <run_address>0x545</run_address>
         <size>0x1fd</size>
         <input_file_ref idref="fl-2"/>
      </object_component>
      <object_component id="oc-547">
         <name>.debug_info</name>
         <load_address>0x742</load_address>
         <run_address>0x742</run_address>
         <size>0x1bf</size>
         <input_file_ref idref="fl-2"/>
      </object_component>
      <object_component id="oc-54d">
         <name>.debug_info</name>
         <load_address>0x901</load_address>
         <run_address>0x901</run_address>
         <size>0x1c7</size>
         <input_file_ref idref="fl-2"/>
      </object_component>
      <object_component id="oc-553">
         <name>.debug_info</name>
         <load_address>0xac8</load_address>
         <run_address>0xac8</run_address>
         <size>0x188</size>
         <input_file_ref idref="fl-2"/>
      </object_component>
      <object_component id="oc-559">
         <name>.debug_info</name>
         <load_address>0xc50</load_address>
         <run_address>0xc50</run_address>
         <size>0x18a</size>
         <input_file_ref idref="fl-2"/>
      </object_component>
      <object_component id="oc-55f">
         <name>.debug_info</name>
         <load_address>0xdda</load_address>
         <run_address>0xdda</run_address>
         <size>0x1ad</size>
         <input_file_ref idref="fl-2"/>
      </object_component>
      <object_component id="oc-3c6">
         <name>.debug_info</name>
         <load_address>0xf87</load_address>
         <run_address>0xf87</run_address>
         <size>0x15f</size>
         <input_file_ref idref="fl-2"/>
      </object_component>
      <object_component id="oc-3cc">
         <name>.debug_info</name>
         <load_address>0x10e6</load_address>
         <run_address>0x10e6</run_address>
         <size>0x19d</size>
         <input_file_ref idref="fl-2"/>
      </object_component>
      <object_component id="oc-3d2">
         <name>.debug_info</name>
         <load_address>0x1283</load_address>
         <run_address>0x1283</run_address>
         <size>0x197</size>
         <input_file_ref idref="fl-2"/>
      </object_component>
      <object_component id="oc-3d8">
         <name>.debug_info</name>
         <load_address>0x141a</load_address>
         <run_address>0x141a</run_address>
         <size>0x191</size>
         <input_file_ref idref="fl-2"/>
      </object_component>
      <object_component id="oc-a3">
         <name>.debug_info</name>
         <load_address>0x15ab</load_address>
         <run_address>0x15ab</run_address>
         <size>0x1b8</size>
         <input_file_ref idref="fl-2"/>
      </object_component>
      <object_component id="oc-3b9">
         <name>.debug_info</name>
         <load_address>0x1763</load_address>
         <run_address>0x1763</run_address>
         <size>0x17b</size>
         <input_file_ref idref="fl-2"/>
      </object_component>
      <object_component id="oc-3bf">
         <name>.debug_info</name>
         <load_address>0x18de</load_address>
         <run_address>0x18de</run_address>
         <size>0x183</size>
         <input_file_ref idref="fl-2"/>
      </object_component>
      <object_component id="oc-65f">
         <name>.debug_info</name>
         <load_address>0x1a61</load_address>
         <run_address>0x1a61</run_address>
         <size>0x171</size>
         <input_file_ref idref="fl-2"/>
      </object_component>
      <object_component id="oc-585">
         <name>.debug_info</name>
         <load_address>0x1bd2</load_address>
         <run_address>0x1bd2</run_address>
         <size>0x1af</size>
         <input_file_ref idref="fl-2"/>
      </object_component>
      <object_component id="oc-591">
         <name>.debug_info</name>
         <load_address>0x1d81</load_address>
         <run_address>0x1d81</run_address>
         <size>0x1b5</size>
         <input_file_ref idref="fl-2"/>
      </object_component>
      <object_component id="oc-58b">
         <name>.debug_info</name>
         <load_address>0x1f36</load_address>
         <run_address>0x1f36</run_address>
         <size>0x1a4</size>
         <input_file_ref idref="fl-2"/>
      </object_component>
      <object_component id="oc-597">
         <name>.debug_info</name>
         <load_address>0x20da</load_address>
         <run_address>0x20da</run_address>
         <size>0x1a7</size>
         <input_file_ref idref="fl-2"/>
      </object_component>
      <object_component id="oc-57f">
         <name>.debug_info</name>
         <load_address>0x2281</load_address>
         <run_address>0x2281</run_address>
         <size>0x1a8</size>
         <input_file_ref idref="fl-2"/>
      </object_component>
      <object_component id="oc-579">
         <name>.debug_info</name>
[...]
      </symbol>
      <symbol id="sm-6">
         <name>__TI_STACK_SIZE</name>
         <value>0x200</value>
      </symbol>
      <symbol id="sm-7">
         <name>__TI_STACK_END</name>
         <value>0x600</value>
      </symbol>
      <symbol id="sm-8">
         <name>__TI_pprof_out_hndl</name>
         <value>0xffffffff</value>
      </symbol>
      <symbol id="sm-9">
         <name>__TI_prof_data_start</name>
         <value>0xffffffff</value>
      </symbol>
      <symbol id="sm-a">
         <name>__TI_prof_data_size</name>
         <value>0xffffffff</value>
      </symbol>
      <symbol id="sm-336">
         <name>INPUTXBAR_init</name>
         <value>0xa64f</value>
         <object_component_ref idref="oc-2c7"/>
      </symbol>
      <symbol id="sm-337">
         <name>INTERRUPT_init</name>
         <value>0x920a</value>
         <object_component_ref idref="oc-26"/>
      </symbol>
      <symbol id="sm-338">
         <name>LED1_init</name>
         <value>0xa5d3</value>
         <object_component_ref idref="oc-47e"/>
      </symbol>
      <symbol id="sm-339">
         <name>PinMux_init</name>
         <value>0x8ad1</value>
         <object_component_ref idref="oc-2c1"/>
      </symbol>
      <symbol id="sm-33a">
         <name>myINPUTXBARINPUT5_init</name>
         <value>0xa78d</value>
         <object_component_ref idref="oc-3b1"/>
      </symbol>
      <symbol id="sm-33b">
         <name>myINPUTXBARINPUT4_init</name>
         <value>0xa786</value>
         <object_component_ref idref="oc-3ab"/>
      </symbol>
      <symbol id="sm-33c">
         <name>myINPUTXBARINPUT3_init</name>
         <value>0xa77f</value>
         <object_component_ref idref="oc-3a5"/>
      </symbol>
      <symbol id="sm-33d">
         <name>myINPUTXBARINPUT2_init</name>
         <value>0xa6e4</value>
         <object_component_ref idref="oc-39f"/>
      </symbol>
      <symbol id="sm-33e">
         <name>myINPUTXBARINPUT1_init</name>
         <value>0xa6d8</value>
         <object_component_ref idref="oc-399"/>
      </symbol>
      <symbol id="sm-33f">
         <name>myINPUTXBARINPUT0_init</name>
         <value>0xa6cc</value>
         <object_component_ref idref="oc-393"/>
      </symbol>
      <symbol id="sm-340">
         <name>PS1_init</name>
         <value>0xa5e3</value>
         <object_component_ref idref="oc-466"/>
      </symbol>
      <symbol id="sm-341">
         <name>PS3_init</name>
         <value>0xa603</value>
         <object_component_ref idref="oc-472"/>
      </symbol>
      <symbol id="sm-342">
         <name>PS2_init</name>
         <value>0xa5f3</value>
         <object_component_ref idref="oc-46c"/>
      </symbol>
      <symbol id="sm-343">
         <name>SCI_init</name>
         <value>0xa7a6</value>
         <object_component_ref idref="oc-2f7"/>
      </symbol>
      <symbol id="sm-344">
         <name>Board_init</name>
         <value>0x9f44</value>
         <object_component_ref idref="oc-229"/>
      </symbol>
      <symbol id="sm-345">
         <name>XINT_init</name>
         <value>0xa771</value>
         <object_component_ref idref="oc-2fd"/>
      </symbol>
      <symbol id="sm-346">
         <name>GPIO_init</name>
         <value>0xa541</value>
         <object_component_ref idref="oc-2f1"/>
      </symbol>
      <symbol id="sm-347">
         <name>ADC_init</name>
         <value>0xa79a</value>
         <object_component_ref idref="oc-2d9"/>
      </symbol>
      <symbol id="sm-348">
         <name>myADC0_init</name>
         <value>0x926b</value>
         <object_component_ref idref="oc-3de"/>
      </symbol>
      <symbol id="sm-349">
         <name>myADC1_init</name>
         <value>0x93b1</value>
         <object_component_ref idref="oc-3e4"/>
      </symbol>
      <symbol id="sm-34a">
         <name>SYNC_init</name>
         <value>0xa730</value>
         <object_component_ref idref="oc-2cd"/>
      </symbol>
      <symbol id="sm-34b">
         <name>CSD_OUT_init</name>
         <value>0xa593</value>
         <object_component_ref idref="oc-490"/>
      </symbol>
      <symbol id="sm-34c">
         <name>CSB_OUT_init</name>
         <value>0xa573</value>
         <object_component_ref idref="oc-484"/>
      </symbol>
      <symbol id="sm-34d">
         <name>EPWM_init</name>
         <value>0x870e</value>
         <object_component_ref idref="oc-2e5"/>
      </symbol>
      <symbol id="sm-34e">
         <name>myGPIO0_init</name>
         <value>0xa623</value>
         <object_component_ref idref="oc-478"/>
      </symbol>
      <symbol id="sm-34f">
         <name>myEPWMXBAR0_init</name>
         <value>0xa7ab</value>
         <object_component_ref idref="oc-45f"/>
      </symbol>
      <symbol id="sm-350">
         <name>mySCI0_init</name>
         <value>0x966b</value>
         <object_component_ref idref="oc-497"/>
      </symbol>
      <symbol id="sm-351">
         <name>CPUTIMER_init</name>
         <value>0x9ffd</value>
         <object_component_ref idref="oc-2df"/>
      </symbol>
      <symbol id="sm-352">
         <name>PS2_XINT_init</name>
         <value>0xa6a8</value>
         <object_component_ref idref="oc-4a4"/>
      </symbol>
      <symbol id="sm-353">
         <name>PS3_XINT_init</name>
         <value>0xa6b4</value>
         <object_component_ref idref="oc-4aa"/>
      </symbol>
      <symbol id="sm-354">
         <name>ASYSCTL_init</name>
         <value>0xa690</value>
         <object_component_ref idref="oc-2d3"/>
      </symbol>
      <symbol id="sm-355">
         <name>PS1_XINT_init</name>
         <value>0xa69c</value>
         <object_component_ref idref="oc-49e"/>
      </symbol>
      <symbol id="sm-356">
         <name>CSC_OUT_init</name>
         <value>0xa583</value>
         <object_component_ref idref="oc-48a"/>
      </symbol>
      <symbol id="sm-357">
         <name>EPWMXBAR_init</name>
         <value>0xa7a3</value>
         <object_component_ref idref="oc-2eb"/>
      </symbol>
      <symbol id="sm-358">
         <name>myCPUTIMER0_init</name>
         <value>0x9caa</value>
         <object_component_ref idref="oc-3eb"/>
      </symbol>
      <symbol id="sm-365">
         <name>C2000Ware_libraries_init</name>
         <value>0x86db</value>
         <object_component_ref idref="oc-23b"/>
      </symbol>
      <symbol id="sm-4e7">
         <name>current_state</name>
         <value>0x86dd</value>
         <object_component_ref idref="oc-b8"/>
      </symbol>
      <symbol id="sm-4e8">
         <name>pwm_armed</name>
         <value>0x86de</value>
         <object_component_ref idref="oc-b8"/>
      </symbol>
      <symbol id="sm-4e9">
         <name>INT_mySCI0_RX_ISR</name>
         <value>0x8ebd</value>
         <object_component_ref idref="oc-5b"/>
      </symbol>
      <symbol id="sm-4ea">
         <name>INT_mySCI0_TX_ISR</name>
         <value>0x97e1</value>
         <object_component_ref idref="oc-55"/>
      </symbol>
      <symbol id="sm-4eb">
         <name>time_per_pulse</name>
         <value>0x86ea</value>
         <object_component_ref idref="oc-b8"/>
      </symbol>
      <symbol id="sm-4ec">
         <name>INT_myCPUTIMER0_ISR</name>
         <value>0x99f7</value>
         <object_component_ref idref="oc-25"/>
      </symbol>
      <symbol id="sm-4ed">
         <name>rx_buf</name>
         <value>0x86fa</value>
         <object_component_ref idref="oc-f1"/>
      </symbol>
      <symbol id="sm-4ee">
         <name>INT_PS2_XINT_ISR</name>
         <value>0x9991</value>
         <object_component_ref idref="oc-37"/>
      </symbol>
      <symbol id="sm-4ef">
         <name>main</name>
         <value>0x8c0f</value>
         <object_component_ref idref="oc-1e9"/>
      </symbol>
      <symbol id="sm-4f0">
         <name>INT_PWM3_TZ_ISR</name>
         <value>0x98f5</value>
         <object_component_ref idref="oc-43"/>
      </symbol>
      <symbol id="sm-4f1">
         <name>last_sensor</name>
         <value>0x86dc</value>
         <object_component_ref idref="oc-b8"/>
      </symbol>
      <symbol id="sm-4f2">
         <name>code</name>
         <value>0x870d</value>
         <object_component_ref idref="oc-265"/>
      </symbol>
      <symbol id="sm-4f3">
         <name>INT_PS1_XINT_ISR</name>
         <value>0x9137</value>
         <object_component_ref idref="oc-31"/>
      </symbol>
      <symbol id="sm-4f4">
         <name>INT_PS3_XINT_ISR</name>
         <value>0x99c4</value>
         <object_component_ref idref="oc-3d"/>
      </symbol>
      <symbol id="sm-4f5">
         <name>ps3</name>
         <value>0x870c</value>
         <object_component_ref idref="oc-265"/>
      </symbol>
      <symbol id="sm-4f6">
         <name>ps2</name>
         <value>0x870b</value>
         <object_component_ref idref="oc-265"/>
      </symbol>
      <symbol id="sm-4f7">
         <name>ps1</name>
         <value>0x870a</value>
         <object_component_ref idref="oc-265"/>
      </symbol>
      <symbol id="sm-4f8">
         <name>current_limit_A</name>
         <value>0x86ee</value>
         <object_component_ref idref="oc-b8"/>
      </symbol>
      <symbol id="sm-4f9">
         <name>ps1_isr_count</name>
         <value>0x86e4</value>
         <object_component_ref idref="oc-b8"/>
      </symbol>
      <symbol id="sm-4fa">
         <name>ps3_isr_count</name>
         <value>0x86e8</value>
         <object_component_ref idref="oc-b8"/>
      </symbol>
      <symbol id="sm-4fb">
         <name>ps2_isr_count</name>
         <value>0x86e6</value>
         <object_component_ref idref="oc-b8"/>
      </symbol>
      <symbol id="sm-4fc">
         <name>INT_PWM5_TZ_ISR</name>
         <value>0x995d</value>
         <object_component_ref idref="oc-4f"/>
      </symbol>
      <symbol id="sm-4fd">
         <name>rx_idx</name>
         <value>0x86e2</value>
         <object_component_ref idref="oc-b8"/>
      </symbol>
      <symbol id="sm-4fe">
         <name>CMPSS1_DAC_init</name>
         <value>0xa642</value>
         <object_component_ref idref="oc-241"/>
      </symbol>
      <symbol id="sm-4ff">
         <name>pwm_cmpa</name>
         <value>0x86e1</value>
         <object_component_ref idref="oc-b8"/>
      </symbol>
      <symbol id="sm-500">
         <name>target_duty_percent</name>
         <value>0x86df</value>
         <object_component_ref idref="oc-b8"/>
      </symbol>
      <symbol id="sm-501">
         <name>current_duty_percent</name>
         <value>0x86e0</value>
         <object_component_ref idref="oc-b8"/>
      </symbol>
      <symbol id="sm-502">
         <name>INT_PWM4_TZ_ISR</name>
         <value>0x9929</value>
         <object_component_ref idref="oc-49"/>
      </symbol>
      <symbol id="sm-503">
         <name>Rpm</name>
         <value>0x86ec</value>
         <object_component_ref idref="oc-b8"/>
      </symbol>
      <symbol id="sm-559">
         <name>Device_enableAllPeripherals</name>
         <value>0x90c9</value>
         <object_component_ref idref="oc-2a6"/>
      </symbol>
      <symbol id="sm-55a">
         <name>Device_initGPIO</name>
         <value>0xa5b3</value>
         <object_component_ref idref="oc-21d"/>
      </symbol>
      <symbol id="sm-55b">
         <name>Device_init</name>
         <value>0x93fa</value>
         <object_component_ref idref="oc-217"/>
      </symbol>
      <symbol id="sm-55c">
         <name>__error__</name>
         <value>0xa778</value>
         <object_component_ref idref="oc-12a"/>
      </symbol>
      <symbol id="sm-56b">
         <name>code_start</name>
         <value>0x0</value>
         <object_component_ref idref="oc-20"/>
      </symbol>
      <symbol id="sm-598">
         <name>ADC_setOffsetTrimAll</name>
         <value>0x9365</value>
         <object_component_ref idref="oc-63f"/>
      </symbol>
      <symbol id="sm-599">
         <name>ADC_setVREF</name>
         <value>0x9be8</value>
         <object_component_ref idref="oc-53a"/>
      </symbol>
      <symbol id="sm-5b3">
         <name>CPUTimer_setEmulationMode</name>
         <value>0xa464</value>
         <object_component_ref idref="oc-572"/>
      </symbol>
      <symbol id="sm-622">
         <name>GPIO_setQualificationMode</name>
         <value>0x9887</value>
         <object_component_ref idref="oc-38c"/>
      </symbol>
      <symbol id="sm-623">
         <name>GPIO_setPadConfig</name>
         <value>0x92c5</value>
         <object_component_ref idref="oc-386"/>
      </symbol>
      <symbol id="sm-624">
         <name>GPIO_setInterruptPin</name>
         <value>0x9819</value>
         <object_component_ref idref="oc-60d"/>
      </symbol>
      <symbol id="sm-625">
         <name>GPIO_setAnalogMode</name>
         <value>0x8e11</value>
         <object_component_ref idref="oc-2b2"/>
      </symbol>
      <symbol id="sm-626">
         <name>GPIO_setDirectionMode</name>
         <value>0x9a29</value>
         <object_component_ref idref="oc-5b6"/>
      </symbol>
      <symbol id="sm-627">
         <name>GPIO_setPinConfig</name>
         <value>0x9850</value>
         <object_component_ref idref="oc-380"/>
      </symbol>
      <symbol id="sm-6a0">
         <name>Interrupt_defaultHandler</name>
         <value>0xa2bc</value>
         <object_component_ref idref="oc-61"/>
      </symbol>
      <symbol id="sm-6a1">
         <name>Interrupt_disable</name>
         <value>0x9317</value>
         <object_component_ref idref="oc-a8"/>
      </symbol>
      <symbol id="sm-6a2">
         <name>Interrupt_initModule</name>
         <value>0x976a</value>
         <object_component_ref idref="oc-223"/>
      </symbol>
      <symbol id="sm-6a3">
         <name>Interrupt_nmiHandler</name>
         <value>0xa726</value>
         <object_component_ref idref="oc-73"/>
      </symbol>
      <symbol id="sm-6a4">
         <name>Interrupt_enable</name>
         <value>0x98be</value>
         <object_component_ref idref="oc-ae"/>
      </symbol>
      <symbol id="sm-6a5">
         <name>Interrupt_initVectorTable</name>
         <value>0x9e79</value>
         <object_component_ref idref="oc-67"/>
      </symbol>
      <symbol id="sm-6a6">
         <name>Interrupt_illegalOperationHandler</name>
         <value>0xa71c</value>
         <object_component_ref idref="oc-6d"/>
      </symbol>
      <symbol id="sm-6f7">
         <name>SCI_clearInterruptStatus</name>
         <value>0x9515</value>
         <object_component_ref idref="oc-e4"/>
      </symbol>
      <symbol id="sm-6f8">
         <name>SCI_setConfig</name>
         <value>0x972c</value>
         <object_component_ref idref="oc-5dc"/>
      </symbol>
      <symbol id="sm-6f9">
         <name>SCI_enableInterrupt</name>
         <value>0x9627</value>
         <object_component_ref idref="oc-5ee"/>
      </symbol>
      <symbol id="sm-81b">
         <name>SysCtl_isPLLValid</name>
         <value>0x8d27</value>
         <object_component_ref idref="oc-369"/>
      </symbol>
      <symbol id="sm-81c">
         <name>SysCtl_delay</name>
         <value>0x128</value>
         <object_component_ref idref="oc-356"/>
      </symbol>
      <symbol id="sm-81d">
         <name>SysCtl_selectXTALSingleEnded</name>
         <value>0x9cd0</value>
         <object_component_ref idref="oc-30b"/>
      </symbol>
      <symbol id="sm-81e">
         <name>SysCtl_selectXTAL</name>
         <value>0x94cf</value>
         <object_component_ref idref="oc-305"/>
      </symbol>
      <symbol id="sm-81f">
         <name>SysCtl_selectOscSource</name>
         <value>0x9442</value>
         <object_component_ref idref="oc-22f"/>
      </symbol>
      <symbol id="sm-820">
         <name>SysCtl_getLowSpeedClock</name>
         <value>0xa000</value>
         <object_component_ref idref="oc-29a"/>
      </symbol>
      <symbol id="sm-821">
         <name>SysCtl_setClock</name>
         <value>0x8990</value>
         <object_component_ref idref="oc-287"/>
      </symbol>
      <symbol id="sm-822">
         <name>SysCtl_getClock</name>
         <value>0x91a5</value>
         <object_component_ref idref="oc-293"/>
      </symbol>
      <symbol id="sm-82c">
         <name>_c_int00</name>
         <value>0xa221</value>
         <object_component_ref idref="oc-11d"/>
      </symbol>
      <symbol id="sm-82d">
         <name>__stack</name>
         <value>0x400</value>
         <object_component_ref idref="oc-79"/>
      </symbol>
      <symbol id="sm-83a">
         <name>__c28xabi_divf</name>
         <value>0x8f4f</value>
         <object_component_ref idref="oc-d3"/>
      </symbol>
      <symbol id="sm-848">
         <name>_system_pre_init</name>
         <value>0xa7a9</value>
         <object_component_ref idref="oc-18b"/>
      </symbol>
      <symbol id="sm-857">
         <name>__TI_auto_init_nobinit_nopinit</name>
         <value>0x9b40</value>
         <object_component_ref idref="oc-1b9"/>
      </symbol>
      <symbol id="sm-866">
         <name>__TI_zero_init_nomemset</name>
         <value>0xa683</value>
         <object_component_ref idref="oc-84"/>
      </symbol>
      <symbol id="sm-873">
         <name>__TI_decompress_none</name>
         <value>0xa74c</value>
         <object_component_ref idref="oc-19"/>
      </symbol>
      <symbol id="sm-887">
         <name>__TI_decompress_lzss</name>
         <value>0x9ab9</value>
         <object_component_ref idref="oc-13"/>
      </symbol>
      <symbol id="sm-89d">
         <name>C$$EXIT</name>
         <value>0x9bbf</value>
         <object_component_ref idref="oc-198"/>
      </symbol>
      <symbol id="sm-89e">
         <name>abort</name>
         <value>0x9bbf</value>
         <object_component_ref idref="oc-198"/>
      </symbol>
      <symbol id="sm-89f">
         <name>exit</name>
         <value>0x9bc1</value>
         <object_component_ref idref="oc-198"/>
      </symbol>
      <symbol id="sm-8a0">
         <name>__TI_dtors_ptr</name>
         <value>0x86f4</value>
         <object_component_ref idref="oc-1f1"/>
      </symbol>
      <symbol id="sm-8a1">
         <name>__TI_cleanup_ptr</name>
         <value>0x86f2</value>
         <object_component_ref idref="oc-1f1"/>
      </symbol>
      <symbol id="sm-8a2">
         <name>__TI_enable_exit_profile_output</name>
         <value>0x86f0</value>
         <object_component_ref idref="oc-1f1"/>
      </symbol>
      <symbol id="sm-8b9">
         <name>_nop</name>
         <value>0xa74b</value>
         <object_component_ref idref="oc-26e"/>
      </symbol>
      <symbol id="sm-8ba">
         <name>_lock</name>
         <value>0x86f6</value>
         <object_component_ref idref="oc-1f4"/>
      </symbol>
      <symbol id="sm-8bb">
         <name>_unlock</name>
         <value>0x86f8</value>
         <object_component_ref idref="oc-342"/>
      </symbol>
      <symbol id="sm-8bc">
         <name>_register_lock</name>
         <value>0xa747</value>
         <object_component_ref idref="oc-26e"/>
      </symbol>
      <symbol id="sm-8bd">
         <name>_register_unlock</name>
         <value>0xa743</value>
         <object_component_ref idref="oc-26e"/>
      </symbol>
      <symbol id="sm-8cc">
         <name>_args_main</name>
         <value>0xa6f0</value>
         <object_component_ref idref="oc-192"/>
      </symbol>
      <symbol id="sm-8e1">
         <name>atoi</name>
         <value>0x9a5a</value>
         <object_component_ref idref="oc-f4"/>
      </symbol>
      <symbol id="sm-8ec">
         <name>_ctypes_</name>
         <value>0x8306</value>
         <object_component_ref idref="oc-179"/>
      </symbol>
      <symbol id="sm-900">
         <name>memcpy</name>
         <value>0x9eef</value>
         <object_component_ref idref="oc-7c"/>
      </symbol>
      <symbol id="sm-90d">
         <name>_system_post_cinit</name>
         <value>0xa7ac</value>
         <object_component_ref idref="oc-202"/>
      </symbol>
      <symbol id="sm-90f">
         <name>__c_args__</name>
         <value>0x0</value>
      </symbol>
   </symbol_table>
   <title>Link successful</title>
</link_info>
