<?xml version="1.0" encoding="ISO-8859-1" ?>
<link_info>
   <banner>TMS320C2000 Linker PC v22.6.3.LTS</banner>
   <copyright>Copyright (c) 1996-2018 Texas Instruments Incorporated</copyright>
   <link_time>0x694bb18a</link_time>
   <link_errors>0x0</link_errors>
   <output_file>empty_driverlib_project.out</output_file>
   <entry_point>
      <name>code_start</name>
      <address>0x80000</address>
   </entry_point>
   <input_file_list>
      <input_file id="fl-2">
         <path>.\syscfg\</path>
         <kind>object</kind>
         <file>board.obj</file>
         <name>board.obj</name>
      </input_file>
      <input_file id="fl-3">
         <path>.\syscfg\</path>
         <kind>object</kind>
         <file>c2000ware_libraries.obj</file>
         <name>c2000ware_libraries.obj</name>
      </input_file>
      <input_file id="fl-4">
         <path>.\</path>
         <kind>object</kind>
         <file>empty_driverlib_main.obj</file>
         <name>empty_driverlib_main.obj</name>
      </input_file>
      <input_file id="fl-5">
         <path>.\device\</path>
         <kind>object</kind>
         <file>device.obj</file>
         <name>device.obj</name>
      </input_file>
      <input_file id="fl-6">
         <path>.\device\</path>
         <kind>object</kind>
         <file>f280013x_codestartbranch.obj</file>
         <name>f280013x_codestartbranch.obj</name>
      </input_file>
      <input_file id="fl-c">
         <kind>object</kind>
         <file>&lt;internal&gt;</file>
         <name>&lt;internal&gt;</name>
      </input_file>
      <input_file id="fl-d">
         <path>C:\ti\C2000Ware_6_00_01_00\driverlib\f280013x\driverlib\ccs\Debug\</path>
         <kind>archive</kind>
         <file>driverlib.lib</file>
         <name>adc.obj</name>
      </input_file>
      <input_file id="fl-e">
         <path>C:\ti\C2000Ware_6_00_01_00\driverlib\f280013x\driverlib\ccs\Debug\</path>
         <kind>archive</kind>
         <file>driverlib.lib</file>
         <name>cputimer.obj</name>
      </input_file>
      <input_file id="fl-f">
         <path>C:\ti\C2000Ware_6_00_01_00\driverlib\f280013x\driverlib\ccs\Debug\</path>
         <kind>archive</kind>
         <file>driverlib.lib</file>
         <name>flash.obj</name>
      </input_file>
      <input_file id="fl-10">
         <path>C:\ti\C2000Ware_6_00_01_00\driverlib\f280013x\driverlib\ccs\Debug\</path>
         <kind>archive</kind>
         <file>driverlib.lib</file>
         <name>gpio.obj</name>
      </input_file>
      <input_file id="fl-11">
         <path>C:\ti\C2000Ware_6_00_01_00\driverlib\f280013x\driverlib\ccs\Debug\</path>
         <kind>archive</kind>
         <file>driverlib.lib</file>
         <name>interrupt.obj</name>
      </input_file>
      <input_file id="fl-12">
         <path>C:\ti\C2000Ware_6_00_01_00\driverlib\f280013x\driverlib\ccs\Debug\</path>
         <kind>archive</kind>
         <file>driverlib.lib</file>
         <name>sci.obj</name>
      </input_file>
      <input_file id="fl-13">
         <path>C:\ti\C2000Ware_6_00_01_00\driverlib\f280013x\driverlib\ccs\Debug\</path>
         <kind>archive</kind>
         <file>driverlib.lib</file>
         <name>sysctl.obj</name>
      </input_file>
      <input_file id="fl-1f">
         <path>C:\ti\ccs2040\ccs\tools\compiler\ti-cgt-c2000_22.6.3.LTS\lib\</path>
         <kind>archive</kind>
         <file>rts2800_fpu32_eabi.lib</file>
         <name>snprintf.c.obj</name>
      </input_file>
      <input_file id="fl-20">
         <path>C:\ti\ccs2040\ccs\tools\compiler\ti-cgt-c2000_22.6.3.LTS\lib\</path>
         <kind>archive</kind>
         <file>rts2800_fpu32_eabi.lib</file>
         <name>boot28.asm.obj</name>
      </input_file>
      <input_file id="fl-21">
         <path>C:\ti\ccs2040\ccs\tools\compiler\ti-cgt-c2000_22.6.3.LTS\lib\</path>
         <kind>archive</kind>
         <file>rts2800_fpu32_eabi.lib</file>
         <name>fs_div28.asm.obj</name>
      </input_file>
      <input_file id="fl-22">
         <path>C:\ti\ccs2040\ccs\tools\compiler\ti-cgt-c2000_22.6.3.LTS\lib\</path>
         <kind>archive</kind>
         <file>rts2800_fpu32_eabi.lib</file>
         <name>ll_cmp28.asm.obj</name>
      </input_file>
      <input_file id="fl-23">
         <path>C:\ti\ccs2040\ccs\tools\compiler\ti-cgt-c2000_22.6.3.LTS\lib\</path>
         <kind>archive</kind>
         <file>rts2800_fpu32_eabi.lib</file>
         <name>memcpy.c.obj</name>
      </input_file>
      <input_file id="fl-24">
         <path>C:\ti\ccs2040\ccs\tools\compiler\ti-cgt-c2000_22.6.3.LTS\lib\</path>
         <kind>archive</kind>
         <file>rts2800_fpu32_eabi.lib</file>
         <name>pre_init.c.obj</name>
      </input_file>
      <input_file id="fl-25">
         <path>C:\ti\ccs2040\ccs\tools\compiler\ti-cgt-c2000_22.6.3.LTS\lib\</path>
         <kind>archive</kind>
         <file>rts2800_fpu32_eabi.lib</file>
         <name>autoinit.c.obj</name>
      </input_file>
      <input_file id="fl-26">
         <path>C:\ti\ccs2040\ccs\tools\compiler\ti-cgt-c2000_22.6.3.LTS\lib\</path>
         <kind>archive</kind>
         <file>rts2800_fpu32_eabi.lib</file>
         <name>copy_zero_init.c.obj</name>
      </input_file>
      <input_file id="fl-27">
         <path>C:\ti\ccs2040\ccs\tools\compiler\ti-cgt-c2000_22.6.3.LTS\lib\</path>
         <kind>archive</kind>
         <file>rts2800_fpu32_eabi.lib</file>
         <name>copy_decompress_none.c.obj</name>
      </input_file>
      <input_file id="fl-28">
         <path>C:\ti\ccs2040\ccs\tools\compiler\ti-cgt-c2000_22.6.3.LTS\lib\</path>
         <kind>archive</kind>
         <file>rts2800_fpu32_eabi.lib</file>
         <name>copy_decompress_lzss.c.obj</name>
      </input_file>
      <input_file id="fl-29">
         <path>C:\ti\ccs2040\ccs\tools\compiler\ti-cgt-c2000_22.6.3.LTS\lib\</path>
         <kind>archive</kind>
         <file>rts2800_fpu32_eabi.lib</file>
         <name>exit.c.obj</name>
      </input_file>
      <input_file id="fl-2a">
         <path>C:\ti\ccs2040\ccs\tools\compiler\ti-cgt-c2000_22.6.3.LTS\lib\</path>
         <kind>archive</kind>
         <file>rts2800_fpu32_eabi.lib</file>
         <name>_lock.c.obj</name>
      </input_file>
      <input_file id="fl-2b">
         <path>C:\ti\ccs2040\ccs\tools\compiler\ti-cgt-c2000_22.6.3.LTS\lib\</path>
         <kind>archive</kind>
         <file>rts2800_fpu32_eabi.lib</file>
         <name>args_main.c.obj</name>
      </input_file>
      <input_file id="fl-2c">
         <path>C:\ti\ccs2040\ccs\tools\compiler\ti-cgt-c2000_22.6.3.LTS\lib\</path>
         <kind>archive</kind>
         <file>rts2800_fpu32_eabi.lib</file>
         <name>atoi.c.obj</name>
      </input_file>
      <input_file id="fl-2d">
         <path>C:\ti\ccs2040\ccs\tools\compiler\ti-cgt-c2000_22.6.3.LTS\lib\</path>
         <kind>archive</kind>
         <file>rts2800_fpu32_eabi.lib</file>
         <name>ctype.c.obj</name>
      </input_file>
      <input_file id="fl-2e">
         <path>C:\ti\ccs2040\ccs\tools\compiler\ti-cgt-c2000_22.6.3.LTS\lib\</path>
         <kind>archive</kind>
         <file>rts2800_fpu32_eabi.lib</file>
         <name>memset.c.obj</name>
      </input_file>
      <input_file id="fl-2f">
         <path>C:\ti\ccs2040\ccs\tools\compiler\ti-cgt-c2000_22.6.3.LTS\lib\</path>
         <kind>archive</kind>
         <file>rts2800_fpu32_eabi.lib</file>
         <name>_printfi.c.obj</name>
      </input_file>
      <input_file id="fl-30">
         <path>C:\ti\ccs2040\ccs\tools\compiler\ti-cgt-c2000_22.6.3.LTS\lib\</path>
         <kind>archive</kind>
         <file>rts2800_fpu32_eabi.lib</file>
         <name>wcslen.c.obj</name>
      </input_file>
      <input_file id="fl-31">
         <path>C:\ti\ccs2040\ccs\tools\compiler\ti-cgt-c2000_22.6.3.LTS\lib\</path>
         <kind>archive</kind>
         <file>rts2800_fpu32_eabi.lib</file>
         <name>fd_cmp28.asm.obj</name>
      </input_file>
      <input_file id="fl-32">
         <path>C:\ti\ccs2040\ccs\tools\compiler\ti-cgt-c2000_22.6.3.LTS\lib\</path>
         <kind>archive</kind>
         <file>rts2800_fpu32_eabi.lib</file>
         <name>fd_mpy28.asm.obj</name>
      </input_file>
      <input_file id="fl-33">
         <path>C:\ti\ccs2040\ccs\tools\compiler\ti-cgt-c2000_22.6.3.LTS\lib\</path>
         <kind>archive</kind>
         <file>rts2800_fpu32_eabi.lib</file>
         <name>fd_neg28.asm.obj</name>
      </input_file>
      <input_file id="fl-34">
         <path>C:\ti\ccs2040\ccs\tools\compiler\ti-cgt-c2000_22.6.3.LTS\lib\</path>
         <kind>archive</kind>
         <file>rts2800_fpu32_eabi.lib</file>
         <name>fd_sub28.asm.obj</name>
      </input_file>
      <input_file id="fl-35">
         <path>C:\ti\ccs2040\ccs\tools\compiler\ti-cgt-c2000_22.6.3.LTS\lib\</path>
         <kind>archive</kind>
         <file>rts2800_fpu32_eabi.lib</file>
         <name>fd_toi28.asm.obj</name>
      </input_file>
      <input_file id="fl-36">
         <path>C:\ti\ccs2040\ccs\tools\compiler\ti-cgt-c2000_22.6.3.LTS\lib\</path>
         <kind>archive</kind>
         <file>rts2800_fpu32_eabi.lib</file>
         <name>fd_tol28.asm.obj</name>
      </input_file>
      <input_file id="fl-37">
         <path>C:\ti\ccs2040\ccs\tools\compiler\ti-cgt-c2000_22.6.3.LTS\lib\</path>
         <kind>archive</kind>
         <file>rts2800_fpu32_eabi.lib</file>
         <name>ll_aox28.asm.obj</name>
      </input_file>
      <input_file id="fl-38">
         <path>C:\ti\ccs2040\ccs\tools\compiler\ti-cgt-c2000_22.6.3.LTS\lib\</path>
         <kind>archive</kind>
         <file>rts2800_fpu32_eabi.lib</file>
         <name>ll_div28.asm.obj</name>
      </input_file>
      <input_file id="fl-39">
         <path>C:\ti\ccs2040\ccs\tools\compiler\ti-cgt-c2000_22.6.3.LTS\lib\</path>
         <kind>archive</kind>
         <file>rts2800_fpu32_eabi.lib</file>
         <name>i_tofd28.asm.obj</name>
      </input_file>
      <input_file id="fl-3a">
         <path>C:\ti\ccs2040\ccs\tools\compiler\ti-cgt-c2000_22.6.3.LTS\lib\</path>
         <kind>archive</kind>
         <file>rts2800_fpu32_eabi.lib</file>
         <name>l_tofd28.asm.obj</name>
      </input_file>
      <input_file id="fl-3b">
         <path>C:\ti\ccs2040\ccs\tools\compiler\ti-cgt-c2000_22.6.3.LTS\lib\</path>
         <kind>archive</kind>
         <file>rts2800_fpu32_eabi.lib</file>
         <name>fd_div28.asm.obj</name>
      </input_file>
      <input_file id="fl-3c">
         <path>C:\ti\ccs2040\ccs\tools\compiler\ti-cgt-c2000_22.6.3.LTS\lib\</path>
         <kind>archive</kind>
         <file>rts2800_fpu32_eabi.lib</file>
         <name>cpy_tbl.c.obj</name>
      </input_file>
      <input_file id="fl-3d">
         <path>C:\ti\ccs2040\ccs\tools\compiler\ti-cgt-c2000_22.6.3.LTS\lib\</path>
         <kind>archive</kind>
         <file>rts2800_fpu32_eabi.lib</file>
         <name>startup.c.obj</name>
      </input_file>
      <input_file id="fl-3e">
         <path>C:\ti\ccs2040\ccs\tools\compiler\ti-cgt-c2000_22.6.3.LTS\lib\</path>
         <kind>archive</kind>
         <file>rts2800_fpu32_eabi.lib</file>
         <name>_ltoa.c.obj</name>
      </input_file>
      <input_file id="fl-3f">
         <path>C:\ti\ccs2040\ccs\tools\compiler\ti-cgt-c2000_22.6.3.LTS\lib\</path>
         <kind>archive</kind>
         <file>rts2800_fpu32_eabi.lib</file>
         <name>memccpy.c.obj</name>
      </input_file>
      <input_file id="fl-40">
         <path>C:\ti\ccs2040\ccs\tools\compiler\ti-cgt-c2000_22.6.3.LTS\lib\</path>
         <kind>archive</kind>
         <file>rts2800_fpu32_eabi.lib</file>
         <name>strchr.c.obj</name>
      </input_file>
      <input_file id="fl-41">
         <path>C:\ti\ccs2040\ccs\tools\compiler\ti-cgt-c2000_22.6.3.LTS\lib\</path>
         <kind>archive</kind>
         <file>rts2800_fpu32_eabi.lib</file>
         <name>strcpy.c.obj</name>
      </input_file>
      <input_file id="fl-42">
         <path>C:\ti\ccs2040\ccs\tools\compiler\ti-cgt-c2000_22.6.3.LTS\lib\</path>
         <kind>archive</kind>
         <file>rts2800_fpu32_eabi.lib</file>
         <name>strlen.c.obj</name>
      </input_file>
      <input_file id="fl-43">
         <path>C:\ti\ccs2040\ccs\tools\compiler\ti-cgt-c2000_22.6.3.LTS\lib\</path>
         <kind>archive</kind>
         <file>rts2800_fpu32_eabi.lib</file>
         <name>errno.c.obj</name>
      </input_file>
      <input_file id="fl-44">
         <path>C:\ti\ccs2040\ccs\tools\compiler\ti-cgt-c2000_22.6.3.LTS\lib\</path>
         <kind>archive</kind>
         <file>rts2800_fpu32_eabi.lib</file>
         <name>s_frexp.c.obj</name>
      </input_file>
      <input_file id="fl-45">
         <path>C:\ti\ccs2040\ccs\tools\compiler\ti-cgt-c2000_22.6.3.LTS\lib\</path>
         <kind>archive</kind>
         <file>rts2800_fpu32_eabi.lib</file>
         <name>s_scalbn.c.obj</name>
      </input_file>
      <input_file id="fl-46">
         <path>C:\ti\ccs2040\ccs\tools\compiler\ti-cgt-c2000_22.6.3.LTS\lib\</path>
         <kind>archive</kind>
         <file>rts2800_fpu32_eabi.lib</file>
         <name>s_copysign.c.obj</name>
      </input_file>
      <input_file id="fl-47">
         <path>C:\ti\ccs2040\ccs\tools\compiler\ti-cgt-c2000_22.6.3.LTS\lib\</path>
         <kind>archive</kind>
         <file>rts2800_fpu32_eabi.lib</file>
         <name>fd_add28.asm.obj</name>
      </input_file>
      <input_file id="fl-48">
         <path>C:\ti\ccs2040\ccs\tools\compiler\ti-cgt-c2000_22.6.3.LTS\lib\</path>
         <kind>archive</kind>
         <file>rts2800_fpu32_eabi.lib</file>
         <name>l_div28.asm.obj</name>
      </input_file>
   </input_file_list>
   <object_component_list>
      <object_component id="oc-20">
         <name>codestart</name>
         <load_address>0x80000</load_address>
         <run_address>0x80000</run_address>
         <size>0x2</size>
         <input_file_ref idref="fl-6"/>
      </object_component>
      <object_component id="oc-6cf">
         <name>.text</name>
         <load_address>0x82000</load_address>
         <run_address>0x82000</run_address>
         <size>0x6c2</size>
         <input_file_ref idref="fl-2f"/>
      </object_component>
      <object_component id="oc-533">
         <name>.text:__TI_printfi</name>
         <load_address>0x826c2</load_address>
         <run_address>0x826c2</run_address>
         <size>0x614</size>
         <input_file_ref idref="fl-2f"/>
      </object_component>
      <object_component id="oc-30a">
         <name>.text:EPWM_init</name>
         <load_address>0x82cd6</load_address>
         <run_address>0x82cd6</run_address>
         <size>0x24c</size>
         <input_file_ref idref="fl-2"/>
      </object_component>
      <object_component id="oc-1fb">
         <name>.text:main</name>
         <load_address>0x82f22</load_address>
         <run_address>0x82f22</run_address>
         <size>0x17d</size>
         <input_file_ref idref="fl-4"/>
      </object_component>
      <object_component id="oc-2e6">
         <name>.text:PinMux_init</name>
         <load_address>0x8309f</load_address>
         <run_address>0x8309f</run_address>
         <size>0x143</size>
         <input_file_ref idref="fl-2"/>
      </object_component>
      <object_component id="oc-2b2">
         <name>.text:SysCtl_setClock</name>
         <load_address>0x831e2</load_address>
         <run_address>0x831e2</run_address>
         <size>0x141</size>
         <input_file_ref idref="fl-13"/>
      </object_component>
      <object_component id="oc-6bb">
         <name>.text</name>
         <load_address>0x83323</load_address>
         <run_address>0x83323</run_address>
         <size>0x107</size>
         <input_file_ref idref="fl-38"/>
      </object_component>
      <object_component id="oc-3d3">
         <name>.text:SysCtl_isPLLValid</name>
         <load_address>0x8342a</load_address>
         <run_address>0x8342a</run_address>
         <size>0xea</size>
         <input_file_ref idref="fl-13"/>
      </object_component>
      <object_component id="oc-2d7">
         <name>.text:GPIO_setAnalogMode</name>
         <load_address>0x83514</load_address>
         <run_address>0x83514</run_address>
         <size>0xac</size>
         <input_file_ref idref="fl-10"/>
      </object_component>
      <object_component id="oc-791">
         <name>.text</name>
         <load_address>0x835c0</load_address>
         <run_address>0x835c0</run_address>
         <size>0xa9</size>
         <input_file_ref idref="fl-45"/>
      </object_component>
      <object_component id="oc-7d6">
         <name>.text</name>
         <load_address>0x83669</load_address>
         <run_address>0x83669</run_address>
         <size>0x9c</size>
         <input_file_ref idref="fl-47"/>
      </object_component>
      <object_component id="oc-61">
         <name>.text:INT_mySCI0_RX_ISR</name>
         <load_address>0x83705</load_address>
         <run_address>0x83705</run_address>
         <size>0x95</size>
         <input_file_ref idref="fl-4"/>
      </object_component>
      <object_component id="oc-767">
         <name>.text</name>
         <load_address>0x8379a</load_address>
         <run_address>0x8379a</run_address>
         <size>0x8b</size>
         <input_file_ref idref="fl-3b"/>
      </object_component>
      <object_component id="oc-dc">
         <name>.text</name>
         <load_address>0x83825</load_address>
         <run_address>0x83825</run_address>
         <size>0x88</size>
         <input_file_ref idref="fl-21"/>
      </object_component>
      <object_component id="oc-76c">
         <name>.text</name>
         <load_address>0x838ad</load_address>
         <run_address>0x838ad</run_address>
         <size>0x83</size>
         <input_file_ref idref="fl-32"/>
      </object_component>
      <object_component id="oc-14c">
         <name>.text:Interrupt_clearIFR</name>
         <load_address>0x83930</load_address>
         <run_address>0x83930</run_address>
         <size>0x7f</size>
         <input_file_ref idref="fl-11"/>
      </object_component>
      <object_component id="oc-586">
         <name>.text:DCC_setCounterSeeds</name>
         <load_address>0x839af</load_address>
         <run_address>0x839af</run_address>
         <size>0x73</size>
         <input_file_ref idref="fl-13"/>
      </object_component>
      <object_component id="oc-2cb">
         <name>.text:Device_enableAllPeripherals</name>
         <load_address>0x83a22</load_address>
         <run_address>0x83a22</run_address>
         <size>0x6e</size>
         <input_file_ref idref="fl-5"/>
      </object_component>
      <object_component id="oc-37">
         <name>.text:INT_PS1_XINT_ISR</name>
         <load_address>0x83a90</load_address>
         <run_address>0x83a90</run_address>
         <size>0x6e</size>
         <input_file_ref idref="fl-4"/>
      </object_component>
      <object_component id="oc-2be">
         <name>.text:SysCtl_getClock</name>
         <load_address>0x83afe</load_address>
         <run_address>0x83afe</run_address>
         <size>0x65</size>
         <input_file_ref idref="fl-13"/>
      </object_component>
      <object_component id="oc-2c">
         <name>.text:INTERRUPT_init</name>
         <load_address>0x83b63</load_address>
         <run_address>0x83b63</run_address>
         <size>0x61</size>
         <input_file_ref idref="fl-2"/>
      </object_component>
      <object_component id="oc-225">
         <name>.text:Device_init</name>
         <load_address>0x83bc4</load_address>
         <run_address>0x83bc4</run_address>
         <size>0x5b</size>
         <input_file_ref idref="fl-5"/>
      </object_component>
      <object_component id="oc-447">
         <name>.text:myADC0_init</name>
         <load_address>0x83c1f</load_address>
         <run_address>0x83c1f</run_address>
         <size>0x5a</size>
         <input_file_ref idref="fl-2"/>
      </object_component>
      <object_component id="oc-78b">
         <name>.text</name>
         <load_address>0x83c79</load_address>
         <run_address>0x83c79</run_address>
         <size>0x5a</size>
         <input_file_ref idref="fl-44"/>
      </object_component>
      <object_component id="oc-27f">
         <name>.text</name>
         <load_address>0x83cd3</load_address>
         <run_address>0x83cd3</run_address>
         <size>0x5a</size>
         <input_file_ref idref="fl-1f"/>
      </object_component>
      <object_component id="oc-3ef">
         <name>.text:GPIO_setPadConfig</name>
         <load_address>0x83d2d</load_address>
         <run_address>0x83d2d</run_address>
         <size>0x52</size>
         <input_file_ref idref="fl-10"/>
      </object_component>
      <object_component id="oc-b4">
         <name>.text:Interrupt_disable</name>
         <load_address>0x83d7f</load_address>
         <run_address>0x83d7f</run_address>
         <size>0x4e</size>
         <input_file_ref idref="fl-11"/>
      </object_component>
      <object_component id="oc-6f8">
         <name>.text:ADC_setOffsetTrimAll</name>
         <load_address>0x83dcd</load_address>
         <run_address>0x83dcd</run_address>
         <size>0x4c</size>
         <input_file_ref idref="fl-d"/>
      </object_component>
      <object_component id="oc-44d">
         <name>.text:myADC1_init</name>
         <load_address>0x83e19</load_address>
         <run_address>0x83e19</run_address>
         <size>0x49</size>
         <input_file_ref idref="fl-2"/>
      </object_component>
      <object_component id="oc-249">
         <name>.text:SysCtl_selectOscSource</name>
         <load_address>0x83e62</load_address>
         <run_address>0x83e62</run_address>
         <size>0x47</size>
         <input_file_ref idref="fl-13"/>
      </object_component>
      <object_component id="oc-5e9">
         <name>.text:ADC_setupSOC</name>
         <load_address>0x83ea9</load_address>
         <run_address>0x83ea9</run_address>
         <size>0x46</size>
         <input_file_ref idref="fl-2"/>
      </object_component>
      <object_component id="oc-326">
         <name>.text:SysCtl_selectXTAL</name>
         <load_address>0x83eef</load_address>
         <run_address>0x83eef</run_address>
         <size>0x46</size>
         <input_file_ref idref="fl-13"/>
      </object_component>
      <object_component id="oc-e4">
         <name>.text:SCI_clearInterruptStatus</name>
         <load_address>0x83f35</load_address>
         <run_address>0x83f35</run_address>
         <size>0x45</size>
         <input_file_ref idref="fl-12"/>
      </object_component>
      <object_component id="oc-50d">
         <name>.text:SysCtl_pollX1Counter</name>
         <load_address>0x83f7a</load_address>
         <run_address>0x83f7a</run_address>
         <size>0x45</size>
         <input_file_ref idref="fl-13"/>
      </object_component>
      <object_component id="oc-497">
         <name>.text:EPWM_setActionQualifierAction</name>
         <load_address>0x83fbf</load_address>
         <run_address>0x83fbf</run_address>
         <size>0x40</size>
         <input_file_ref idref="fl-2"/>
      </object_component>
      <object_component id="oc-255">
         <name>.text:C2000Ware_libraries_init</name>
         <load_address>0x83fff</load_address>
         <run_address>0x83fff</run_address>
         <size>0x1</size>
         <input_file_ref idref="fl-3"/>
      </object_component>
      <object_component id="oc-59e">
         <name>.text:GPIO_isPinValid</name>
         <load_address>0x84000</load_address>
         <run_address>0x84000</run_address>
         <size>0x44</size>
         <input_file_ref idref="fl-10"/>
      </object_component>
      <object_component id="oc-359">
         <name>.text:GPIO_isPinValid</name>
         <load_address>0x84044</load_address>
         <run_address>0x84044</run_address>
         <size>0x44</size>
         <input_file_ref idref="fl-4"/>
      </object_component>
      <object_component id="oc-671">
         <name>.text:SCI_enableInterrupt</name>
         <load_address>0x84088</load_address>
         <run_address>0x84088</run_address>
         <size>0x44</size>
         <input_file_ref idref="fl-12"/>
      </object_component>
      <object_component id="oc-4f3">
         <name>.text:mySCI0_init</name>
         <load_address>0x840cc</load_address>
         <run_address>0x840cc</run_address>
         <size>0x43</size>
         <input_file_ref idref="fl-2"/>
      </object_component>
      <object_component id="oc-485">
         <name>.text:EPWM_setCounterCompareShadowLoadMode</name>
         <load_address>0x8410f</load_address>
         <run_address>0x8410f</run_address>
         <size>0x3e</size>
         <input_file_ref idref="fl-2"/>
      </object_component>
      <object_component id="oc-65f">
         <name>.text:SCI_setConfig</name>
         <load_address>0x8414d</load_address>
         <run_address>0x8414d</run_address>
         <size>0x3e</size>
         <input_file_ref idref="fl-12"/>
      </object_component>
      <object_component id="oc-231">
         <name>.text:Interrupt_initModule</name>
         <load_address>0x8418b</load_address>
         <run_address>0x8418b</run_address>
         <size>0x3d</size>
         <input_file_ref idref="fl-11"/>
      </object_component>
      <object_component id="oc-491">
         <name>.text:EPWM_setActionQualifierShadowLoadMode</name>
         <load_address>0x841c8</load_address>
         <run_address>0x841c8</run_address>
         <size>0x3a</size>
         <input_file_ref idref="fl-2"/>
      </object_component>
      <object_component id="oc-4f">
         <name>.text:INT_PWM3_TZ_ISR</name>
         <load_address>0x84202</load_address>
         <run_address>0x84202</run_address>
         <size>0x39</size>
         <input_file_ref idref="fl-4"/>
      </object_component>
      <object_component id="oc-55">
         <name>.text:INT_PWM4_TZ_ISR</name>
         <load_address>0x8423b</load_address>
         <run_address>0x8423b</run_address>
         <size>0x39</size>
         <input_file_ref idref="fl-4"/>
      </object_component>
      <object_component id="oc-5b">
         <name>.text:INT_PWM5_TZ_ISR</name>
         <load_address>0x84274</load_address>
         <run_address>0x84274</run_address>
         <size>0x39</size>
         <input_file_ref idref="fl-4"/>
      </object_component>
      <object_component id="oc-49">
         <name>.text:INT_mySCI0_TX_ISR</name>
         <load_address>0x842ad</load_address>
         <run_address>0x842ad</run_address>
         <size>0x38</size>
         <input_file_ref idref="fl-4"/>
      </object_component>
      <object_component id="oc-690">
         <name>.text:GPIO_setInterruptPin</name>
         <load_address>0x842e5</load_address>
         <run_address>0x842e5</run_address>
         <size>0x37</size>
         <input_file_ref idref="fl-10"/>
      </object_component>
      <object_component id="oc-3e9">
         <name>.text:GPIO_setPinConfig</name>
         <load_address>0x8431c</load_address>
         <run_address>0x8431c</run_address>
         <size>0x37</size>
         <input_file_ref idref="fl-10"/>
      </object_component>
      <object_component id="oc-3f5">
         <name>.text:GPIO_setQualificationMode</name>
         <load_address>0x84353</load_address>
         <run_address>0x84353</run_address>
         <size>0x37</size>
         <input_file_ref idref="fl-10"/>
      </object_component>
      <object_component id="oc-2b">
         <name>.text:INT_myCPUTIMER0_ISR</name>
         <load_address>0x8438a</load_address>
         <run_address>0x8438a</run_address>
         <size>0x37</size>
         <input_file_ref idref="fl-4"/>
      </object_component>
      <object_component id="oc-ba">
         <name>.text:Interrupt_enable</name>
         <load_address>0x843c1</load_address>
         <run_address>0x843c1</run_address>
         <size>0x37</size>
         <input_file_ref idref="fl-11"/>
      </object_component>
      <object_component id="oc-3d">
         <name>.text:INT_PS2_XINT_ISR</name>
         <load_address>0x843f8</load_address>
         <run_address>0x843f8</run_address>
         <size>0x33</size>
         <input_file_ref idref="fl-4"/>
      </object_component>
      <object_component id="oc-43">
         <name>.text:INT_PS3_XINT_ISR</name>
         <load_address>0x8442b</load_address>
         <run_address>0x8442b</run_address>
         <size>0x33</size>
         <input_file_ref idref="fl-4"/>
      </object_component>
      <object_component id="oc-638">
         <name>.text:GPIO_setDirectionMode</name>
         <load_address>0x8445e</load_address>
         <run_address>0x8445e</run_address>
         <size>0x31</size>
         <input_file_ref idref="fl-10"/>
      </object_component>
      <object_component id="oc-103">
         <name>.text</name>
         <load_address>0x8448f</load_address>
         <run_address>0x8448f</run_address>
         <size>0x31</size>
         <input_file_ref idref="fl-2c"/>
      </object_component>
      <object_component id="oc-776">
         <name>.text</name>
         <load_address>0x844c0</load_address>
         <run_address>0x844c0</run_address>
         <size>0x30</size>
         <input_file_ref idref="fl-3e"/>
      </object_component>
      <object_component id="oc-5ef">
         <name>.text:ADC_setInterruptSOCTrigger</name>
         <load_address>0x844f0</load_address>
         <run_address>0x844f0</run_address>
         <size>0x2e</size>
         <input_file_ref idref="fl-2"/>
      </object_component>
      <object_component id="oc-13">
         <name>.text:decompress:lzss</name>
         <load_address>0x8451e</load_address>
         <run_address>0x8451e</run_address>
         <size>0x2e</size>
         <input_file_ref idref="fl-28"/>
      </object_component>
      <object_component id="oc-34b">
         <name>.text:CMPSS_DAC_code_12bit</name>
         <load_address>0x8454c</load_address>
         <run_address>0x8454c</run_address>
         <size>0x2d</size>
         <input_file_ref idref="fl-4"/>
      </object_component>
      <object_component id="oc-49d">
         <name>.text:EPWM_setActionQualifierContSWForceAction</name>
         <load_address>0x84579</load_address>
         <run_address>0x84579</run_address>
         <size>0x2c</size>
         <input_file_ref idref="fl-2"/>
      </object_component>
      <object_component id="oc-1cb">
         <name>.text:__TI_auto_init_nobinit_nopinit</name>
         <load_address>0x845a5</load_address>
         <run_address>0x845a5</run_address>
         <size>0x2b</size>
         <input_file_ref idref="fl-25"/>
      </object_component>
      <object_component id="oc-5a6">
         <name>.text:XBAR_setInputPin</name>
         <load_address>0x845d0</load_address>
         <run_address>0x845d0</run_address>
         <size>0x2a</size>
         <input_file_ref idref="fl-2"/>
      </object_component>
      <object_component id="oc-743">
         <name>.text:XBAR_setInputPin</name>
         <load_address>0x845fa</load_address>
         <run_address>0x845fa</run_address>
         <size>0x2a</size>
         <input_file_ref idref="fl-10"/>
      </object_component>
      <object_component id="oc-75d">
         <name>.text</name>
         <load_address>0x84624</load_address>
         <run_address>0x84624</run_address>
         <size>0x2a</size>
         <input_file_ref idref="fl-31"/>
      </object_component>
      <object_component id="oc-7ce">
         <name>.text</name>
         <load_address>0x8464e</load_address>
         <run_address>0x8464e</run_address>
         <size>0x2a</size>
         <input_file_ref idref="fl-48"/>
      </object_component>
      <object_component id="oc-1aa">
         <name>.text</name>
         <load_address>0x84678</load_address>
         <run_address>0x84678</run_address>
         <size>0x29</size>
         <input_file_ref idref="fl-29"/>
      </object_component>
      <object_component id="oc-5bf">
         <name>.text:ADC_setVREF</name>
         <load_address>0x846a1</load_address>
         <run_address>0x846a1</run_address>
         <size>0x27</size>
         <input_file_ref idref="fl-d"/>
      </object_component>
      <object_component id="oc-267">
         <name>.text:CurrentLimit_to_DAC_Code</name>
         <load_address>0x846c8</load_address>
         <run_address>0x846c8</run_address>
         <size>0x27</size>
         <input_file_ref idref="fl-4"/>
      </object_component>
      <object_component id="oc-622">
         <name>.text:EPWM_isBaseValid</name>
         <load_address>0x846ef</load_address>
         <run_address>0x846ef</run_address>
         <size>0x27</size>
         <input_file_ref idref="fl-2"/>
      </object_component>
      <object_component id="oc-174">
         <name>.text:EPWM_isBaseValid</name>
         <load_address>0x84716</load_address>
         <run_address>0x84716</run_address>
         <size>0x27</size>
         <input_file_ref idref="fl-4"/>
      </object_component>
      <object_component id="oc-677">
         <name>.text:SCI_setFIFOInterruptLevel</name>
         <load_address>0x8473d</load_address>
         <run_address>0x8473d</run_address>
         <size>0x26</size>
         <input_file_ref idref="fl-2"/>
      </object_component>
      <object_component id="oc-454">
         <name>.text:myCPUTIMER0_init</name>
         <load_address>0x84763</load_address>
         <run_address>0x84763</run_address>
         <size>0x26</size>
         <input_file_ref idref="fl-2"/>
      </object_component>
      <object_component id="oc-32c">
         <name>.text:SysCtl_selectXTALSingleEnded</name>
         <load_address>0x84789</load_address>
         <run_address>0x84789</run_address>
         <size>0x25</size>
         <input_file_ref idref="fl-13"/>
      </object_component>
      <object_component id="oc-58c">
         <name>.text:DCC_enableSingleShotMode</name>
         <load_address>0x847ae</load_address>
         <run_address>0x847ae</run_address>
         <size>0x24</size>
         <input_file_ref idref="fl-13"/>
      </object_component>
      <object_component id="oc-7e5">
         <name>.text</name>
         <load_address>0x847d2</load_address>
         <run_address>0x847d2</run_address>
         <size>0x24</size>
         <input_file_ref idref="fl-46"/>
      </object_component>
      <object_component id="oc-273">
         <name>.text:GPIO_readPin</name>
         <load_address>0x847f6</load_address>
         <run_address>0x847f6</run_address>
         <size>0x23</size>
         <input_file_ref idref="fl-4"/>
      </object_component>
      <object_component id="oc-47f">
         <name>.text:EPWM_setCounterCompareValue</name>
         <load_address>0x84819</load_address>
         <run_address>0x84819</run_address>
         <size>0x22</size>
         <input_file_ref idref="fl-2"/>
      </object_component>
      <object_component id="oc-279">
         <name>.text:EPWM_setCounterCompareValue</name>
         <load_address>0x8483b</load_address>
         <run_address>0x8483b</run_address>
         <size>0x22</size>
         <input_file_ref idref="fl-4"/>
      </object_component>
      <object_component id="oc-243">
         <name>.text:EPWM_setTripZoneAction</name>
         <load_address>0x8485d</load_address>
         <run_address>0x8485d</run_address>
         <size>0x22</size>
         <input_file_ref idref="fl-4"/>
      </object_component>
      <object_component id="oc-786">
         <name>.text</name>
         <load_address>0x8487f</load_address>
         <run_address>0x8487f</run_address>
         <size>0x21</size>
         <input_file_ref idref="fl-35"/>
      </object_component>
      <object_component id="oc-24f">
         <name>.text:SysCtl_turnOffOsc</name>
         <load_address>0x848a0</load_address>
         <run_address>0x848a0</run_address>
         <size>0x20</size>
         <input_file_ref idref="fl-4"/>
      </object_component>
      <object_component id="oc-eb">
         <name>.text:EPWM_clearTripZoneFlag</name>
         <load_address>0x848c0</load_address>
         <run_address>0x848c0</run_address>
         <size>0x1f</size>
         <input_file_ref idref="fl-4"/>
      </object_component>
      <object_component id="oc-4af">
         <name>.text:EPWM_setFallingEdgeDelayCountShadowLoadMode</name>
         <load_address>0x848df</load_address>
         <run_address>0x848df</run_address>
         <size>0x1f</size>
         <input_file_ref idref="fl-2"/>
      </object_component>
      <object_component id="oc-4a3">
         <name>.text:EPWM_setRisingEdgeDelayCountShadowLoadMode</name>
         <load_address>0x848fe</load_address>
         <run_address>0x848fe</run_address>
         <size>0x1f</size>
         <input_file_ref idref="fl-2"/>
      </object_component>
      <object_component id="oc-3a0">
         <name>.text:Flash_writeTrims</name>
         <load_address>0x8491d</load_address>
         <run_address>0x8491d</run_address>
         <size>0x1f</size>
         <input_file_ref idref="fl-f"/>
      </object_component>
      <object_component id="oc-771">
         <name>.text</name>
         <load_address>0x8493c</load_address>
         <run_address>0x8493c</run_address>
         <size>0x1f</size>
         <input_file_ref idref="fl-36"/>
      </object_component>
      <object_component id="oc-57a">
         <name>.text:DCC_setCounter0ClkSource</name>
         <load_address>0x8495b</load_address>
         <run_address>0x8495b</run_address>
         <size>0x1e</size>
         <input_file_ref idref="fl-13"/>
      </object_component>
      <object_component id="oc-580">
         <name>.text:DCC_setCounter1ClkSource</name>
         <load_address>0x84979</load_address>
         <run_address>0x84979</run_address>
         <size>0x1e</size>
         <input_file_ref idref="fl-13"/>
      </object_component>
      <object_component id="oc-479">
         <name>.text:EPWM_setPhaseShift</name>
         <load_address>0x84997</load_address>
         <run_address>0x84997</run_address>
         <size>0x1e</size>
         <input_file_ref idref="fl-2"/>
      </object_component>
      <object_component id="oc-6d">
         <name>.text:Interrupt_initVectorTable</name>
         <load_address>0x849b5</load_address>
         <run_address>0x849b5</run_address>
         <size>0x1e</size>
         <input_file_ref idref="fl-11"/>
      </object_component>
      <object_component id="oc-f4">
         <name>.text:SCI_readCharBlockingFIFO</name>
         <load_address>0x849d3</load_address>
         <run_address>0x849d3</run_address>
         <size>0x1e</size>
         <input_file_ref idref="fl-4"/>
      </object_component>
      <object_component id="oc-6b6">
         <name>.text</name>
         <load_address>0x849f1</load_address>
         <run_address>0x849f1</run_address>
         <size>0x1e</size>
         <input_file_ref idref="fl-22"/>
      </object_component>
      <object_component id="oc-26d">
         <name>.text:CMPSS_setDACValueLow</name>
         <load_address>0x84a0f</load_address>
         <run_address>0x84a0f</run_address>
         <size>0x1d</size>
         <input_file_ref idref="fl-4"/>
      </object_component>
      <object_component id="oc-67d">
         <name>.text:SCI_enableFIFO</name>
         <load_address>0x84a2c</load_address>
         <run_address>0x84a2c</run_address>
         <size>0x1d</size>
         <input_file_ref idref="fl-2"/>
      </object_component>
      <object_component id="oc-797">
         <name>.text</name>
         <load_address>0x84a49</load_address>
         <run_address>0x84a49</run_address>
         <size>0x1d</size>
         <input_file_ref idref="fl-39"/>
      </object_component>
      <object_component id="oc-82">
         <name>.text</name>
         <load_address>0x84a66</load_address>
         <run_address>0x84a66</run_address>
         <size>0x1d</size>
         <input_file_ref idref="fl-23"/>
      </object_component>
      <object_component id="oc-5e3">
         <name>.text:ADC_setSOCPriority</name>
         <load_address>0x84a83</load_address>
         <run_address>0x84a83</run_address>
         <size>0x1c</size>
         <input_file_ref idref="fl-2"/>
      </object_component>
      <object_component id="oc-45b">
         <name>.text:EPWM_setClockPrescaler</name>
         <load_address>0x84a9f</load_address>
         <run_address>0x84a9f</run_address>
         <size>0x1c</size>
         <input_file_ref idref="fl-2"/>
      </object_component>
      <object_component id="oc-77c">
         <name>.text</name>
         <load_address>0x84abb</load_address>
         <run_address>0x84abb</run_address>
         <size>0x1c</size>
         <input_file_ref idref="fl-3a"/>
      </object_component>
      <object_component id="oc-352">
         <name>.text:CMPSS_isBaseValid</name>
         <load_address>0x84ad7</load_address>
         <run_address>0x84ad7</run_address>
         <size>0x1b</size>
         <input_file_ref idref="fl-4"/>
      </object_component>
      <object_component id="oc-3c1">
         <name>.text:SysCtl_setIntOSC2_Mode</name>
         <load_address>0x84af2</load_address>
         <run_address>0x84af2</run_address>
         <size>0x1b</size>
         <input_file_ref idref="fl-13"/>
      </object_component>
      <object_component id="oc-43a">
         <name>.text:ASysCtl_setAnalogReference1P65</name>
         <load_address>0x84b0d</load_address>
         <run_address>0x84b0d</run_address>
         <size>0x1a</size>
         <input_file_ref idref="fl-2"/>
      </object_component>
      <object_component id="oc-61b">
         <name>.text:CPUTimer_startTimer</name>
         <load_address>0x84b27</load_address>
         <run_address>0x84b27</run_address>
         <size>0x1a</size>
         <input_file_ref idref="fl-2"/>
      </object_component>
      <object_component id="oc-d6">
         <name>.text:CPUTimer_startTimer</name>
         <load_address>0x84b41</load_address>
         <run_address>0x84b41</run_address>
         <size>0x1a</size>
         <input_file_ref idref="fl-4"/>
      </object_component>
      <object_component id="oc-48b">
         <name>.text:EPWM_disableActionQualifierShadowLoadMode</name>
         <load_address>0x84b5b</load_address>
         <run_address>0x84b5b</run_address>
         <size>0x1a</size>
         <input_file_ref idref="fl-2"/>
      </object_component>
      <object_component id="oc-53d">
         <name>.text:SCI_isSpaceAvailableNonFIFO</name>
         <load_address>0x84b75</load_address>
         <run_address>0x84b75</run_address>
         <size>0x1a</size>
         <input_file_ref idref="fl-4"/>
      </object_component>
      <object_component id="oc-2c5">
         <name>.text:SysCtl_getLowSpeedClock</name>
         <load_address>0x84b8f</load_address>
         <run_address>0x84b8f</run_address>
         <size>0x1a</size>
         <input_file_ref idref="fl-13"/>
      </object_component>
      <object_component id="oc-237">
         <name>.text:Board_init</name>
         <load_address>0x84ba9</load_address>
         <run_address>0x84ba9</run_address>
         <size>0x19</size>
         <input_file_ref idref="fl-2"/>
      </object_component>
      <object_component id="oc-36a">
         <name>.text:SCI_writeCharBlockingNonFIFO</name>
         <load_address>0x84bc2</load_address>
         <run_address>0x84bc2</run_address>
         <size>0x19</size>
         <input_file_ref idref="fl-4"/>
      </object_component>
      <object_component id="oc-3cd">
         <name>.text:SysCtl_setPLLSysClk</name>
         <load_address>0x84bdb</load_address>
         <run_address>0x84bdb</run_address>
         <size>0x19</size>
         <input_file_ref idref="fl-13"/>
      </object_component>
      <object_component id="oc-5ac">
         <name>.text:XBAR_lockInput</name>
         <load_address>0x84bf4</load_address>
         <run_address>0x84bf4</run_address>
         <size>0x19</size>
         <input_file_ref idref="fl-2"/>
      </object_component>
      <object_component id="oc-434">
         <name>.text:ASysCtl_setAnalogReferenceInternal</name>
         <load_address>0x84c0d</load_address>
         <run_address>0x84c0d</run_address>
         <size>0x18</size>
         <input_file_ref idref="fl-2"/>
      </object_component>
      <object_component id="oc-4b5">
         <name>.text:EPWM_disableFallingEdgeDelayCountShadowLoadMode</name>
         <load_address>0x84c25</load_address>
         <run_address>0x84c25</run_address>
         <size>0x18</size>
         <input_file_ref idref="fl-2"/>
      </object_component>
      <object_component id="oc-4a9">
         <name>.text:EPWM_disableRisingEdgeDelayCountShadowLoadMode</name>
         <load_address>0x84c3d</load_address>
         <run_address>0x84c3d</run_address>
         <size>0x18</size>
         <input_file_ref idref="fl-2"/>
      </object_component>
      <object_component id="oc-72f">
         <name>.text:SCI_disableModule</name>
         <load_address>0x84c55</load_address>
         <run_address>0x84c55</run_address>
         <size>0x18</size>
         <input_file_ref idref="fl-12"/>
      </object_component>
      <object_component id="oc-66b">
         <name>.text:SCI_performSoftwareReset</name>
         <load_address>0x84c6d</load_address>
         <run_address>0x84c6d</run_address>
         <size>0x18</size>
         <input_file_ref idref="fl-2"/>
      </object_component>
      <object_component id="oc-16c">
         <name>.text:SCI_performSoftwareReset</name>
         <load_address>0x84c85</load_address>
         <run_address>0x84c85</run_address>
         <size>0x18</size>
         <input_file_ref idref="fl-12"/>
      </object_component>
      <object_component id="oc-659">
         <name>.text:SCI_resetChannels</name>
         <load_address>0x84c9d</load_address>
         <run_address>0x84c9d</run_address>
         <size>0x18</size>
         <input_file_ref idref="fl-2"/>
      </object_component>
      <object_component id="oc-653">
         <name>.text:SCI_resetRxFIFO</name>
         <load_address>0x84cb5</load_address>
         <run_address>0x84cb5</run_address>
         <size>0x18</size>
         <input_file_ref idref="fl-2"/>
      </object_component>
      <object_component id="oc-64d">
         <name>.text:SCI_resetTxFIFO</name>
         <load_address>0x84ccd</load_address>
         <run_address>0x84ccd</run_address>
         <size>0x18</size>
         <input_file_ref idref="fl-2"/>
      </object_component>
      <object_component id="oc-6c0">
         <name>.text</name>
         <load_address>0x84ce5</load_address>
         <run_address>0x84ce5</run_address>
         <size>0x18</size>
         <input_file_ref idref="fl-37"/>
      </object_component>
      <object_component id="oc-440">
         <name>.text:ASysCtl_enableCMPSSExternalDAC</name>
         <load_address>0x84cfd</load_address>
         <run_address>0x84cfd</run_address>
         <size>0x17</size>
         <input_file_ref idref="fl-2"/>
      </object_component>
      <object_component id="oc-717">
         <name>.text:CPUTimer_isBaseValid</name>
         <load_address>0x84d14</load_address>
         <run_address>0x84d14</run_address>
         <size>0x17</size>
         <input_file_ref idref="fl-2"/>
      </object_component>
      <object_component id="oc-70e">
         <name>.text:CPUTimer_isBaseValid</name>
         <load_address>0x84d2b</load_address>
         <run_address>0x84d2b</run_address>
         <size>0x17</size>
         <input_file_ref idref="fl-e"/>
      </object_component>
      <object_component id="oc-136">
         <name>.text:CPUTimer_isBaseValid</name>
         <load_address>0x84d42</load_address>
         <run_address>0x84d42</run_address>
         <size>0x17</size>
         <input_file_ref idref="fl-4"/>
      </object_component>
      <object_component id="oc-5fd">
         <name>.text:CPUTimer_setPreScaler</name>
         <load_address>0x84d59</load_address>
         <run_address>0x84d59</run_address>
         <size>0x17</size>
         <input_file_ref idref="fl-2"/>
      </object_component>
      <object_component id="oc-725">
         <name>.text:SCI_isBaseValid</name>
         <load_address>0x84d70</load_address>
         <run_address>0x84d70</run_address>
         <size>0x17</size>
         <input_file_ref idref="fl-2"/>
      </object_component>
      <object_component id="oc-165">
         <name>.text:SCI_isBaseValid</name>
         <load_address>0x84d87</load_address>
         <run_address>0x84d87</run_address>
         <size>0x17</size>
         <input_file_ref idref="fl-12"/>
      </object_component>
      <object_component id="oc-17b">
         <name>.text:SCI_isBaseValid</name>
         <load_address>0x84d9e</load_address>
         <run_address>0x84d9e</run_address>
         <size>0x17</size>
         <input_file_ref idref="fl-4"/>
      </object_component>
      <object_component id="oc-3dd">
         <name>.text:SysCtl_enablePeripheral</name>
         <load_address>0x84db5</load_address>
         <run_address>0x84db5</run_address>
         <size>0x17</size>
         <input_file_ref idref="fl-5"/>
      </object_component>
      <object_component id="oc-556">
         <name>.text:SysCtl_enablePeripheral</name>
         <load_address>0x84dcc</load_address>
         <run_address>0x84dcc</run_address>
         <size>0x17</size>
         <input_file_ref idref="fl-13"/>
      </object_component>
      <object_component id="oc-337">
         <name>.text:SysCtl_enablePeripheral</name>
         <load_address>0x84de3</load_address>
         <run_address>0x84de3</run_address>
         <size>0x17</size>
         <input_file_ref idref="fl-4"/>
      </object_component>
      <object_component id="oc-12c">
         <name>.text</name>
         <load_address>0x84dfa</load_address>
         <run_address>0x84dfa</run_address>
         <size>0x17</size>
         <input_file_ref idref="fl-20"/>
      </object_component>
      <object_component id="oc-5d1">
         <name>.text:ADC_setInterruptCycleOffset</name>
         <load_address>0x84e11</load_address>
         <run_address>0x84e11</run_address>
         <size>0x16</size>
         <input_file_ref idref="fl-2"/>
      </object_component>
      <object_component id="oc-5cb">
         <name>.text:ADC_setInterruptPulseMode</name>
         <load_address>0x84e27</load_address>
         <run_address>0x84e27</run_address>
         <size>0x16</size>
         <input_file_ref idref="fl-2"/>
      </object_component>
      <object_component id="oc-5c5">
         <name>.text:ADC_setPrescaler</name>
         <load_address>0x84e3d</load_address>
         <run_address>0x84e3d</run_address>
         <size>0x16</size>
         <input_file_ref idref="fl-2"/>
      </object_component>
      <object_component id="oc-343">
         <name>.text:CMPSS_configDAC</name>
         <load_address>0x84e53</load_address>
         <run_address>0x84e53</run_address>
         <size>0x16</size>
         <input_file_ref idref="fl-4"/>
      </object_component>
      <object_component id="oc-574">
         <name>.text:DCC_disableDoneSignal</name>
         <load_address>0x84e69</load_address>
         <run_address>0x84e69</run_address>
         <size>0x16</size>
         <input_file_ref idref="fl-13"/>
      </object_component>
      <object_component id="oc-23d">
         <name>.text:EPWM_enableTripZoneSignals</name>
         <load_address>0x84e7f</load_address>
         <run_address>0x84e7f</run_address>
         <size>0x16</size>
         <input_file_ref idref="fl-4"/>
      </object_component>
      <object_component id="oc-67">
         <name>.text:Interrupt_defaultHandler</name>
         <load_address>0x84e95</load_address>
         <run_address>0x84e95</run_address>
         <size>0x16</size>
         <input_file_ref idref="fl-11"/>
      </object_component>
      <object_component id="oc-5dd">
         <name>.text:ADC_disableBurstMode</name>
         <load_address>0x84eab</load_address>
         <run_address>0x84eab</run_address>
         <size>0x15</size>
         <input_file_ref idref="fl-2"/>
      </object_component>
      <object_component id="oc-609">
         <name>.text:CPUTimer_enableInterrupt</name>
         <load_address>0x84ec0</load_address>
         <run_address>0x84ec0</run_address>
         <size>0x15</size>
         <input_file_ref idref="fl-2"/>
      </object_component>
      <object_component id="oc-562">
         <name>.text:DCC_clearDoneFlag</name>
         <load_address>0x84ed5</load_address>
         <run_address>0x84ed5</run_address>
         <size>0x15</size>
         <input_file_ref idref="fl-13"/>
      </object_component>
      <object_component id="oc-55c">
         <name>.text:DCC_clearErrorFlag</name>
         <load_address>0x84eea</load_address>
         <run_address>0x84eea</run_address>
         <size>0x15</size>
         <input_file_ref idref="fl-13"/>
      </object_component>
      <object_component id="oc-56e">
         <name>.text:DCC_disableErrorSignal</name>
         <load_address>0x84eff</load_address>
         <run_address>0x84eff</run_address>
         <size>0x15</size>
         <input_file_ref idref="fl-13"/>
      </object_component>
      <object_component id="oc-2de">
         <name>.text:GPIO_unlockPortConfig</name>
         <load_address>0x84f14</load_address>
         <run_address>0x84f14</run_address>
         <size>0x15</size>
         <input_file_ref idref="fl-5"/>
      </object_component>
      <object_component id="oc-615">
         <name>.text:CPUTimer_reloadTimerCounter</name>
         <load_address>0x84f29</load_address>
         <run_address>0x84f29</run_address>
         <size>0x14</size>
         <input_file_ref idref="fl-2"/>
      </object_component>
      <object_component id="oc-d0">
         <name>.text:CPUTimer_reloadTimerCounter</name>
         <load_address>0x84f3d</load_address>
         <run_address>0x84f3d</run_address>
         <size>0x14</size>
         <input_file_ref idref="fl-4"/>
      </object_component>
      <object_component id="oc-60f">
         <name>.text:CPUTimer_stopTimer</name>
         <load_address>0x84f51</load_address>
         <run_address>0x84f51</run_address>
         <size>0x14</size>
         <input_file_ref idref="fl-2"/>
      </object_component>
      <object_component id="oc-c4">
         <name>.text:CPUTimer_stopTimer</name>
         <load_address>0x84f65</load_address>
         <run_address>0x84f65</run_address>
         <size>0x14</size>
         <input_file_ref idref="fl-4"/>
      </object_component>
      <object_component id="oc-568">
         <name>.text:DCC_disableModule</name>
         <load_address>0x84f79</load_address>
         <run_address>0x84f79</run_address>
         <size>0x14</size>
         <input_file_ref idref="fl-13"/>
      </object_component>
      <object_component id="oc-592">
         <name>.text:DCC_enableModule</name>
         <load_address>0x84f8d</load_address>
         <run_address>0x84f8d</run_address>
         <size>0x14</size>
         <input_file_ref idref="fl-13"/>
      </object_component>
      <object_component id="oc-46d">
         <name>.text:EPWM_setTimeBaseCounterMode</name>
         <load_address>0x84fa1</load_address>
         <run_address>0x84fa1</run_address>
         <size>0x14</size>
         <input_file_ref idref="fl-2"/>
      </object_component>
      <object_component id="oc-461">
         <name>.text:EPWM_setTimeBasePeriod</name>
         <load_address>0x84fb5</load_address>
         <run_address>0x84fb5</run_address>
         <size>0x14</size>
         <input_file_ref idref="fl-2"/>
      </object_component>
      <object_component id="oc-261">
         <name>.text:EPWM_setTimeBasePeriod</name>
         <load_address>0x84fc9</load_address>
         <run_address>0x84fc9</run_address>
         <size>0x14</size>
         <input_file_ref idref="fl-4"/>
      </object_component>
      <object_component id="oc-109">
         <name>.text:SCI_getRxFIFOStatus</name>
         <load_address>0x84fdd</load_address>
         <run_address>0x84fdd</run_address>
         <size>0x14</size>
         <input_file_ref idref="fl-4"/>
      </object_component>
      <object_component id="oc-364">
         <name>.text:SCI_getTxFIFOStatus</name>
         <load_address>0x84ff1</load_address>
         <run_address>0x84ff1</run_address>
         <size>0x14</size>
         <input_file_ref idref="fl-4"/>
      </object_component>
      <object_component id="oc-5d7">
         <name>.text:ADC_enableConverter</name>
         <load_address>0x85005</load_address>
         <run_address>0x85005</run_address>
         <size>0x13</size>
         <input_file_ref idref="fl-2"/>
      </object_component>
      <object_component id="oc-700">
         <name>.text:ADC_isBaseValid</name>
         <load_address>0x85018</load_address>
         <run_address>0x85018</run_address>
         <size>0x13</size>
         <input_file_ref idref="fl-2"/>
      </object_component>
      <object_component id="oc-6f1">
         <name>.text:ADC_isBaseValid</name>
         <load_address>0x8502b</load_address>
         <run_address>0x8502b</run_address>
         <size>0x13</size>
         <input_file_ref idref="fl-d"/>
      </object_component>
      <object_component id="oc-33d">
         <name>.text:CMPSS_enableModule</name>
         <load_address>0x8503e</load_address>
         <run_address>0x8503e</run_address>
         <size>0x13</size>
         <input_file_ref idref="fl-4"/>
      </object_component>
      <object_component id="oc-5f7">
         <name>.text:CPUTimer_setEmulationMode</name>
         <load_address>0x85051</load_address>
         <run_address>0x85051</run_address>
         <size>0x13</size>
         <input_file_ref idref="fl-e"/>
      </object_component>
      <object_component id="oc-310">
         <name>.text:GPIO_init</name>
         <load_address>0x85064</load_address>
         <run_address>0x85064</run_address>
         <size>0x13</size>
         <input_file_ref idref="fl-2"/>
      </object_component>
      <object_component id="oc-647">
         <name>.text:SCI_clearOverflowStatus</name>
         <load_address>0x85077</load_address>
         <run_address>0x85077</run_address>
         <size>0x13</size>
         <input_file_ref idref="fl-2"/>
      </object_component>
      <object_component id="oc-10f">
         <name>.text:SCI_clearOverflowStatus</name>
         <load_address>0x8508a</load_address>
         <run_address>0x8508a</run_address>
         <size>0x13</size>
         <input_file_ref idref="fl-4"/>
      </object_component>
      <object_component id="oc-683">
         <name>.text:SCI_enableModule</name>
         <load_address>0x8509d</load_address>
         <run_address>0x8509d</run_address>
         <size>0x13</size>
         <input_file_ref idref="fl-2"/>
      </object_component>
      <object_component id="oc-735">
         <name>.text:SCI_enableModule</name>
         <load_address>0x850b0</load_address>
         <run_address>0x850b0</run_address>
         <size>0x13</size>
         <input_file_ref idref="fl-12"/>
      </object_component>
      <object_component id="oc-6e9">
         <name>.text:XBAR_isBaseValid</name>
         <load_address>0x850c3</load_address>
         <run_address>0x850c3</run_address>
         <size>0x13</size>
         <input_file_ref idref="fl-2"/>
      </object_component>
      <object_component id="oc-7b3">
         <name>.text:XBAR_isBaseValid</name>
         <load_address>0x850d6</load_address>
         <run_address>0x850d6</run_address>
         <size>0x13</size>
         <input_file_ref idref="fl-10"/>
      </object_component>
      <object_component id="oc-a2">
         <name>.text:CPUTimer_clearOverflowFlag</name>
         <load_address>0x850e9</load_address>
         <run_address>0x850e9</run_address>
         <size>0x12</size>
         <input_file_ref idref="fl-4"/>
      </object_component>
      <object_component id="oc-467">
         <name>.text:EPWM_setTimeBaseCounter</name>
         <load_address>0x850fb</load_address>
         <run_address>0x850fb</run_address>
         <size>0x12</size>
         <input_file_ref idref="fl-2"/>
      </object_component>
      <object_component id="oc-421">
         <name>.text:SysCtl_setSyncOutputConfig</name>
         <load_address>0x8510d</load_address>
         <run_address>0x8510d</run_address>
         <size>0x12</size>
         <input_file_ref idref="fl-2"/>
      </object_component>
      <object_component id="oc-fd">
         <name>.text:clear_tz</name>
         <load_address>0x8511f</load_address>
         <run_address>0x8511f</run_address>
         <size>0x12</size>
         <input_file_ref idref="fl-4"/>
      </object_component>
      <object_component id="oc-603">
         <name>.text:CPUTimer_setPeriod</name>
         <load_address>0x85131</load_address>
         <run_address>0x85131</run_address>
         <size>0x11</size>
         <input_file_ref idref="fl-2"/>
      </object_component>
      <object_component id="oc-473">
         <name>.text:EPWM_disablePhaseShiftLoad</name>
         <load_address>0x85142</load_address>
         <run_address>0x85142</run_address>
         <size>0x11</size>
         <input_file_ref idref="fl-2"/>
      </object_component>
      <object_component id="oc-665">
         <name>.text:SCI_disableLoopback</name>
         <load_address>0x85153</load_address>
         <run_address>0x85153</run_address>
         <size>0x11</size>
         <input_file_ref idref="fl-2"/>
      </object_component>
      <object_component id="oc-ca">
         <name>.text:CPUTimer_getTimerCount</name>
         <load_address>0x85164</load_address>
         <run_address>0x85164</run_address>
         <size>0x10</size>
         <input_file_ref idref="fl-4"/>
      </object_component>
      <object_component id="oc-6d8">
         <name>.text:DCC_isBaseValid</name>
         <load_address>0x85174</load_address>
         <run_address>0x85174</run_address>
         <size>0x10</size>
         <input_file_ref idref="fl-13"/>
      </object_component>
      <object_component id="oc-22b">
         <name>.text:Device_initGPIO</name>
         <load_address>0x85184</load_address>
         <run_address>0x85184</run_address>
         <size>0x10</size>
         <input_file_ref idref="fl-5"/>
      </object_component>
      <object_component id="oc-381">
         <name>.text:Flash_isCtrlBaseValid</name>
         <load_address>0x85194</load_address>
         <run_address>0x85194</run_address>
         <size>0x10</size>
         <input_file_ref idref="fl-f"/>
      </object_component>
      <object_component id="oc-388">
         <name>.text:Flash_isECCBaseValid</name>
         <load_address>0x851a4</load_address>
         <run_address>0x851a4</run_address>
         <size>0x10</size>
         <input_file_ref idref="fl-f"/>
      </object_component>
      <object_component id="oc-68a">
         <name>.text:GPIO_setInterruptType</name>
         <load_address>0x851b4</load_address>
         <run_address>0x851b4</run_address>
         <size>0x10</size>
         <input_file_ref idref="fl-2"/>
      </object_component>
      <object_component id="oc-4d4">
         <name>.text:LED1_init</name>
         <load_address>0x851c4</load_address>
         <run_address>0x851c4</run_address>
         <size>0x10</size>
         <input_file_ref idref="fl-2"/>
      </object_component>
      <object_component id="oc-4bc">
         <name>.text:PS1_init</name>
         <load_address>0x851d4</load_address>
         <run_address>0x851d4</run_address>
         <size>0x10</size>
         <input_file_ref idref="fl-2"/>
      </object_component>
      <object_component id="oc-4c2">
         <name>.text:PS2_init</name>
         <load_address>0x851e4</load_address>
         <run_address>0x851e4</run_address>
         <size>0x10</size>
         <input_file_ref idref="fl-2"/>
      </object_component>
      <object_component id="oc-4c8">
         <name>.text:PS3_init</name>
         <load_address>0x851f4</load_address>
         <run_address>0x851f4</run_address>
         <size>0x10</size>
         <input_file_ref idref="fl-2"/>
      </object_component>
      <object_component id="oc-4da">
         <name>.text:SCA_init</name>
         <load_address>0x85204</load_address>
         <run_address>0x85204</run_address>
         <size>0x10</size>
         <input_file_ref idref="fl-2"/>
      </object_component>
      <object_component id="oc-4e0">
         <name>.text:SCB_init</name>
         <load_address>0x85214</load_address>
         <run_address>0x85214</run_address>
         <size>0x10</size>
         <input_file_ref idref="fl-2"/>
      </object_component>
      <object_component id="oc-4e6">
         <name>.text:SCC_init</name>
         <load_address>0x85224</load_address>
         <run_address>0x85224</run_address>
         <size>0x10</size>
         <input_file_ref idref="fl-2"/>
      </object_component>
      <object_component id="oc-4ec">
         <name>.text:SCD_init</name>
         <load_address>0x85234</load_address>
         <run_address>0x85234</run_address>
         <size>0x10</size>
         <input_file_ref idref="fl-2"/>
      </object_component>
      <object_component id="oc-181">
         <name>.text:SCI_getRxStatus</name>
         <load_address>0x85244</load_address>
         <run_address>0x85244</run_address>
         <size>0x10</size>
         <input_file_ref idref="fl-4"/>
      </object_component>
      <object_component id="oc-4ce">
         <name>.text:myGPIO0_init</name>
         <load_address>0x85254</load_address>
         <run_address>0x85254</run_address>
         <size>0x10</size>
         <input_file_ref idref="fl-2"/>
      </object_component>
      <object_component id="oc-6ae">
         <name>.text</name>
         <load_address>0x85264</load_address>
         <run_address>0x85264</run_address>
         <size>0x10</size>
         <input_file_ref idref="fl-3f"/>
      </object_component>
      <object_component id="oc-ae">
         <name>.text:Interrupt_register</name>
         <load_address>0x85274</load_address>
         <run_address>0x85274</run_address>
         <size>0xf</size>
         <input_file_ref idref="fl-2"/>
      </object_component>
      <object_component id="oc-285">
         <name>.text:sciSendChar</name>
         <load_address>0x85283</load_address>
         <run_address>0x85283</run_address>
         <size>0xf</size>
         <input_file_ref idref="fl-4"/>
      </object_component>
      <object_component id="oc-781">
         <name>.text</name>
         <load_address>0x85292</load_address>
         <run_address>0x85292</run_address>
         <size>0xe</size>
         <input_file_ref idref="fl-34"/>
      </object_component>
      <object_component id="oc-25b">
         <name>.text:CMPSS1_DAC_init</name>
         <load_address>0x852a0</load_address>
         <run_address>0x852a0</run_address>
         <size>0xd</size>
         <input_file_ref idref="fl-4"/>
      </object_component>
      <object_component id="oc-2ec">
         <name>.text:INPUTXBAR_init</name>
         <load_address>0x852ad</load_address>
         <run_address>0x852ad</run_address>
         <size>0xd</size>
         <input_file_ref idref="fl-2"/>
      </object_component>
      <object_component id="oc-146">
         <name>.text:Interrupt_disableGlobal</name>
         <load_address>0x852ba</load_address>
         <run_address>0x852ba</run_address>
         <size>0xd</size>
         <input_file_ref idref="fl-11"/>
      </object_component>
      <object_component id="oc-152">
         <name>.text:Interrupt_enableGlobal</name>
         <load_address>0x852c7</load_address>
         <run_address>0x852c7</run_address>
         <size>0xd</size>
         <input_file_ref idref="fl-11"/>
      </object_component>
      <object_component id="oc-2b8">
         <name>.text:SysCtl_setLowSpeedClock</name>
         <load_address>0x852d4</load_address>
         <run_address>0x852d4</run_address>
         <size>0xd</size>
         <input_file_ref idref="fl-5"/>
      </object_component>
      <object_component id="oc-8a">
         <name>.text:decompress:ZI:__TI_zero_init_nomemset</name>
         <load_address>0x852e1</load_address>
         <run_address>0x852e1</run_address>
         <size>0xd</size>
         <input_file_ref idref="fl-26"/>
      </object_component>
      <object_component id="oc-2f8">
         <name>.text:ASYSCTL_init</name>
         <load_address>0x852ee</load_address>
         <run_address>0x852ee</run_address>
         <size>0xc</size>
         <input_file_ref idref="fl-2"/>
      </object_component>
      <object_component id="oc-4fa">
         <name>.text:PS1_XINT_init</name>
         <load_address>0x852fa</load_address>
         <run_address>0x852fa</run_address>
         <size>0xc</size>
         <input_file_ref idref="fl-2"/>
      </object_component>
      <object_component id="oc-500">
         <name>.text:PS2_XINT_init</name>
         <load_address>0x85306</load_address>
         <run_address>0x85306</run_address>
         <size>0xc</size>
         <input_file_ref idref="fl-2"/>
      </object_component>
      <object_component id="oc-506">
         <name>.text:PS3_XINT_init</name>
         <load_address>0x85312</load_address>
         <run_address>0x85312</run_address>
         <size>0xc</size>
         <input_file_ref idref="fl-2"/>
      </object_component>
      <object_component id="oc-427">
         <name>.text:SysCtl_enableExtADCSOCSource</name>
         <load_address>0x8531e</load_address>
         <run_address>0x8531e</run_address>
         <size>0xc</size>
         <input_file_ref idref="fl-2"/>
      </object_component>
      <object_component id="oc-3fc">
         <name>.text:myINPUTXBARINPUT0_init</name>
         <load_address>0x8532a</load_address>
         <run_address>0x8532a</run_address>
         <size>0xc</size>
         <input_file_ref idref="fl-2"/>
      </object_component>
      <object_component id="oc-402">
         <name>.text:myINPUTXBARINPUT1_init</name>
         <load_address>0x85336</load_address>
         <run_address>0x85336</run_address>
         <size>0xc</size>
         <input_file_ref idref="fl-2"/>
      </object_component>
      <object_component id="oc-408">
         <name>.text:myINPUTXBARINPUT2_init</name>
         <load_address>0x85342</load_address>
         <run_address>0x85342</run_address>
         <size>0xc</size>
         <input_file_ref idref="fl-2"/>
      </object_component>
      <object_component id="oc-1a4">
         <name>.text</name>
         <load_address>0x8534e</load_address>
         <run_address>0x8534e</run_address>
         <size>0xc</size>
         <input_file_ref idref="fl-2b"/>
      </object_component>
      <object_component id="oc-79c">
         <name>.text</name>
         <load_address>0x8535a</load_address>
         <run_address>0x8535a</run_address>
         <size>0xc</size>
         <input_file_ref idref="fl-40"/>
      </object_component>
      <object_component id="oc-2a6">
         <name>.text:SysCtl_disableWatchdog</name>
         <load_address>0x85366</load_address>
         <run_address>0x85366</run_address>
         <size>0xb</size>
         <input_file_ref idref="fl-5"/>
      </object_component>
      <object_component id="oc-3ba">
         <name>.text:SysCtl_isMCDClockFailureDetected</name>
         <load_address>0x85371</load_address>
         <run_address>0x85371</run_address>
         <size>0xb</size>
         <input_file_ref idref="fl-13"/>
      </object_component>
      <object_component id="oc-6c5">
         <name>.text</name>
         <load_address>0x8537c</load_address>
         <run_address>0x8537c</run_address>
         <size>0xb</size>
         <input_file_ref idref="fl-30"/>
      </object_component>
      <object_component id="oc-3c7">
         <name>.text:ASysCtl_getExtROscStatus</name>
         <load_address>0x85387</load_address>
         <run_address>0x85387</run_address>
         <size>0xa</size>
         <input_file_ref idref="fl-13"/>
      </object_component>
      <object_component id="oc-73">
         <name>.text:Interrupt_illegalOperationHandler</name>
         <load_address>0x85391</load_address>
         <run_address>0x85391</run_address>
         <size>0xa</size>
         <input_file_ref idref="fl-11"/>
      </object_component>
      <object_component id="oc-79">
         <name>.text:Interrupt_nmiHandler</name>
         <load_address>0x8539b</load_address>
         <run_address>0x8539b</run_address>
         <size>0xa</size>
         <input_file_ref idref="fl-11"/>
      </object_component>
      <object_component id="oc-2f2">
         <name>.text:SYNC_init</name>
         <load_address>0x853a5</load_address>
         <run_address>0x853a5</run_address>
         <size>0xa</size>
         <input_file_ref idref="fl-2"/>
      </object_component>
      <object_component id="oc-696">
         <name>.text:GPIO_enableInterrupt</name>
         <load_address>0x853af</load_address>
         <run_address>0x853af</run_address>
         <size>0x9</size>
         <input_file_ref idref="fl-2"/>
      </object_component>
      <object_component id="oc-293">
         <name>.text</name>
         <load_address>0x853b8</load_address>
         <run_address>0x853b8</run_address>
         <size>0x9</size>
         <input_file_ref idref="fl-2a"/>
      </object_component>
      <object_component id="oc-762">
         <name>.text</name>
         <load_address>0x853c1</load_address>
         <run_address>0x853c1</run_address>
         <size>0x9</size>
         <input_file_ref idref="fl-33"/>
      </object_component>
      <object_component id="oc-19">
         <name>.text:decompress:none</name>
         <load_address>0x853ca</load_address>
         <run_address>0x853ca</run_address>
         <size>0x8</size>
         <input_file_ref idref="fl-27"/>
      </object_component>
      <object_component id="oc-96">
         <name>.text</name>
         <load_address>0x853d2</load_address>
         <run_address>0x853d2</run_address>
         <size>0x8</size>
         <input_file_ref idref="fl-6"/>
      </object_component>
      <object_component id="oc-6a2">
         <name>.text</name>
         <load_address>0x853da</load_address>
         <run_address>0x853da</run_address>
         <size>0x8</size>
         <input_file_ref idref="fl-42"/>
      </object_component>
      <object_component id="oc-42e">
         <name>.text:ASysCtl_disableTemperatureSensor</name>
         <load_address>0x853e2</load_address>
         <run_address>0x853e2</run_address>
         <size>0x7</size>
         <input_file_ref idref="fl-2"/>
      </object_component>
      <object_component id="oc-2d1">
         <name>.text:ASysCtl_lockVREG</name>
         <load_address>0x853e9</load_address>
         <run_address>0x853e9</run_address>
         <size>0x7</size>
         <input_file_ref idref="fl-5"/>
      </object_component>
      <object_component id="oc-40e">
         <name>.text:CSB_0UT_init</name>
         <load_address>0x853f0</load_address>
         <run_address>0x853f0</run_address>
         <size>0x7</size>
         <input_file_ref idref="fl-2"/>
      </object_component>
      <object_component id="oc-414">
         <name>.text:CSC_OUT_init</name>
         <load_address>0x853f7</load_address>
         <run_address>0x853f7</run_address>
         <size>0x7</size>
         <input_file_ref idref="fl-2"/>
      </object_component>
      <object_component id="oc-41a">
         <name>.text:CSD_OUT_init</name>
         <load_address>0x853fe</load_address>
         <run_address>0x853fe</run_address>
         <size>0x7</size>
         <input_file_ref idref="fl-2"/>
      </object_component>
      <object_component id="oc-513">
         <name>.text:SysCtl_resetMCD</name>
         <load_address>0x85405</load_address>
         <run_address>0x85405</run_address>
         <size>0x7</size>
         <input_file_ref idref="fl-13"/>
      </object_component>
      <object_component id="oc-31c">
         <name>.text:XINT_init</name>
         <load_address>0x8540c</load_address>
         <run_address>0x8540c</run_address>
         <size>0x7</size>
         <input_file_ref idref="fl-2"/>
      </object_component>
      <object_component id="oc-13d">
         <name>.text:__error__</name>
         <load_address>0x85413</load_address>
         <run_address>0x85413</run_address>
         <size>0x7</size>
         <input_file_ref idref="fl-5"/>
      </object_component>
      <object_component id="oc-125">
         <name>.text</name>
         <load_address>0x8541a</load_address>
         <run_address>0x8541a</run_address>
         <size>0x7</size>
         <input_file_ref idref="fl-2e"/>
      </object_component>
      <object_component id="oc-a8">
         <name>.text:Interrupt_clearACKGroup</name>
         <load_address>0x85421</load_address>
         <run_address>0x85421</run_address>
         <size>0x6</size>
         <input_file_ref idref="fl-4"/>
      </object_component>
      <object_component id="oc-2fe">
         <name>.text:ADC_init</name>
         <load_address>0x85427</load_address>
         <run_address>0x85427</run_address>
         <size>0x5</size>
         <input_file_ref idref="fl-2"/>
      </object_component>
      <object_component id="oc-6a8">
         <name>.text</name>
         <load_address>0x8542c</load_address>
         <run_address>0x8542c</run_address>
         <size>0x5</size>
         <input_file_ref idref="fl-41"/>
      </object_component>
      <object_component id="oc-304">
         <name>.text:CPUTIMER_init</name>
         <load_address>0x85431</load_address>
         <run_address>0x85431</run_address>
         <size>0x3</size>
         <input_file_ref idref="fl-2"/>
      </object_component>
      <object_component id="oc-316">
         <name>.text:SCI_init</name>
         <load_address>0x85434</load_address>
         <run_address>0x85434</run_address>
         <size>0x3</size>
         <input_file_ref idref="fl-2"/>
      </object_component>
      <object_component id="oc-19d">
         <name>.text</name>
         <load_address>0x85437</load_address>
         <run_address>0x85437</run_address>
         <size>0x2</size>
         <input_file_ref idref="fl-24"/>
      </object_component>
      <object_component id="oc-210">
         <name>.text</name>
         <load_address>0x85439</load_address>
         <run_address>0x85439</run_address>
         <size>0x1</size>
         <input_file_ref idref="fl-3d"/>
      </object_component>
      <object_component id="oc-833">
         <name>.cinit..data.load</name>
         <load_address>0x800f8</load_address>
         <run_address>0x800f8</run_address>
         <size>0x15</size>
      </object_component>
      <object_component id="oc-830">
         <name>__TI_handler_table</name>
         <load_address>0x8010e</load_address>
         <run_address>0x8010e</run_address>
         <size>0x6</size>
      </object_component>
      <object_component id="oc-832">
         <name>.cinit..bss.load</name>
         <load_address>0x80114</load_address>
         <run_address>0x80114</run_address>
         <size>0x4</size>
      </object_component>
      <object_component id="oc-831">
         <name>__TI_cinit_table</name>
         <load_address>0x80118</load_address>
         <run_address>0x80118</run_address>
         <size>0x8</size>
      </object_component>
      <object_component id="oc-7f">
         <name>.stack</name>
         <uninitialized>true</uninitialized>
         <run_address>0x400</run_address>
         <size>0x0</size>
         <input_file_ref idref="fl-20"/>
      </object_component>
      <object_component id="oc-834">
         <name>.stack</name>
         <uninitialized>true</uninitialized>
         <run_address>0x400</run_address>
         <size>0x0</size>
      </object_component>
      <object_component id="oc-28b">
         <name>.bss</name>
         <uninitialized>true</uninitialized>
         <run_address>0x8130</run_address>
         <size>0xa</size>
         <input_file_ref idref="fl-4"/>
      </object_component>
      <object_component id="oc-fa">
[...]
         <name>code</name>
         <value>0x8134</value>
         <object_component_ref idref="oc-28b"/>
      </symbol>
      <symbol id="sm-525">
         <name>time_rotation</name>
         <value>0x8114</value>
         <object_component_ref idref="oc-9c"/>
      </symbol>
      <symbol id="sm-526">
         <name>adcResult</name>
         <value>0x8101</value>
         <object_component_ref idref="oc-9c"/>
      </symbol>
      <symbol id="sm-527">
         <name>INT_PS1_XINT_ISR</name>
         <value>0x83a90</value>
         <object_component_ref idref="oc-37"/>
      </symbol>
      <symbol id="sm-528">
         <name>INT_PS3_XINT_ISR</name>
         <value>0x8442b</value>
         <object_component_ref idref="oc-43"/>
      </symbol>
      <symbol id="sm-529">
         <name>ps3</name>
         <value>0x8132</value>
         <object_component_ref idref="oc-28b"/>
      </symbol>
      <symbol id="sm-52a">
         <name>ps2</name>
         <value>0x8131</value>
         <object_component_ref idref="oc-28b"/>
      </symbol>
      <symbol id="sm-52b">
         <name>ps1</name>
         <value>0x8130</value>
         <object_component_ref idref="oc-28b"/>
      </symbol>
      <symbol id="sm-52c">
         <name>oc_fault</name>
         <value>0x8109</value>
         <object_component_ref idref="oc-9c"/>
      </symbol>
      <symbol id="sm-52d">
         <name>current_limit_A</name>
         <value>0x811c</value>
         <object_component_ref idref="oc-9c"/>
      </symbol>
      <symbol id="sm-52e">
         <name>ps1_isr_count</name>
         <value>0x810c</value>
         <object_component_ref idref="oc-9c"/>
      </symbol>
      <symbol id="sm-52f">
         <name>filtered_rpm</name>
         <value>0x811a</value>
         <object_component_ref idref="oc-9c"/>
      </symbol>
      <symbol id="sm-530">
         <name>ps3_isr_count</name>
         <value>0x8110</value>
         <object_component_ref idref="oc-9c"/>
      </symbol>
      <symbol id="sm-531">
         <name>ps2_isr_count</name>
         <value>0x810e</value>
         <object_component_ref idref="oc-9c"/>
      </symbol>
      <symbol id="sm-532">
         <name>counter</name>
         <value>0x8100</value>
         <object_component_ref idref="oc-9c"/>
      </symbol>
      <symbol id="sm-533">
         <name>INT_PWM5_TZ_ISR</name>
         <value>0x84274</value>
         <object_component_ref idref="oc-5b"/>
      </symbol>
      <symbol id="sm-534">
         <name>rx_idx</name>
         <value>0x8108</value>
         <object_component_ref idref="oc-9c"/>
      </symbol>
      <symbol id="sm-535">
         <name>oc_a_voltage</name>
         <value>0x8136</value>
         <object_component_ref idref="oc-28b"/>
      </symbol>
      <symbol id="sm-536">
         <name>CMPSS1_DAC_init</name>
         <value>0x852a0</value>
         <object_component_ref idref="oc-25b"/>
      </symbol>
      <symbol id="sm-537">
         <name>pwm_cmpa</name>
         <value>0x8107</value>
         <object_component_ref idref="oc-9c"/>
      </symbol>
      <symbol id="sm-538">
         <name>target_duty_percent</name>
         <value>0x8105</value>
         <object_component_ref idref="oc-9c"/>
      </symbol>
      <symbol id="sm-539">
         <name>adc_v</name>
         <value>0x8138</value>
         <object_component_ref idref="oc-28b"/>
      </symbol>
      <symbol id="sm-53a">
         <name>current_duty_percent</name>
         <value>0x8106</value>
         <object_component_ref idref="oc-9c"/>
      </symbol>
      <symbol id="sm-53b">
         <name>INT_PWM4_TZ_ISR</name>
         <value>0x8423b</value>
         <object_component_ref idref="oc-55"/>
      </symbol>
      <symbol id="sm-53c">
         <name>adc_raw</name>
         <value>0x8133</value>
         <object_component_ref idref="oc-28b"/>
      </symbol>
      <symbol id="sm-53d">
         <name>Rpm</name>
         <value>0x8118</value>
         <object_component_ref idref="oc-9c"/>
      </symbol>
      <symbol id="sm-53e">
         <name>timer0Count</name>
         <value>0x810a</value>
         <object_component_ref idref="oc-9c"/>
      </symbol>
      <symbol id="sm-58c">
         <name>Device_enableAllPeripherals</name>
         <value>0x83a22</value>
         <object_component_ref idref="oc-2cb"/>
      </symbol>
      <symbol id="sm-58d">
         <name>Device_initGPIO</name>
         <value>0x85184</value>
         <object_component_ref idref="oc-22b"/>
      </symbol>
      <symbol id="sm-58e">
         <name>Device_init</name>
         <value>0x83bc4</value>
         <object_component_ref idref="oc-225"/>
      </symbol>
      <symbol id="sm-58f">
         <name>__error__</name>
         <value>0x85413</value>
         <object_component_ref idref="oc-13d"/>
      </symbol>
      <symbol id="sm-59e">
         <name>code_start</name>
         <value>0x80000</value>
         <object_component_ref idref="oc-20"/>
      </symbol>
      <symbol id="sm-5cb">
         <name>ADC_setOffsetTrimAll</name>
         <value>0x83dcd</value>
         <object_component_ref idref="oc-6f8"/>
      </symbol>
      <symbol id="sm-5cc">
         <name>ADC_setVREF</name>
         <value>0x846a1</value>
         <object_component_ref idref="oc-5bf"/>
      </symbol>
      <symbol id="sm-5e6">
         <name>CPUTimer_setEmulationMode</name>
         <value>0x85051</value>
         <object_component_ref idref="oc-5f7"/>
      </symbol>
      <symbol id="sm-64c">
         <name>Flash_initModule</name>
         <value>0x8000</value>
         <object_component_ref idref="oc-2ac"/>
      </symbol>
      <symbol id="sm-6bb">
         <name>GPIO_setQualificationMode</name>
         <value>0x84353</value>
         <object_component_ref idref="oc-3f5"/>
      </symbol>
      <symbol id="sm-6bc">
         <name>GPIO_setPadConfig</name>
         <value>0x83d2d</value>
         <object_component_ref idref="oc-3ef"/>
      </symbol>
      <symbol id="sm-6bd">
         <name>GPIO_setInterruptPin</name>
         <value>0x842e5</value>
         <object_component_ref idref="oc-690"/>
      </symbol>
      <symbol id="sm-6be">
         <name>GPIO_setAnalogMode</name>
         <value>0x83514</value>
         <object_component_ref idref="oc-2d7"/>
      </symbol>
      <symbol id="sm-6bf">
         <name>GPIO_setDirectionMode</name>
         <value>0x8445e</value>
         <object_component_ref idref="oc-638"/>
      </symbol>
      <symbol id="sm-6c0">
         <name>GPIO_setPinConfig</name>
         <value>0x8431c</value>
         <object_component_ref idref="oc-3e9"/>
      </symbol>
      <symbol id="sm-739">
         <name>Interrupt_defaultHandler</name>
         <value>0x84e95</value>
         <object_component_ref idref="oc-67"/>
      </symbol>
      <symbol id="sm-73a">
         <name>Interrupt_disable</name>
         <value>0x83d7f</value>
         <object_component_ref idref="oc-b4"/>
      </symbol>
      <symbol id="sm-73b">
         <name>Interrupt_initModule</name>
         <value>0x8418b</value>
         <object_component_ref idref="oc-231"/>
      </symbol>
      <symbol id="sm-73c">
         <name>Interrupt_nmiHandler</name>
         <value>0x8539b</value>
         <object_component_ref idref="oc-79"/>
      </symbol>
      <symbol id="sm-73d">
         <name>Interrupt_enable</name>
         <value>0x843c1</value>
         <object_component_ref idref="oc-ba"/>
      </symbol>
      <symbol id="sm-73e">
         <name>Interrupt_initVectorTable</name>
         <value>0x849b5</value>
         <object_component_ref idref="oc-6d"/>
      </symbol>
      <symbol id="sm-73f">
         <name>Interrupt_illegalOperationHandler</name>
         <value>0x85391</value>
         <object_component_ref idref="oc-73"/>
      </symbol>
      <symbol id="sm-790">
         <name>SCI_clearInterruptStatus</name>
         <value>0x83f35</value>
         <object_component_ref idref="oc-e4"/>
      </symbol>
      <symbol id="sm-791">
         <name>SCI_setConfig</name>
         <value>0x8414d</value>
         <object_component_ref idref="oc-65f"/>
      </symbol>
      <symbol id="sm-792">
         <name>SCI_enableInterrupt</name>
         <value>0x84088</value>
         <object_component_ref idref="oc-671"/>
      </symbol>
      <symbol id="sm-8b4">
         <name>SysCtl_isPLLValid</name>
         <value>0x8342a</value>
         <object_component_ref idref="oc-3d3"/>
      </symbol>
      <symbol id="sm-8b5">
         <name>SysCtl_delay</name>
         <value>0x80e6</value>
         <object_component_ref idref="oc-3c0"/>
      </symbol>
      <symbol id="sm-8b6">
         <name>SysCtl_selectXTALSingleEnded</name>
         <value>0x84789</value>
         <object_component_ref idref="oc-32c"/>
      </symbol>
      <symbol id="sm-8b7">
         <name>SysCtl_selectXTAL</name>
         <value>0x83eef</value>
         <object_component_ref idref="oc-326"/>
      </symbol>
      <symbol id="sm-8b8">
         <name>SysCtl_selectOscSource</name>
         <value>0x83e62</value>
         <object_component_ref idref="oc-249"/>
      </symbol>
      <symbol id="sm-8b9">
         <name>SysCtl_getLowSpeedClock</name>
         <value>0x84b8f</value>
         <object_component_ref idref="oc-2c5"/>
      </symbol>
      <symbol id="sm-8ba">
         <name>SysCtl_setClock</name>
         <value>0x831e2</value>
         <object_component_ref idref="oc-2b2"/>
      </symbol>
      <symbol id="sm-8bb">
         <name>SysCtl_getClock</name>
         <value>0x83afe</value>
         <object_component_ref idref="oc-2be"/>
      </symbol>
      <symbol id="sm-8d0">
         <name>snprintf</name>
         <value>0x83cd3</value>
         <object_component_ref idref="oc-27f"/>
      </symbol>
      <symbol id="sm-8da">
         <name>_c_int00</name>
         <value>0x84dfa</value>
         <object_component_ref idref="oc-12c"/>
      </symbol>
      <symbol id="sm-8db">
         <name>__stack</name>
         <value>0x400</value>
         <object_component_ref idref="oc-7f"/>
      </symbol>
      <symbol id="sm-8e8">
         <name>__c28xabi_divf</name>
         <value>0x83825</value>
         <object_component_ref idref="oc-dc"/>
      </symbol>
      <symbol id="sm-8f2">
         <name>__c28xabi_cmpll</name>
         <value>0x849f1</value>
         <object_component_ref idref="oc-6b6"/>
      </symbol>
      <symbol id="sm-8f3">
         <name>__c28xabi_cmpull</name>
         <value>0x84a03</value>
         <object_component_ref idref="oc-6b6"/>
      </symbol>
      <symbol id="sm-905">
         <name>memcpy</name>
         <value>0x84a66</value>
         <object_component_ref idref="oc-82"/>
      </symbol>
      <symbol id="sm-912">
         <name>_system_pre_init</name>
         <value>0x85437</value>
         <object_component_ref idref="oc-19d"/>
      </symbol>
      <symbol id="sm-921">
         <name>__TI_auto_init_nobinit_nopinit</name>
         <value>0x845a5</value>
         <object_component_ref idref="oc-1cb"/>
      </symbol>
      <symbol id="sm-930">
         <name>__TI_zero_init_nomemset</name>
         <value>0x852e1</value>
         <object_component_ref idref="oc-8a"/>
      </symbol>
      <symbol id="sm-93d">
         <name>__TI_decompress_none</name>
         <value>0x853ca</value>
         <object_component_ref idref="oc-19"/>
      </symbol>
      <symbol id="sm-951">
         <name>__TI_decompress_lzss</name>
         <value>0x8451e</value>
         <object_component_ref idref="oc-13"/>
      </symbol>
      <symbol id="sm-967">
         <name>C$$EXIT</name>
         <value>0x84678</value>
         <object_component_ref idref="oc-1aa"/>
      </symbol>
      <symbol id="sm-968">
         <name>abort</name>
         <value>0x84678</value>
         <object_component_ref idref="oc-1aa"/>
      </symbol>
      <symbol id="sm-969">
         <name>exit</name>
         <value>0x8467a</value>
         <object_component_ref idref="oc-1aa"/>
      </symbol>
      <symbol id="sm-96a">
         <name>__TI_dtors_ptr</name>
         <value>0x80ee</value>
         <object_component_ref idref="oc-1ff"/>
      </symbol>
      <symbol id="sm-96b">
         <name>__TI_cleanup_ptr</name>
         <value>0x80ec</value>
         <object_component_ref idref="oc-1ff"/>
      </symbol>
      <symbol id="sm-96c">
         <name>__TI_enable_exit_profile_output</name>
         <value>0x80ea</value>
         <object_component_ref idref="oc-1ff"/>
      </symbol>
      <symbol id="sm-983">
         <name>_nop</name>
         <value>0x853c0</value>
         <object_component_ref idref="oc-293"/>
      </symbol>
      <symbol id="sm-984">
         <name>_lock</name>
         <value>0x80f0</value>
         <object_component_ref idref="oc-202"/>
      </symbol>
      <symbol id="sm-985">
         <name>_unlock</name>
         <value>0x80f2</value>
         <object_component_ref idref="oc-373"/>
      </symbol>
      <symbol id="sm-986">
         <name>_register_lock</name>
         <value>0x853bc</value>
         <object_component_ref idref="oc-293"/>
      </symbol>
      <symbol id="sm-987">
         <name>_register_unlock</name>
         <value>0x853b8</value>
         <object_component_ref idref="oc-293"/>
      </symbol>
      <symbol id="sm-996">
         <name>_args_main</name>
         <value>0x8534e</value>
         <object_component_ref idref="oc-1a4"/>
      </symbol>
      <symbol id="sm-9ab">
         <name>atoi</name>
         <value>0x8448f</value>
         <object_component_ref idref="oc-103"/>
      </symbol>
      <symbol id="sm-9b6">
         <name>_ctypes_</name>
         <value>0x8830c</value>
         <object_component_ref idref="oc-18b"/>
      </symbol>
      <symbol id="sm-9c5">
         <name>memset</name>
         <value>0x8541a</value>
         <object_component_ref idref="oc-125"/>
      </symbol>
      <symbol id="sm-b2d">
         <name>__TI_printfi</name>
         <value>0x82b51</value>
         <object_component_ref idref="oc-533"/>
      </symbol>
      <symbol id="sm-b3c">
         <name>wcslen</name>
         <value>0x8537c</value>
         <object_component_ref idref="oc-6c5"/>
      </symbol>
      <symbol id="sm-b48">
         <name>__c28xabi_cmpd</name>
         <value>0x84624</value>
         <object_component_ref idref="oc-75d"/>
      </symbol>
      <symbol id="sm-b56">
         <name>__c28xabi_mpyd</name>
         <value>0x838ad</value>
         <object_component_ref idref="oc-76c"/>
      </symbol>
      <symbol id="sm-b5f">
         <name>__c28xabi_negd</name>
         <value>0x853c1</value>
         <object_component_ref idref="oc-762"/>
      </symbol>
      <symbol id="sm-b67">
         <name>__c28xabi_subd</name>
         <value>0x85292</value>
         <object_component_ref idref="oc-781"/>
      </symbol>
      <symbol id="sm-b72">
         <name>__c28xabi_dtoi</name>
         <value>0x8487f</value>
         <object_component_ref idref="oc-786"/>
      </symbol>
      <symbol id="sm-b7d">
         <name>__c28xabi_dtol</name>
         <value>0x8493c</value>
         <object_component_ref idref="oc-771"/>
      </symbol>
      <symbol id="sm-b85">
         <name>__c28xabi_orll</name>
         <value>0x84ced</value>
         <object_component_ref idref="oc-6c0"/>
      </symbol>
      <symbol id="sm-b86">
         <name>__c28xabi_xorll</name>
         <value>0x84cf5</value>
         <object_component_ref idref="oc-6c0"/>
      </symbol>
      <symbol id="sm-b87">
         <name>__c28xabi_andll</name>
         <value>0x84ce5</value>
         <object_component_ref idref="oc-6c0"/>
      </symbol>
      <symbol id="sm-bae">
         <name>__c28xabi_modull</name>
         <value>0x833c8</value>
         <object_component_ref idref="oc-6bb"/>
      </symbol>
      <symbol id="sm-baf">
         <name>__c28xabi_divull</name>
         <value>0x83399</value>
         <object_component_ref idref="oc-6bb"/>
      </symbol>
      <symbol id="sm-bb0">
         <name>__c28xabi_divll</name>
         <value>0x83323</value>
         <object_component_ref idref="oc-6bb"/>
      </symbol>
      <symbol id="sm-bb1">
         <name>__c28xabi_modll</name>
         <value>0x8335f</value>
         <object_component_ref idref="oc-6bb"/>
      </symbol>
      <symbol id="sm-bbd">
         <name>__c28xabi_itod</name>
         <value>0x84a49</value>
         <object_component_ref idref="oc-797"/>
      </symbol>
      <symbol id="sm-bc9">
         <name>__c28xabi_ltod</name>
         <value>0x84abb</value>
         <object_component_ref idref="oc-77c"/>
      </symbol>
      <symbol id="sm-bdc">
         <name>__c28xabi_divd</name>
         <value>0x8379a</value>
         <object_component_ref idref="oc-767"/>
      </symbol>
      <symbol id="sm-bea">
         <name>_system_post_cinit</name>
         <value>0x85439</value>
         <object_component_ref idref="oc-210"/>
      </symbol>
      <symbol id="sm-bf9">
         <name>__TI_ltoa</name>
         <value>0x844c0</value>
         <object_component_ref idref="oc-776"/>
      </symbol>
      <symbol id="sm-c09">
         <name>memccpy</name>
         <value>0x85264</value>
         <object_component_ref idref="oc-6ae"/>
      </symbol>
      <symbol id="sm-c19">
         <name>strchr</name>
         <value>0x8535a</value>
         <object_component_ref idref="oc-79c"/>
      </symbol>
      <symbol id="sm-c27">
         <name>strcpy</name>
         <value>0x8542c</value>
         <object_component_ref idref="oc-6a8"/>
      </symbol>
      <symbol id="sm-c35">
         <name>strlen</name>
         <value>0x853da</value>
         <object_component_ref idref="oc-6a2"/>
      </symbol>
      <symbol id="sm-c40">
         <name>errno</name>
         <value>0x80f4</value>
         <object_component_ref idref="oc-6cb"/>
      </symbol>
      <symbol id="sm-c57">
         <name>frexpl</name>
         <value>0x83c79</value>
         <object_component_ref idref="oc-78b"/>
      </symbol>
      <symbol id="sm-c58">
         <name>frexp</name>
         <value>0x83c79</value>
         <object_component_ref idref="oc-78b"/>
      </symbol>
      <symbol id="sm-c7a">
         <name>scalbn</name>
         <value>0x835c0</value>
         <object_component_ref idref="oc-791"/>
      </symbol>
      <symbol id="sm-c7b">
         <name>scalbnl</name>
         <value>0x835c0</value>
         <object_component_ref idref="oc-791"/>
      </symbol>
      <symbol id="sm-c7c">
         <name>ldexpl</name>
         <value>0x835c0</value>
         <object_component_ref idref="oc-791"/>
      </symbol>
      <symbol id="sm-c7d">
         <name>ldexp</name>
         <value>0x835c0</value>
         <object_component_ref idref="oc-791"/>
      </symbol>
      <symbol id="sm-c8b">
         <name>copysign</name>
         <value>0x847d2</value>
         <object_component_ref idref="oc-7e5"/>
      </symbol>
      <symbol id="sm-c8c">
         <name>copysignl</name>
         <value>0x847d2</value>
         <object_component_ref idref="oc-7e5"/>
      </symbol>
      <symbol id="sm-ca3">
         <name>__c28xabi_addd</name>
         <value>0x83669</value>
         <object_component_ref idref="oc-7d6"/>
      </symbol>
      <symbol id="sm-cab">
         <name>__c28xabi_divul</name>
         <value>0x8466b</value>
         <object_component_ref idref="oc-7ce"/>
      </symbol>
      <symbol id="sm-cac">
         <name>__c28xabi_modul</name>
         <value>0x84672</value>
         <object_component_ref idref="oc-7ce"/>
      </symbol>
      <symbol id="sm-cad">
         <name>__c28xabi_modl</name>
         <value>0x8465d</value>
         <object_component_ref idref="oc-7ce"/>
      </symbol>
      <symbol id="sm-cae">
         <name>__c28xabi_divl</name>
         <value>0x8464e</value>
         <object_component_ref idref="oc-7ce"/>
      </symbol>
      <symbol id="sm-cb0">
         <name>__c_args__</name>
         <value>0x0</value>
      </symbol>
   </symbol_table>
   <title>Link successful</title>
</link_info>
