******************************************************************************
             TMS320C2000 Linker PC v22.6.3                     
******************************************************************************
>> Linked Thu Feb  5 11:03:43 2026

OUTPUT FILE NAME:   <MG.out>
ENTRY POINT SYMBOL: "code_start"  address: 00080000


MEMORY CONFIGURATION

         name            origin    length      used     unused   attr    fill
----------------------  --------  ---------  --------  --------  ----  --------
  BOOT_RSVD             00000002   00000126  00000000  00000126  RWIX
  RAMM0                 00000128   000002d8  00000000  000002d8  RWIX
  RAMM1                 00000400   000003f8  00000200  000001f8  RWIX
  RAMLS0                00008000   00002000  0000011c  00001ee4  RWIX
  RAMLS1                0000a000   00001ff8  00000000  00001ff8  RWIX
  BEGIN                 00080000   00000002  00000002  00000000  RWIX
  FLASH_BANK0_SEC_0_7   00080002   00001ffe  0000010a  00001ef4  RWIX
  FLASH_BANK0_SEC_8_15  00082000   00002000  00002000  00000000  RWIX
  FLASH_BANK0_SEC_16_23 00084000   00002000  000000b5  00001f4b  RWIX
  FLASH_BANK0_SEC_24_31 00086000   00002000  00000000  00002000  RWIX
  FLASH_BANK0_SEC_32_39 00088000   00002000  00000777  00001889  RWIX
  FLASH_BANK0_SEC_40_47 0008a000   00002000  00000000  00002000  RWIX
  FLASH_BANK0_SEC_48_55 0008c000   00002000  00000000  00002000  RWIX
  FLASH_BANK0_SEC_56_63 0008e000   00002000  00000000  00002000  RWIX
  FLASH_BANK0_SEC_64_71 00090000   00002000  00000000  00002000  RWIX
  FLASH_BANK0_SEC_72_79 00092000   00002000  00000000  00002000  RWIX
  FLASH_BANK0_SEC_80_87 00094000   00002000  00000000  00002000  RWIX
  FLASH_BANK0_SEC_88_95 00096000   00002000  00000000  00002000  RWIX
  FLASH_BANK0_SEC_96_10 00098000   00002000  00000000  00002000  RWIX
  FLASH_BANK0_SEC_104_1 0009a000   00002000  00000000  00002000  RWIX
  FLASH_BANK0_SEC_112_1 0009c000   00002000  00000000  00002000  RWIX
  FLASH_BANK0_SEC_120_1 0009e000   00001ff0  00000000  00001ff0  RWIX
  RESET                 003fffc0   00000002  00000000  00000002  RWIX


SECTION ALLOCATION MAP

 output                                  attributes/
section   page    origin      length       input sections
--------  ----  ----------  ----------   ----------------
codestart 
*          0    00080000    00000002     
                  00080000    00000002     f280013x_codestartbranch.obj (codestart)

.cinit     0    000800f8    00000020     
                  000800f8    0000000d     (.cinit..data.load) [load image, compression = lzss]
                  00080105    00000001     --HOLE-- [fill = 0]
                  00080106    00000006     (__TI_handler_table)
                  0008010c    00000004     (.cinit..bss.load) [load image, compression = zero_init]
                  00080110    00000008     (__TI_cinit_table)

.reset     0    003fffc0    00000000     DSECT

.stack     0    00000400    00000200     UNINITIALIZED
                  00000400    00000200     --HOLE--

.bss       0    00008108    00000014     UNINITIALIZED
                  00008108    00000010     empty_driverlib_main.obj (.bss:rx_buf)
                  00008118    00000004     empty_driverlib_main.obj (.bss)

.init_array 
*          0    00080008    00000000     UNINITIALIZED

.data      0    000080ea    0000001e     UNINITIALIZED
                  000080ea    00000014     empty_driverlib_main.obj (.data)
                  000080fe    00000002     rts2800_fpu32_eabi.lib : _lock.c.obj (.data:_lock)
                  00008100    00000006                            : exit.c.obj (.data)
                  00008106    00000002                            : _lock.c.obj (.data:_unlock)

.TI.ramfunc 
*          0    00080008    000000ea     RUN ADDR = 00008000
                  00080008    00000051     driverlib.lib : flash.obj (.TI.ramfunc:Flash_initModule)
                  00080059    00000022                   : flash.obj (.TI.ramfunc:Flash_setWaitstates)
                  0008007b    00000018                   : flash.obj (.TI.ramfunc:Flash_disableCache)
                  00080093    00000018                   : flash.obj (.TI.ramfunc:Flash_disablePrefetch)
                  000800ab    00000017                   : flash.obj (.TI.ramfunc:Flash_enableCache)
                  000800c2    00000016                   : flash.obj (.TI.ramfunc:Flash_enableECC)
                  000800d8    00000016                   : flash.obj (.TI.ramfunc:Flash_enablePrefetch)
                  000800ee    00000004                   : sysctl.obj (.TI.ramfunc)

.text.1    0    00082000    00002000     
                  00082000    00000282     board.obj (.text:EPWM_init)
                  00082282    00000141     driverlib.lib : sysctl.obj (.text:SysCtl_setClock)
                  000823c3    0000013e     board.obj (.text:PinMux_init)
                  00082501    00000110     empty_driverlib_main.obj (.text:main)
                  00082611    000000ea     driverlib.lib : sysctl.obj (.text:SysCtl_isPLLValid)
                  000826fb    000000ac                   : gpio.obj (.text:GPIO_setAnalogMode)
                  000827a7    00000092     empty_driverlib_main.obj (.text:INT_mySCI0_RX_ISR)
                  00082839    00000088     rts2800_fpu32_eabi.lib : fs_div28.asm.obj (.text)
                  000828c1    0000007f     driverlib.lib : interrupt.obj (.text:Interrupt_clearIFR)
                  00082940    00000073                   : sysctl.obj (.text:DCC_setCounterSeeds)
                  000829b3    0000006e     device.obj (.text:Device_enableAllPeripherals)
                  00082a21    0000006e     empty_driverlib_main.obj (.text:INT_PS1_XINT_ISR)
                  00082a8f    00000065     driverlib.lib : sysctl.obj (.text:SysCtl_getClock)
                  00082af4    00000061     board.obj (.text:INTERRUPT_init)
                  00082b55    0000005b     device.obj (.text:Device_init)
                  00082bb0    0000005a     board.obj (.text:myADC0_init)
                  00082c0a    00000052     driverlib.lib : gpio.obj (.text:GPIO_setPadConfig)
                  00082c5c    0000004e                   : interrupt.obj (.text:Interrupt_disable)
                  00082caa    0000004c                   : adc.obj (.text:ADC_setOffsetTrimAll)
                  00082cf6    00000049     board.obj (.text:myADC1_init)
                  00082d3f    00000047     driverlib.lib : sysctl.obj (.text:SysCtl_selectOscSource)
                  00082d86    00000046     board.obj (.text:ADC_setupSOC)
                  00082dcc    00000046     driverlib.lib : sysctl.obj (.text:SysCtl_selectXTAL)
                  00082e12    00000045                   : sci.obj (.text:SCI_clearInterruptStatus)
                  00082e57    00000045                   : sysctl.obj (.text:SysCtl_pollX1Counter)
                  00082e9c    00000044                   : gpio.obj (.text:GPIO_isPinValid)
                  00082ee0    00000044     empty_driverlib_main.obj (.text:GPIO_isPinValid)
                  00082f24    00000044     driverlib.lib : sci.obj (.text:SCI_enableInterrupt)
                  00082f68    00000043     board.obj (.text:mySCI0_init)
                  00082fab    00000040     board.obj (.text:EPWM_setActionQualifierAction)
                  00082feb    0000003e     board.obj (.text:EPWM_setCounterCompareShadowLoadMode)
                  00083029    0000003e     driverlib.lib : sci.obj (.text:SCI_setConfig)
                  00083067    0000003d                   : interrupt.obj (.text:Interrupt_initModule)
                  000830a4    0000003a     board.obj (.text:EPWM_setActionQualifierShadowLoadMode)
                  000830de    00000038     empty_driverlib_main.obj (.text:INT_mySCI0_TX_ISR)
                  00083116    00000037     driverlib.lib : gpio.obj (.text:GPIO_setInterruptPin)
                  0008314d    00000037                   : gpio.obj (.text:GPIO_setPinConfig)
                  00083184    00000037                   : gpio.obj (.text:GPIO_setQualificationMode)
                  000831bb    00000037                   : interrupt.obj (.text:Interrupt_enable)
                  000831f2    00000033     empty_driverlib_main.obj (.text:INT_PS2_XINT_ISR)
                  00083225    00000033     empty_driverlib_main.obj (.text:INT_PS3_XINT_ISR)
                  00083258    00000032     empty_driverlib_main.obj (.text:INT_myCPUTIMER0_ISR)
                  0008328a    00000031     driverlib.lib : gpio.obj (.text:GPIO_setDirectionMode)
                  000832bb    00000031     rts2800_fpu32_eabi.lib : atoi.c.obj (.text)
                  000832ec    0000002e     board.obj (.text:ADC_setInterruptSOCTrigger)
                  0008331a    0000002e     empty_driverlib_main.obj (.text:INT_PWM3_TZ_ISR)
                  00083348    0000002e     empty_driverlib_main.obj (.text:INT_PWM4_TZ_ISR)
                  00083376    0000002e     empty_driverlib_main.obj (.text:INT_PWM5_TZ_ISR)
                  000833a4    0000002e     rts2800_fpu32_eabi.lib : copy_decompress_lzss.c.obj (.text:decompress:lzss)
                  000833d2    0000002d     empty_driverlib_main.obj (.text:CMPSS_DAC_code_12bit)
                  000833ff    0000002c     board.obj (.text:EPWM_setActionQualifierContSWForceAction)
                  0008342b    0000002b     rts2800_fpu32_eabi.lib : autoinit.c.obj (.text:__TI_auto_init_nobinit_nopinit)
                  00083456    0000002a     board.obj (.text:XBAR_setInputPin)
                  00083480    0000002a     driverlib.lib : gpio.obj (.text:XBAR_setInputPin)
                  000834aa    00000029     rts2800_fpu32_eabi.lib : exit.c.obj (.text)
                  000834d3    00000027     driverlib.lib : adc.obj (.text:ADC_setVREF)
                  000834fa    00000027     empty_driverlib_main.obj (.text:CurrentLimit_to_DAC_Code)
                  00083521    00000027     board.obj (.text:EPWM_isBaseValid)
                  00083548    00000027     empty_driverlib_main.obj (.text:EPWM_isBaseValid)
                  0008356f    00000026     board.obj (.text:SCI_setFIFOInterruptLevel)
                  00083595    00000026     board.obj (.text:myCPUTIMER0_init)
                  000835bb    00000025     driverlib.lib : sysctl.obj (.text:SysCtl_selectXTALSingleEnded)
                  000835e0    00000024                   : sysctl.obj (.text:DCC_enableSingleShotMode)
                  00083604    00000023     empty_driverlib_main.obj (.text:GPIO_readPin)
                  00083627    00000022     board.obj (.text:EPWM_setCounterCompareValue)
                  00083649    00000022     empty_driverlib_main.obj (.text:EPWM_setCounterCompareValue)
                  0008366b    00000022     board.obj (.text:EPWM_setTripZoneAction)
                  0008368d    00000020     empty_driverlib_main.obj (.text:SysCtl_turnOffOsc)
                  000836ad    0000001f     board.obj (.text:EPWM_setFallingEdgeDelayCountShadowLoadMode)
                  000836cc    0000001f     board.obj (.text:EPWM_setRisingEdgeDelayCountShadowLoadMode)
                  000836eb    0000001f     driverlib.lib : flash.obj (.text:Flash_writeTrims)
                  0008370a    0000001e                   : sysctl.obj (.text:DCC_setCounter0ClkSource)
                  00083728    0000001e                   : sysctl.obj (.text:DCC_setCounter1ClkSource)
                  00083746    0000001e     board.obj (.text:EPWM_setPhaseShift)
                  00083764    0000001e     driverlib.lib : interrupt.obj (.text:Interrupt_initVectorTable)
                  00083782    0000001e     empty_driverlib_main.obj (.text:SCI_readCharBlockingFIFO)
                  000837a0    0000001d     empty_driverlib_main.obj (.text:CMPSS_setDACValueLow)
                  000837bd    0000001d     board.obj (.text:SCI_enableFIFO)
                  000837da    0000001d     rts2800_fpu32_eabi.lib : memcpy.c.obj (.text)
                  000837f7    0000001c     board.obj (.text:ADC_setSOCPriority)
                  00083813    0000001c     board.obj (.text:EPWM_setClockPrescaler)
                  0008382f    0000001b     board.obj (.text:Board_init)
                  0008384a    0000001b     empty_driverlib_main.obj (.text:CMPSS_isBaseValid)
                  00083865    0000001b     driverlib.lib : sysctl.obj (.text:SysCtl_setIntOSC2_Mode)
                  00083880    0000001a     board.obj (.text:ASysCtl_setAnalogReference1P65)
                  0008389a    0000001a     board.obj (.text:CPUTimer_startTimer)
                  000838b4    0000001a     empty_driverlib_main.obj (.text:CPUTimer_startTimer)
                  000838ce    0000001a     board.obj (.text:EPWM_disableActionQualifierShadowLoadMode)
                  000838e8    0000001a     driverlib.lib : sysctl.obj (.text:SysCtl_getLowSpeedClock)
                  00083902    00000019                   : sysctl.obj (.text:SysCtl_setPLLSysClk)
                  0008391b    00000019     board.obj (.text:XBAR_lockInput)
                  00083934    00000018     board.obj (.text:ASysCtl_setAnalogReferenceInternal)
                  0008394c    00000018     board.obj (.text:EPWM_disableFallingEdgeDelayCountShadowLoadMode)
                  00083964    00000018     board.obj (.text:EPWM_disableRisingEdgeDelayCountShadowLoadMode)
                  0008397c    00000018     driverlib.lib : sci.obj (.text:SCI_disableModule)
                  00083994    00000018     board.obj (.text:SCI_performSoftwareReset)
                  000839ac    00000018     driverlib.lib : sci.obj (.text:SCI_performSoftwareReset)
                  000839c4    00000018     board.obj (.text:SCI_resetChannels)
                  000839dc    00000018     board.obj (.text:SCI_resetRxFIFO)
                  000839f4    00000018     board.obj (.text:SCI_resetTxFIFO)
                  00083a0c    00000017     board.obj (.text:ASysCtl_enableCMPSSExternalDAC)
                  00083a23    00000017     board.obj (.text:CPUTimer_isBaseValid)
                  00083a3a    00000017     driverlib.lib : cputimer.obj (.text:CPUTimer_isBaseValid)
                  00083a51    00000017     empty_driverlib_main.obj (.text:CPUTimer_isBaseValid)
                  00083a68    00000017     board.obj (.text:CPUTimer_setPreScaler)
                  00083a7f    00000017     board.obj (.text:SCI_isBaseValid)
                  00083a96    00000017     driverlib.lib : sci.obj (.text:SCI_isBaseValid)
                  00083aad    00000017     empty_driverlib_main.obj (.text:SCI_isBaseValid)
                  00083ac4    00000017     device.obj (.text:SysCtl_enablePeripheral)
                  00083adb    00000017     driverlib.lib : sysctl.obj (.text:SysCtl_enablePeripheral)
                  00083af2    00000017     empty_driverlib_main.obj (.text:SysCtl_enablePeripheral)
                  00083b09    00000017     rts2800_fpu32_eabi.lib : boot28.asm.obj (.text)
                  00083b20    00000016     board.obj (.text:ADC_setInterruptCycleOffset)
                  00083b36    00000016     board.obj (.text:ADC_setInterruptPulseMode)
                  00083b4c    00000016     board.obj (.text:ADC_setPrescaler)
                  00083b62    00000016     empty_driverlib_main.obj (.text:CMPSS_configDAC)
                  00083b78    00000016     driverlib.lib : sysctl.obj (.text:DCC_disableDoneSignal)
                  00083b8e    00000016     board.obj (.text:EPWM_enableTripZoneSignals)
                  00083ba4    00000016     driverlib.lib : interrupt.obj (.text:Interrupt_defaultHandler)
                  00083bba    00000015     board.obj (.text:ADC_disableBurstMode)
                  00083bcf    00000015     board.obj (.text:CPUTimer_enableInterrupt)
                  00083be4    00000015     driverlib.lib : sysctl.obj (.text:DCC_clearDoneFlag)
                  00083bf9    00000015                   : sysctl.obj (.text:DCC_clearErrorFlag)
                  00083c0e    00000015                   : sysctl.obj (.text:DCC_disableErrorSignal)
                  00083c23    00000015     device.obj (.text:GPIO_unlockPortConfig)
                  00083c38    00000014     board.obj (.text:CPUTimer_reloadTimerCounter)
                  00083c4c    00000014     empty_driverlib_main.obj (.text:CPUTimer_reloadTimerCounter)
                  00083c60    00000014     board.obj (.text:CPUTimer_stopTimer)
                  00083c74    00000014     empty_driverlib_main.obj (.text:CPUTimer_stopTimer)
                  00083c88    00000014     driverlib.lib : sysctl.obj (.text:DCC_disableModule)
                  00083c9c    00000014                   : sysctl.obj (.text:DCC_enableModule)
                  00083cb0    00000014     board.obj (.text:EPWM_setTimeBaseCounterMode)
                  00083cc4    00000014     board.obj (.text:EPWM_setTimeBasePeriod)
                  00083cd8    00000014     empty_driverlib_main.obj (.text:EPWM_setTimeBasePeriod)
                  00083cec    00000014     empty_driverlib_main.obj (.text:SCI_getRxFIFOStatus)
                  00083d00    00000013     board.obj (.text:ADC_enableConverter)
                  00083d13    00000013     board.obj (.text:ADC_isBaseValid)
                  00083d26    00000013     driverlib.lib : adc.obj (.text:ADC_isBaseValid)
                  00083d39    00000013     empty_driverlib_main.obj (.text:CMPSS_enableModule)
                  00083d4c    00000013     driverlib.lib : cputimer.obj (.text:CPUTimer_setEmulationMode)
                  00083d5f    00000013     board.obj (.text:SCI_clearOverflowStatus)
                  00083d72    00000013     empty_driverlib_main.obj (.text:SCI_clearOverflowStatus)
                  00083d85    00000013     board.obj (.text:SCI_enableModule)
                  00083d98    00000013     driverlib.lib : sci.obj (.text:SCI_enableModule)
                  00083dab    00000013     board.obj (.text:XBAR_isBaseValid)
                  00083dbe    00000013     driverlib.lib : gpio.obj (.text:XBAR_isBaseValid)
                  00083dd1    00000012     empty_driverlib_main.obj (.text:CPUTimer_clearOverflowFlag)
                  00083de3    00000012     board.obj (.text:EPWM_setTimeBaseCounter)
                  00083df5    00000012     board.obj (.text:SysCtl_setSyncOutputConfig)
                  00083e07    00000011     board.obj (.text:CPUTimer_setPeriod)
                  00083e18    00000011     board.obj (.text:EPWM_disablePhaseShiftLoad)
                  00083e29    00000011     board.obj (.text:GPIO_init)
                  00083e3a    00000011     board.obj (.text:SCI_disableLoopback)
                  00083e4b    00000010     empty_driverlib_main.obj (.text:CPUTimer_getTimerCount)
                  00083e5b    00000010     board.obj (.text:CSB_OUT_init)
                  00083e6b    00000010     board.obj (.text:CSC_OUT_init)
                  00083e7b    00000010     board.obj (.text:CSD_OUT_init)
                  00083e8b    00000010     driverlib.lib : sysctl.obj (.text:DCC_isBaseValid)
                  00083e9b    00000010     device.obj (.text:Device_initGPIO)
                  00083eab    00000010     driverlib.lib : flash.obj (.text:Flash_isCtrlBaseValid)
                  00083ebb    00000010                   : flash.obj (.text:Flash_isECCBaseValid)
                  00083ecb    00000010     board.obj (.text:GPIO_setInterruptType)
                  00083edb    00000010     board.obj (.text:LED1_init)
                  00083eeb    00000010     board.obj (.text:PS1_init)
                  00083efb    00000010     board.obj (.text:PS2_init)
                  00083f0b    00000010     board.obj (.text:PS3_init)
                  00083f1b    00000010     empty_driverlib_main.obj (.text:SCI_getRxStatus)
                  00083f2b    00000010     board.obj (.text:myGPIO0_init)
                  00083f3b    0000000f     board.obj (.text:Interrupt_register)
                  00083f4a    0000000d     empty_driverlib_main.obj (.text:CMPSS1_DAC_init)
                  00083f57    0000000d     board.obj (.text:INPUTXBAR_init)
                  00083f64    0000000d     driverlib.lib : interrupt.obj (.text:Interrupt_disableGlobal)
                  00083f71    0000000d                   : interrupt.obj (.text:Interrupt_enableGlobal)
                  00083f7e    0000000d     device.obj (.text:SysCtl_setLowSpeedClock)
                  00083f8b    0000000d     rts2800_fpu32_eabi.lib : copy_zero_init.c.obj (.text:decompress:ZI:__TI_zero_init_nomemset)
                  00083f98    0000000c     board.obj (.text:ASYSCTL_init)
                  00083fa4    0000000c     board.obj (.text:PS1_XINT_init)
                  00083fb0    0000000c     board.obj (.text:PS2_XINT_init)
                  00083fbc    0000000c     board.obj (.text:PS3_XINT_init)
                  00083fc8    0000000c     board.obj (.text:SysCtl_enableExtADCSOCSource)
                  00083fd4    0000000c     board.obj (.text:myINPUTXBARINPUT0_init)
                  00083fe0    0000000c     board.obj (.text:myINPUTXBARINPUT1_init)
                  00083fec    0000000c     board.obj (.text:myINPUTXBARINPUT2_init)
                  00083ff8    00000008     rts2800_fpu32_eabi.lib : copy_decompress_none.c.obj (.text:decompress:none)

.text.2    0    00084000    000000b5     
                  00084000    0000000c     rts2800_fpu32_eabi.lib : args_main.c.obj (.text)
                  0008400c    0000000b     device.obj (.text:SysCtl_disableWatchdog)
                  00084017    0000000b     driverlib.lib : sysctl.obj (.text:SysCtl_isMCDClockFailureDetected)
                  00084022    0000000a                   : sysctl.obj (.text:ASysCtl_getExtROscStatus)
                  0008402c    0000000a                   : interrupt.obj (.text:Interrupt_illegalOperationHandler)
                  00084036    0000000a                   : interrupt.obj (.text:Interrupt_nmiHandler)
                  00084040    0000000a     board.obj (.text:SYNC_init)
                  0008404a    00000009     board.obj (.text:GPIO_enableInterrupt)
                  00084053    00000009     rts2800_fpu32_eabi.lib : _lock.c.obj (.text)
                  0008405c    00000008     f280013x_codestartbranch.obj (.text)
                  00084064    00000007     board.obj (.text:ASysCtl_disableTemperatureSensor)
                  0008406b    00000007     device.obj (.text:ASysCtl_lockVREG)
                  00084072    00000007     driverlib.lib : sysctl.obj (.text:SysCtl_resetMCD)
                  00084079    00000007     board.obj (.text:XINT_init)
                  00084080    00000007     device.obj (.text:__error__)
                  00084087    00000007     board.obj (.text:myINPUTXBARINPUT3_init)
                  0008408e    00000007     board.obj (.text:myINPUTXBARINPUT4_init)
                  00084095    00000007     board.obj (.text:myINPUTXBARINPUT5_init)
                  0008409c    00000006     empty_driverlib_main.obj (.text:Interrupt_clearACKGroup)
                  000840a2    00000005     board.obj (.text:ADC_init)
                  000840a7    00000003     board.obj (.text:CPUTIMER_init)
                  000840aa    00000003     board.obj (.text:EPWMXBAR_init)
                  000840ad    00000003     board.obj (.text:SCI_init)
                  000840b0    00000002     rts2800_fpu32_eabi.lib : pre_init.c.obj (.text)
                  000840b2    00000001     c2000ware_libraries.obj (.text:C2000Ware_libraries_init)
                  000840b3    00000001     board.obj (.text:myEPWMXBAR0_init)
                  000840b4    00000001     rts2800_fpu32_eabi.lib : startup.c.obj (.text)

.const     0    00088000    00000777     
                  00088000    00000184     empty_driverlib_main.obj (.const:.string)
                  00088184    00000182     board.obj (.const:.string)
                  00088306    00000101     rts2800_fpu32_eabi.lib : ctype.c.obj (.const:.string:_ctypes_)
                  00088407    00000001     --HOLE-- [fill = 0]
                  00088408    0000009c     driverlib.lib : flash.obj (.const:.string)
                  000884a4    0000009b                   : gpio.obj (.const:.string)
                  0008853f    00000001     --HOLE-- [fill = 0]
                  00088540    0000009b                   : sysctl.obj (.const:.string)
                  000885db    00000001     --HOLE-- [fill = 0]
                  000885dc    00000098                   : sci.obj (.const:.string)
                  00088674    00000052                   : interrupt.obj (.const:.string)
                  000886c6    00000051                   : cputimer.obj (.const:.string)
                  00088717    00000001     --HOLE-- [fill = 0]
                  00088718    0000004c                   : adc.obj (.const:.string)
                  00088764    00000013     device.obj (.const:.string)

MODULE SUMMARY

       Module                         code   ro data   rw data
       ------                         ----   -------   -------
    .\
       empty_driverlib_main.obj       1556   388       40     
    +--+------------------------------+------+---------+---------+
       Total:                         1556   388       40     
                                                              
    .\device\
       device.obj                     299    19        0      
       f280013x_codestartbranch.obj   10     0         0      
    +--+------------------------------+------+---------+---------+
       Total:                         309    19        0      
                                                              
    .\syscfg\
       board.obj                      3169   386       0      
       c2000ware_libraries.obj        1      0         0      
    +--+------------------------------+------+---------+---------+
       Total:                         3170   386       0      
                                                              
    C:/ti/C2000Ware_6_00_01_00/driverlib/f280013x/driverlib/ccs/Debug/driverlib.lib
       sysctl.obj                     1392   155       0      
       gpio.obj                       597    155       0      
       flash.obj                      523    156       0      
       interrupt.obj                  419    82        0      
       sci.obj                        289    152       0      
       adc.obj                        134    76        0      
       cputimer.obj                   42     81        0      
    +--+------------------------------+------+---------+---------+
       Total:                         3396   857       0      
                                                              
    C:\ti\ccs2040\ccs\tools\compiler\ti-cgt-c2000_22.6.3.LTS\lib\rts2800_fpu32_eabi.lib
       ctype.c.obj                    0      257       0      
       fs_div28.asm.obj               136    0         0      
       atoi.c.obj                     49     0         0      
       exit.c.obj                     41     0         6      
       copy_decompress_lzss.c.obj     46     0         0      
       autoinit.c.obj                 43     0         0      
       memcpy.c.obj                   29     0         0      
       boot28.asm.obj                 23     0         0      
       _lock.c.obj                    9      0         4      
       copy_zero_init.c.obj           13     0         0      
       args_main.c.obj                12     0         0      
       copy_decompress_none.c.obj     8      0         0      
       pre_init.c.obj                 2      0         0      
       startup.c.obj                  1      0         0      
    +--+------------------------------+------+---------+---------+
       Total:                         412    257       10     
                                                              
       Stack:                         0      0         512    
       Linker Generated:              0      31        0      
    +--+------------------------------+------+---------+---------+
       Grand Total:                   8843   1938      562    


LINKER GENERATED COPY TABLES

__TI_cinit_table @ 00080110 records: 2, size/record: 4, table size: 8
	.data: load addr=000800f8, load size=0000000d bytes, run addr=000080ea, run size=0000001e bytes, compression=lzss
	.bss: load addr=0008010c, load size=00000004 bytes, run addr=00008108, run size=00000014 bytes, compression=zero_init


LINKER GENERATED HANDLER TABLE

__TI_handler_table @ 00080106 records: 3, size/record: 2, table size: 6
	index: 0, handler: __TI_zero_init
	index: 1, handler: __TI_decompress_lzss
	index: 2, handler: __TI_decompress_none


GLOBAL DATA SYMBOLS: SORTED BY DATA PAGE

address     data page           name
--------    ----------------    ----
00000400      10 (00000400)     __stack

000080ea     203 (000080c0)     last_sensor
000080eb     203 (000080c0)     current_state
000080ec     203 (000080c0)     pwm_armed
000080ed     203 (000080c0)     target_duty_percent
000080ee     203 (000080c0)     current_duty_percent
000080ef     203 (000080c0)     pwm_cmpa
000080f0     203 (000080c0)     rx_idx
000080f2     203 (000080c0)     ps1_isr_count
000080f4     203 (000080c0)     ps2_isr_count
000080f6     203 (000080c0)     ps3_isr_count
000080f8     203 (000080c0)     time_per_pulse
000080fa     203 (000080c0)     Rpm
000080fc     203 (000080c0)     current_limit_A
000080fe     203 (000080c0)     _lock

00008100     204 (00008100)     __TI_enable_exit_profile_output
00008102     204 (00008100)     __TI_cleanup_ptr
00008104     204 (00008100)     __TI_dtors_ptr
00008106     204 (00008100)     _unlock
00008108     204 (00008100)     rx_buf
00008118     204 (00008100)     ps1
00008119     204 (00008100)     ps2
0000811a     204 (00008100)     ps3
0000811b     204 (00008100)     code

00088306    220c (00088300)     _ctypes_


GLOBAL SYMBOLS: SORTED ALPHABETICALLY BY Name 

page  address   name                             
----  -------   ----                             
0     000840a2  ADC_init                         
0     00082caa  ADC_setOffsetTrimAll             
0     000834d3  ADC_setVREF                      
0     00083f98  ASYSCTL_init                     
0     0008382f  Board_init                       
0     000834aa  C$$EXIT                          
0     000840b2  C2000Ware_libraries_init         
0     00083f4a  CMPSS1_DAC_init                  
0     000840a7  CPUTIMER_init                    
0     00083d4c  CPUTimer_setEmulationMode        
0     00083e5b  CSB_OUT_init                     
0     00083e6b  CSC_OUT_init                     
0     00083e7b  CSD_OUT_init                     
0     000829b3  Device_enableAllPeripherals      
0     00082b55  Device_init                      
0     00083e9b  Device_initGPIO                  
0     000840aa  EPWMXBAR_init                    
0     00082000  EPWM_init                        
0     00008000  Flash_initModule                 
0     00083e29  GPIO_init                        
0     000826fb  GPIO_setAnalogMode               
0     0008328a  GPIO_setDirectionMode            
0     00083116  GPIO_setInterruptPin             
0     00082c0a  GPIO_setPadConfig                
0     0008314d  GPIO_setPinConfig                
0     00083184  GPIO_setQualificationMode        
0     00083f57  INPUTXBAR_init                   
0     00082af4  INTERRUPT_init                   
0     00082a21  INT_PS1_XINT_ISR                 
0     000831f2  INT_PS2_XINT_ISR                 
0     00083225  INT_PS3_XINT_ISR                 
0     0008331a  INT_PWM3_TZ_ISR                  
0     00083348  INT_PWM4_TZ_ISR                  
0     00083376  INT_PWM5_TZ_ISR                  
0     00083258  INT_myCPUTIMER0_ISR              
0     000827a7  INT_mySCI0_RX_ISR                
0     000830de  INT_mySCI0_TX_ISR                
0     00083ba4  Interrupt_defaultHandler         
0     00082c5c  Interrupt_disable                
0     000831bb  Interrupt_enable                 
0     0008402c  Interrupt_illegalOperationHandler
0     00083067  Interrupt_initModule             
0     00083764  Interrupt_initVectorTable        
0     00084036  Interrupt_nmiHandler             
0     00083edb  LED1_init                        
0     00083fa4  PS1_XINT_init                    
0     00083eeb  PS1_init                         
0     00083fb0  PS2_XINT_init                    
0     00083efb  PS2_init                         
0     00083fbc  PS3_XINT_init                    
0     00083f0b  PS3_init                         
0     000823c3  PinMux_init                      
0     000800f2  RamfuncsLoadEnd                  
abs   000000ea  RamfuncsLoadSize                 
0     00080008  RamfuncsLoadStart                
0     000080ea  RamfuncsRunEnd                   
abs   000000ea  RamfuncsRunSize                  
0     00008000  RamfuncsRunStart                 
0     000080fa  Rpm                              
0     00082e12  SCI_clearInterruptStatus         
0     00082f24  SCI_enableInterrupt              
0     000840ad  SCI_init                         
0     00083029  SCI_setConfig                    
0     00084040  SYNC_init                        
0     000080e6  SysCtl_delay                     
0     00082a8f  SysCtl_getClock                  
0     000838e8  SysCtl_getLowSpeedClock          
0     00082611  SysCtl_isPLLValid                
0     00082d3f  SysCtl_selectOscSource           
0     00082dcc  SysCtl_selectXTAL                
0     000835bb  SysCtl_selectXTALSingleEnded     
0     00082282  SysCtl_setClock                  
0     00084079  XINT_init                        
0     00080110  __TI_CINIT_Base                  
0     00080118  __TI_CINIT_Limit                 
0     00080118  __TI_CINIT_Warm                  
0     00080106  __TI_Handler_Table_Base          
0     0008010c  __TI_Handler_Table_Limit         
0     00000600  __TI_STACK_END                   
abs   00000200  __TI_STACK_SIZE                  
0     0008342b  __TI_auto_init_nobinit_nopinit   
0     00008102  __TI_cleanup_ptr                 
0     000833a4  __TI_decompress_lzss             
0     00083ff8  __TI_decompress_none             
0     00008104  __TI_dtors_ptr                   
0     00008100  __TI_enable_exit_profile_output  
abs   ffffffff  __TI_pprof_out_hndl              
abs   ffffffff  __TI_prof_data_size              
abs   ffffffff  __TI_prof_data_start             
0     00083f8b  __TI_zero_init_nomemset          
0     00082839  __c28xabi_divf                   
n/a   UNDEFED   __c_args__                       
0     00084080  __error__                        
0     00000400  __stack                          
0     00084000  _args_main                       
0     00083b09  _c_int00                         
0     00088306  _ctypes_                         
0     000080fe  _lock                            
0     0008405b  _nop                             
0     00084057  _register_lock                   
0     00084053  _register_unlock                 
0     000840b4  _system_post_cinit               
0     000840b0  _system_pre_init                 
0     00008106  _unlock                          
0     000834aa  abort                            
0     000832bb  atoi                             
0     0000811b  code                             
0     00080000  code_start                       
0     000080ee  current_duty_percent             
0     000080fc  current_limit_A                  
0     000080eb  current_state                    
0     000834ac  exit                             
0     000080ea  last_sensor                      
0     00082501  main                             
0     000837da  memcpy                           
0     00082bb0  myADC0_init                      
0     00082cf6  myADC1_init                      
0     00083595  myCPUTIMER0_init                 
0     000840b3  myEPWMXBAR0_init                 
0     00083f2b  myGPIO0_init                     
0     00083fd4  myINPUTXBARINPUT0_init           
0     00083fe0  myINPUTXBARINPUT1_init           
0     00083fec  myINPUTXBARINPUT2_init           
0     00084087  myINPUTXBARINPUT3_init           
0     0008408e  myINPUTXBARINPUT4_init           
0     00084095  myINPUTXBARINPUT5_init           
0     00082f68  mySCI0_init                      
0     00008118  ps1                              
0     000080f2  ps1_isr_count                    
0     00008119  ps2                              
0     000080f4  ps2_isr_count                    
0     0000811a  ps3                              
0     000080f6  ps3_isr_count                    
0     000080ec  pwm_armed                        
0     000080ef  pwm_cmpa                         
0     00008108  rx_buf                           
0     000080f0  rx_idx                           
0     000080ed  target_duty_percent              
0     000080f8  time_per_pulse                   


GLOBAL SYMBOLS: SORTED BY Symbol Address 

page  address   name                             
----  -------   ----                             
0     00000400  __stack                          
0     00000600  __TI_STACK_END                   
0     00008000  Flash_initModule                 
0     00008000  RamfuncsRunStart                 
0     000080e6  SysCtl_delay                     
0     000080ea  RamfuncsRunEnd                   
0     000080ea  last_sensor                      
0     000080eb  current_state                    
0     000080ec  pwm_armed                        
0     000080ed  target_duty_percent              
0     000080ee  current_duty_percent             
0     000080ef  pwm_cmpa                         
0     000080f0  rx_idx                           
0     000080f2  ps1_isr_count                    
0     000080f4  ps2_isr_count                    
0     000080f6  ps3_isr_count                    
0     000080f8  time_per_pulse                   
0     000080fa  Rpm                              
0     000080fc  current_limit_A                  
0     000080fe  _lock                            
0     00008100  __TI_enable_exit_profile_output  
0     00008102  __TI_cleanup_ptr                 
0     00008104  __TI_dtors_ptr                   
0     00008106  _unlock                          
0     00008108  rx_buf                           
0     00008118  ps1                              
0     00008119  ps2                              
0     0000811a  ps3                              
0     0000811b  code                             
0     00080000  code_start                       
0     00080008  RamfuncsLoadStart                
0     000800f2  RamfuncsLoadEnd                  
0     00080106  __TI_Handler_Table_Base          
0     0008010c  __TI_Handler_Table_Limit         
0     00080110  __TI_CINIT_Base                  
0     00080118  __TI_CINIT_Limit                 
0     00080118  __TI_CINIT_Warm                  
0     00082000  EPWM_init                        
0     00082282  SysCtl_setClock                  
0     000823c3  PinMux_init                      
0     00082501  main                             
0     00082611  SysCtl_isPLLValid                
0     000826fb  GPIO_setAnalogMode               
0     000827a7  INT_mySCI0_RX_ISR                
0     00082839  __c28xabi_divf                   
0     000829b3  Device_enableAllPeripherals      
0     00082a21  INT_PS1_XINT_ISR                 
0     00082a8f  SysCtl_getClock                  
0     00082af4  INTERRUPT_init                   
0     00082b55  Device_init                      
0     00082bb0  myADC0_init                      
0     00082c0a  GPIO_setPadConfig                
0     00082c5c  Interrupt_disable                
0     00082caa  ADC_setOffsetTrimAll             
0     00082cf6  myADC1_init                      
0     00082d3f  SysCtl_selectOscSource           
0     00082dcc  SysCtl_selectXTAL                
0     00082e12  SCI_clearInterruptStatus         
0     00082f24  SCI_enableInterrupt              
0     00082f68  mySCI0_init                      
0     00083029  SCI_setConfig                    
0     00083067  Interrupt_initModule             
0     000830de  INT_mySCI0_TX_ISR                
0     00083116  GPIO_setInterruptPin             
0     0008314d  GPIO_setPinConfig                
0     00083184  GPIO_setQualificationMode        
0     000831bb  Interrupt_enable                 
0     000831f2  INT_PS2_XINT_ISR                 
0     00083225  INT_PS3_XINT_ISR                 
0     00083258  INT_myCPUTIMER0_ISR              
0     0008328a  GPIO_setDirectionMode            
0     000832bb  atoi                             
0     0008331a  INT_PWM3_TZ_ISR                  
0     00083348  INT_PWM4_TZ_ISR                  
0     00083376  INT_PWM5_TZ_ISR                  
0     000833a4  __TI_decompress_lzss             
0     0008342b  __TI_auto_init_nobinit_nopinit   
0     000834aa  C$$EXIT                          
0     000834aa  abort                            
0     000834ac  exit                             
0     000834d3  ADC_setVREF                      
0     00083595  myCPUTIMER0_init                 
0     000835bb  SysCtl_selectXTALSingleEnded     
0     00083764  Interrupt_initVectorTable        
0     000837da  memcpy                           
0     0008382f  Board_init                       
0     000838e8  SysCtl_getLowSpeedClock          
0     00083b09  _c_int00                         
0     00083ba4  Interrupt_defaultHandler         
0     00083d4c  CPUTimer_setEmulationMode        
0     00083e29  GPIO_init                        
0     00083e5b  CSB_OUT_init                     
0     00083e6b  CSC_OUT_init                     
0     00083e7b  CSD_OUT_init                     
0     00083e9b  Device_initGPIO                  
0     00083edb  LED1_init                        
0     00083eeb  PS1_init                         
0     00083efb  PS2_init                         
0     00083f0b  PS3_init                         
0     00083f2b  myGPIO0_init                     
0     00083f4a  CMPSS1_DAC_init                  
0     00083f57  INPUTXBAR_init                   
0     00083f8b  __TI_zero_init_nomemset          
0     00083f98  ASYSCTL_init                     
0     00083fa4  PS1_XINT_init                    
0     00083fb0  PS2_XINT_init                    
0     00083fbc  PS3_XINT_init                    
0     00083fd4  myINPUTXBARINPUT0_init           
0     00083fe0  myINPUTXBARINPUT1_init           
0     00083fec  myINPUTXBARINPUT2_init           
0     00083ff8  __TI_decompress_none             
0     00084000  _args_main                       
0     0008402c  Interrupt_illegalOperationHandler
0     00084036  Interrupt_nmiHandler             
0     00084040  SYNC_init                        
0     00084053  _register_unlock                 
0     00084057  _register_lock                   
0     0008405b  _nop                             
0     00084079  XINT_init                        
0     00084080  __error__                        
0     00084087  myINPUTXBARINPUT3_init           
0     0008408e  myINPUTXBARINPUT4_init           
0     00084095  myINPUTXBARINPUT5_init           
0     000840a2  ADC_init                         
0     000840a7  CPUTIMER_init                    
0     000840aa  EPWMXBAR_init                    
0     000840ad  SCI_init                         
0     000840b0  _system_pre_init                 
0     000840b2  C2000Ware_libraries_init         
0     000840b3  myEPWMXBAR0_init                 
0     000840b4  _system_post_cinit               
0     00088306  _ctypes_                         
abs   000000ea  RamfuncsLoadSize                 
abs   000000ea  RamfuncsRunSize                  
abs   00000200  __TI_STACK_SIZE                  
abs   ffffffff  __TI_pprof_out_hndl              
abs   ffffffff  __TI_prof_data_size              
abs   ffffffff  __TI_prof_data_start             
n/a   UNDEFED   __c_args__                       

[139 symbols]
