<?xml version="1.0" encoding="ISO-8859-1" ?>
<link_info>
   <banner>TMS320C2000 Linker PC v22.6.3.LTS</banner>
   <copyright>Copyright (c) 1996-2018 Texas Instruments Incorporated</copyright>
   <link_time>0x69842bb7</link_time>
   <link_errors>0x0</link_errors>
   <output_file>MG.out</output_file>
   <entry_point>
      <name>code_start</name>
      <address>0x80000</address>
   </entry_point>
   <input_file_list>
      <input_file id="fl-2">
         <path>.\syscfg\</path>
         <kind>object</kind>
         <file>board.obj</file>
         <name>board.obj</name>
      </input_file>
      <input_file id="fl-3">
         <path>.\syscfg\</path>
         <kind>object</kind>
         <file>c2000ware_libraries.obj</file>
         <name>c2000ware_libraries.obj</name>
      </input_file>
      <input_file id="fl-4">
         <path>.\</path>
         <kind>object</kind>
         <file>empty_driverlib_main.obj</file>
         <name>empty_driverlib_main.obj</name>
      </input_file>
      <input_file id="fl-5">
         <path>.\device\</path>
         <kind>object</kind>
         <file>device.obj</file>
         <name>device.obj</name>
      </input_file>
      <input_file id="fl-6">
         <path>.\device\</path>
         <kind>object</kind>
         <file>f280013x_codestartbranch.obj</file>
         <name>f280013x_codestartbranch.obj</name>
      </input_file>
      <input_file id="fl-c">
         <kind>object</kind>
         <file>&lt;internal&gt;</file>
         <name>&lt;internal&gt;</name>
      </input_file>
      <input_file id="fl-d">
         <path>C:\ti\C2000Ware_6_00_01_00\driverlib\f280013x\driverlib\ccs\Debug\</path>
         <kind>archive</kind>
         <file>driverlib.lib</file>
         <name>adc.obj</name>
      </input_file>
      <input_file id="fl-e">
         <path>C:\ti\C2000Ware_6_00_01_00\driverlib\f280013x\driverlib\ccs\Debug\</path>
         <kind>archive</kind>
         <file>driverlib.lib</file>
         <name>cputimer.obj</name>
      </input_file>
      <input_file id="fl-f">
         <path>C:\ti\C2000Ware_6_00_01_00\driverlib\f280013x\driverlib\ccs\Debug\</path>
         <kind>archive</kind>
         <file>driverlib.lib</file>
         <name>flash.obj</name>
      </input_file>
      <input_file id="fl-10">
         <path>C:\ti\C2000Ware_6_00_01_00\driverlib\f280013x\driverlib\ccs\Debug\</path>
         <kind>archive</kind>
         <file>driverlib.lib</file>
         <name>gpio.obj</name>
      </input_file>
      <input_file id="fl-11">
         <path>C:\ti\C2000Ware_6_00_01_00\driverlib\f280013x\driverlib\ccs\Debug\</path>
         <kind>archive</kind>
         <file>driverlib.lib</file>
         <name>interrupt.obj</name>
      </input_file>
      <input_file id="fl-12">
         <path>C:\ti\C2000Ware_6_00_01_00\driverlib\f280013x\driverlib\ccs\Debug\</path>
         <kind>archive</kind>
         <file>driverlib.lib</file>
         <name>sci.obj</name>
      </input_file>
      <input_file id="fl-13">
         <path>C:\ti\C2000Ware_6_00_01_00\driverlib\f280013x\driverlib\ccs\Debug\</path>
         <kind>archive</kind>
         <file>driverlib.lib</file>
         <name>sysctl.obj</name>
      </input_file>
      <input_file id="fl-1f">
         <path>C:\ti\ccs2040\ccs\tools\compiler\ti-cgt-c2000_22.6.3.LTS\lib\</path>
         <kind>archive</kind>
         <file>rts2800_fpu32_eabi.lib</file>
         <name>boot28.asm.obj</name>
      </input_file>
      <input_file id="fl-20">
         <path>C:\ti\ccs2040\ccs\tools\compiler\ti-cgt-c2000_22.6.3.LTS\lib\</path>
         <kind>archive</kind>
         <file>rts2800_fpu32_eabi.lib</file>
         <name>fs_div28.asm.obj</name>
      </input_file>
      <input_file id="fl-21">
         <path>C:\ti\ccs2040\ccs\tools\compiler\ti-cgt-c2000_22.6.3.LTS\lib\</path>
         <kind>archive</kind>
         <file>rts2800_fpu32_eabi.lib</file>
         <name>ll_cmp28.asm.obj</name>
      </input_file>
      <input_file id="fl-22">
         <path>C:\ti\ccs2040\ccs\tools\compiler\ti-cgt-c2000_22.6.3.LTS\lib\</path>
         <kind>archive</kind>
         <file>rts2800_fpu32_eabi.lib</file>
         <name>memcpy.c.obj</name>
      </input_file>
      <input_file id="fl-23">
         <path>C:\ti\ccs2040\ccs\tools\compiler\ti-cgt-c2000_22.6.3.LTS\lib\</path>
         <kind>archive</kind>
         <file>rts2800_fpu32_eabi.lib</file>
         <name>pre_init.c.obj</name>
      </input_file>
      <input_file id="fl-24">
         <path>C:\ti\ccs2040\ccs\tools\compiler\ti-cgt-c2000_22.6.3.LTS\lib\</path>
         <kind>archive</kind>
         <file>rts2800_fpu32_eabi.lib</file>
         <name>autoinit.c.obj</name>
      </input_file>
      <input_file id="fl-25">
         <path>C:\ti\ccs2040\ccs\tools\compiler\ti-cgt-c2000_22.6.3.LTS\lib\</path>
         <kind>archive</kind>
         <file>rts2800_fpu32_eabi.lib</file>
         <name>copy_zero_init.c.obj</name>
      </input_file>
      <input_file id="fl-26">
         <path>C:\ti\ccs2040\ccs\tools\compiler\ti-cgt-c2000_22.6.3.LTS\lib\</path>
         <kind>archive</kind>
         <file>rts2800_fpu32_eabi.lib</file>
         <name>copy_decompress_none.c.obj</name>
      </input_file>
      <input_file id="fl-27">
         <path>C:\ti\ccs2040\ccs\tools\compiler\ti-cgt-c2000_22.6.3.LTS\lib\</path>
         <kind>archive</kind>
         <file>rts2800_fpu32_eabi.lib</file>
         <name>copy_decompress_lzss.c.obj</name>
      </input_file>
      <input_file id="fl-28">
         <path>C:\ti\ccs2040\ccs\tools\compiler\ti-cgt-c2000_22.6.3.LTS\lib\</path>
         <kind>archive</kind>
         <file>rts2800_fpu32_eabi.lib</file>
         <name>exit.c.obj</name>
      </input_file>
      <input_file id="fl-29">
         <path>C:\ti\ccs2040\ccs\tools\compiler\ti-cgt-c2000_22.6.3.LTS\lib\</path>
         <kind>archive</kind>
         <file>rts2800_fpu32_eabi.lib</file>
         <name>_lock.c.obj</name>
      </input_file>
      <input_file id="fl-2a">
         <path>C:\ti\ccs2040\ccs\tools\compiler\ti-cgt-c2000_22.6.3.LTS\lib\</path>
         <kind>archive</kind>
         <file>rts2800_fpu32_eabi.lib</file>
         <name>args_main.c.obj</name>
      </input_file>
      <input_file id="fl-2b">
         <path>C:\ti\ccs2040\ccs\tools\compiler\ti-cgt-c2000_22.6.3.LTS\lib\</path>
         <kind>archive</kind>
         <file>rts2800_fpu32_eabi.lib</file>
         <name>atoi.c.obj</name>
      </input_file>
      <input_file id="fl-2c">
         <path>C:\ti\ccs2040\ccs\tools\compiler\ti-cgt-c2000_22.6.3.LTS\lib\</path>
         <kind>archive</kind>
         <file>rts2800_fpu32_eabi.lib</file>
         <name>ctype.c.obj</name>
      </input_file>
      <input_file id="fl-2d">
         <path>C:\ti\ccs2040\ccs\tools\compiler\ti-cgt-c2000_22.6.3.LTS\lib\</path>
         <kind>archive</kind>
         <file>rts2800_fpu32_eabi.lib</file>
         <name>memset.c.obj</name>
      </input_file>
      <input_file id="fl-2e">
         <path>C:\ti\ccs2040\ccs\tools\compiler\ti-cgt-c2000_22.6.3.LTS\lib\</path>
         <kind>archive</kind>
         <file>rts2800_fpu32_eabi.lib</file>
         <name>cpy_tbl.c.obj</name>
      </input_file>
      <input_file id="fl-2f">
         <path>C:\ti\ccs2040\ccs\tools\compiler\ti-cgt-c2000_22.6.3.LTS\lib\</path>
         <kind>archive</kind>
         <file>rts2800_fpu32_eabi.lib</file>
         <name>startup.c.obj</name>
      </input_file>
   </input_file_list>
   <object_component_list>
      <object_component id="oc-20">
         <name>codestart</name>
         <load_address>0x80000</load_address>
         <run_address>0x80000</run_address>
         <size>0x2</size>
         <input_file_ref idref="fl-6"/>
      </object_component>
      <object_component id="oc-2dd">
         <name>.text:EPWM_init</name>
         <load_address>0x82000</load_address>
         <run_address>0x82000</run_address>
         <size>0x282</size>
         <input_file_ref idref="fl-2"/>
      </object_component>
      <object_component id="oc-285">
         <name>.text:SysCtl_setClock</name>
         <load_address>0x82282</load_address>
         <run_address>0x82282</run_address>
         <size>0x141</size>
         <input_file_ref idref="fl-13"/>
      </object_component>
      <object_component id="oc-2b9">
         <name>.text:PinMux_init</name>
         <load_address>0x823c3</load_address>
         <run_address>0x823c3</run_address>
         <size>0x13e</size>
         <input_file_ref idref="fl-2"/>
      </object_component>
      <object_component id="oc-1e1">
         <name>.text:main</name>
         <load_address>0x82501</load_address>
         <run_address>0x82501</run_address>
         <size>0x110</size>
         <input_file_ref idref="fl-4"/>
      </object_component>
      <object_component id="oc-3a0">
         <name>.text:SysCtl_isPLLValid</name>
         <load_address>0x82611</load_address>
         <run_address>0x82611</run_address>
         <size>0xea</size>
         <input_file_ref idref="fl-13"/>
      </object_component>
      <object_component id="oc-2aa">
         <name>.text:GPIO_setAnalogMode</name>
         <load_address>0x826fb</load_address>
         <run_address>0x826fb</run_address>
         <size>0xac</size>
         <input_file_ref idref="fl-10"/>
      </object_component>
      <object_component id="oc-61">
         <name>.text:INT_mySCI0_RX_ISR</name>
         <load_address>0x827a7</load_address>
         <run_address>0x827a7</run_address>
         <size>0x92</size>
         <input_file_ref idref="fl-4"/>
      </object_component>
      <object_component id="oc-d9">
         <name>.text</name>
         <load_address>0x82839</load_address>
         <run_address>0x82839</run_address>
         <size>0x88</size>
         <input_file_ref idref="fl-20"/>
      </object_component>
      <object_component id="oc-139">
         <name>.text:Interrupt_clearIFR</name>
         <load_address>0x828c1</load_address>
         <run_address>0x828c1</run_address>
         <size>0x7f</size>
         <input_file_ref idref="fl-11"/>
      </object_component>
      <object_component id="oc-544">
         <name>.text:DCC_setCounterSeeds</name>
         <load_address>0x82940</load_address>
         <run_address>0x82940</run_address>
         <size>0x73</size>
         <input_file_ref idref="fl-13"/>
      </object_component>
      <object_component id="oc-29e">
         <name>.text:Device_enableAllPeripherals</name>
         <load_address>0x829b3</load_address>
         <run_address>0x829b3</run_address>
         <size>0x6e</size>
         <input_file_ref idref="fl-5"/>
      </object_component>
      <object_component id="oc-37">
         <name>.text:INT_PS1_XINT_ISR</name>
         <load_address>0x82a21</load_address>
         <run_address>0x82a21</run_address>
         <size>0x6e</size>
         <input_file_ref idref="fl-4"/>
      </object_component>
      <object_component id="oc-291">
         <name>.text:SysCtl_getClock</name>
         <load_address>0x82a8f</load_address>
         <run_address>0x82a8f</run_address>
         <size>0x65</size>
         <input_file_ref idref="fl-13"/>
      </object_component>
      <object_component id="oc-2c">
         <name>.text:INTERRUPT_init</name>
         <load_address>0x82af4</load_address>
         <run_address>0x82af4</run_address>
         <size>0x61</size>
         <input_file_ref idref="fl-2"/>
      </object_component>
      <object_component id="oc-20f">
         <name>.text:Device_init</name>
         <load_address>0x82b55</load_address>
         <run_address>0x82b55</run_address>
         <size>0x5b</size>
         <input_file_ref idref="fl-5"/>
      </object_component>
      <object_component id="oc-414">
         <name>.text:myADC0_init</name>
         <load_address>0x82bb0</load_address>
         <run_address>0x82bb0</run_address>
         <size>0x5a</size>
         <input_file_ref idref="fl-2"/>
      </object_component>
      <object_component id="oc-3bc">
         <name>.text:GPIO_setPadConfig</name>
         <load_address>0x82c0a</load_address>
         <run_address>0x82c0a</run_address>
         <size>0x52</size>
         <input_file_ref idref="fl-10"/>
      </object_component>
      <object_component id="oc-ae">
         <name>.text:Interrupt_disable</name>
         <load_address>0x82c5c</load_address>
         <run_address>0x82c5c</run_address>
         <size>0x4e</size>
         <input_file_ref idref="fl-11"/>
      </object_component>
      <object_component id="oc-682">
         <name>.text:ADC_setOffsetTrimAll</name>
         <load_address>0x82caa</load_address>
         <run_address>0x82caa</run_address>
         <size>0x4c</size>
         <input_file_ref idref="fl-d"/>
      </object_component>
      <object_component id="oc-41a">
         <name>.text:myADC1_init</name>
         <load_address>0x82cf6</load_address>
         <run_address>0x82cf6</run_address>
         <size>0x49</size>
         <input_file_ref idref="fl-2"/>
      </object_component>
      <object_component id="oc-227">
         <name>.text:SysCtl_selectOscSource</name>
         <load_address>0x82d3f</load_address>
         <run_address>0x82d3f</run_address>
         <size>0x47</size>
         <input_file_ref idref="fl-13"/>
      </object_component>
      <object_component id="oc-5a7">
         <name>.text:ADC_setupSOC</name>
         <load_address>0x82d86</load_address>
         <run_address>0x82d86</run_address>
         <size>0x46</size>
         <input_file_ref idref="fl-2"/>
      </object_component>
      <object_component id="oc-2fd">
         <name>.text:SysCtl_selectXTAL</name>
         <load_address>0x82dcc</load_address>
         <run_address>0x82dcc</run_address>
         <size>0x46</size>
         <input_file_ref idref="fl-13"/>
      </object_component>
      <object_component id="oc-e4">
         <name>.text:SCI_clearInterruptStatus</name>
         <load_address>0x82e12</load_address>
         <run_address>0x82e12</run_address>
         <size>0x45</size>
         <input_file_ref idref="fl-12"/>
      </object_component>
      <object_component id="oc-4e7">
         <name>.text:SysCtl_pollX1Counter</name>
         <load_address>0x82e57</load_address>
         <run_address>0x82e57</run_address>
         <size>0x45</size>
         <input_file_ref idref="fl-13"/>
      </object_component>
      <object_component id="oc-55c">
         <name>.text:GPIO_isPinValid</name>
         <load_address>0x82e9c</load_address>
         <run_address>0x82e9c</run_address>
         <size>0x44</size>
         <input_file_ref idref="fl-10"/>
      </object_component>
      <object_component id="oc-336">
         <name>.text:GPIO_isPinValid</name>
         <load_address>0x82ee0</load_address>
         <run_address>0x82ee0</run_address>
         <size>0x44</size>
         <input_file_ref idref="fl-4"/>
      </object_component>
      <object_component id="oc-631">
         <name>.text:SCI_enableInterrupt</name>
         <load_address>0x82f24</load_address>
         <run_address>0x82f24</run_address>
         <size>0x44</size>
         <input_file_ref idref="fl-12"/>
      </object_component>
      <object_component id="oc-4cd">
         <name>.text:mySCI0_init</name>
         <load_address>0x82f68</load_address>
         <run_address>0x82f68</run_address>
         <size>0x43</size>
         <input_file_ref idref="fl-2"/>
      </object_component>
      <object_component id="oc-464">
         <name>.text:EPWM_setActionQualifierAction</name>
         <load_address>0x82fab</load_address>
         <run_address>0x82fab</run_address>
         <size>0x40</size>
         <input_file_ref idref="fl-2"/>
      </object_component>
      <object_component id="oc-452">
         <name>.text:EPWM_setCounterCompareShadowLoadMode</name>
         <load_address>0x82feb</load_address>
         <run_address>0x82feb</run_address>
         <size>0x3e</size>
         <input_file_ref idref="fl-2"/>
      </object_component>
      <object_component id="oc-61f">
         <name>.text:SCI_setConfig</name>
         <load_address>0x83029</load_address>
         <run_address>0x83029</run_address>
         <size>0x3e</size>
         <input_file_ref idref="fl-12"/>
      </object_component>
      <object_component id="oc-21b">
         <name>.text:Interrupt_initModule</name>
         <load_address>0x83067</load_address>
         <run_address>0x83067</run_address>
         <size>0x3d</size>
         <input_file_ref idref="fl-11"/>
      </object_component>
      <object_component id="oc-45e">
         <name>.text:EPWM_setActionQualifierShadowLoadMode</name>
         <load_address>0x830a4</load_address>
         <run_address>0x830a4</run_address>
         <size>0x3a</size>
         <input_file_ref idref="fl-2"/>
      </object_component>
      <object_component id="oc-5b">
         <name>.text:INT_mySCI0_TX_ISR</name>
         <load_address>0x830de</load_address>
         <run_address>0x830de</run_address>
         <size>0x38</size>
         <input_file_ref idref="fl-4"/>
      </object_component>
      <object_component id="oc-650">
         <name>.text:GPIO_setInterruptPin</name>
         <load_address>0x83116</load_address>
         <run_address>0x83116</run_address>
         <size>0x37</size>
         <input_file_ref idref="fl-10"/>
      </object_component>
      <object_component id="oc-3b6">
         <name>.text:GPIO_setPinConfig</name>
         <load_address>0x8314d</load_address>
         <run_address>0x8314d</run_address>
         <size>0x37</size>
         <input_file_ref idref="fl-10"/>
      </object_component>
      <object_component id="oc-3c2">
         <name>.text:GPIO_setQualificationMode</name>
         <load_address>0x83184</load_address>
         <run_address>0x83184</run_address>
         <size>0x37</size>
         <input_file_ref idref="fl-10"/>
      </object_component>
      <object_component id="oc-b4">
         <name>.text:Interrupt_enable</name>
         <load_address>0x831bb</load_address>
         <run_address>0x831bb</run_address>
         <size>0x37</size>
         <input_file_ref idref="fl-11"/>
      </object_component>
      <object_component id="oc-3d">
         <name>.text:INT_PS2_XINT_ISR</name>
         <load_address>0x831f2</load_address>
         <run_address>0x831f2</run_address>
         <size>0x33</size>
         <input_file_ref idref="fl-4"/>
      </object_component>
      <object_component id="oc-43">
         <name>.text:INT_PS3_XINT_ISR</name>
         <load_address>0x83225</load_address>
         <run_address>0x83225</run_address>
         <size>0x33</size>
         <input_file_ref idref="fl-4"/>
      </object_component>
      <object_component id="oc-2b">
         <name>.text:INT_myCPUTIMER0_ISR</name>
         <load_address>0x83258</load_address>
         <run_address>0x83258</run_address>
         <size>0x32</size>
         <input_file_ref idref="fl-4"/>
      </object_component>
      <object_component id="oc-5f9">
         <name>.text:GPIO_setDirectionMode</name>
         <load_address>0x8328a</load_address>
         <run_address>0x8328a</run_address>
         <size>0x31</size>
         <input_file_ref idref="fl-10"/>
      </object_component>
      <object_component id="oc-f4">
         <name>.text</name>
         <load_address>0x832bb</load_address>
         <run_address>0x832bb</run_address>
         <size>0x31</size>
         <input_file_ref idref="fl-2b"/>
      </object_component>
      <object_component id="oc-5ad">
         <name>.text:ADC_setInterruptSOCTrigger</name>
         <load_address>0x832ec</load_address>
         <run_address>0x832ec</run_address>
         <size>0x2e</size>
         <input_file_ref idref="fl-2"/>
      </object_component>
      <object_component id="oc-49">
         <name>.text:INT_PWM3_TZ_ISR</name>
         <load_address>0x8331a</load_address>
         <run_address>0x8331a</run_address>
         <size>0x2e</size>
         <input_file_ref idref="fl-4"/>
      </object_component>
      <object_component id="oc-4f">
         <name>.text:INT_PWM4_TZ_ISR</name>
         <load_address>0x83348</load_address>
         <run_address>0x83348</run_address>
         <size>0x2e</size>
         <input_file_ref idref="fl-4"/>
      </object_component>
      <object_component id="oc-55">
         <name>.text:INT_PWM5_TZ_ISR</name>
         <load_address>0x83376</load_address>
         <run_address>0x83376</run_address>
         <size>0x2e</size>
         <input_file_ref idref="fl-4"/>
      </object_component>
      <object_component id="oc-13">
         <name>.text:decompress:lzss</name>
         <load_address>0x833a4</load_address>
         <run_address>0x833a4</run_address>
         <size>0x2e</size>
         <input_file_ref idref="fl-27"/>
      </object_component>
      <object_component id="oc-328">
         <name>.text:CMPSS_DAC_code_12bit</name>
         <load_address>0x833d2</load_address>
         <run_address>0x833d2</run_address>
         <size>0x2d</size>
         <input_file_ref idref="fl-4"/>
      </object_component>
      <object_component id="oc-46a">
         <name>.text:EPWM_setActionQualifierContSWForceAction</name>
         <load_address>0x833ff</load_address>
         <run_address>0x833ff</run_address>
         <size>0x2c</size>
         <input_file_ref idref="fl-2"/>
      </object_component>
      <object_component id="oc-1b1">
         <name>.text:__TI_auto_init_nobinit_nopinit</name>
         <load_address>0x8342b</load_address>
         <run_address>0x8342b</run_address>
         <size>0x2b</size>
         <input_file_ref idref="fl-24"/>
      </object_component>
      <object_component id="oc-564">
         <name>.text:XBAR_setInputPin</name>
         <load_address>0x83456</load_address>
         <run_address>0x83456</run_address>
         <size>0x2a</size>
         <input_file_ref idref="fl-2"/>
      </object_component>
      <object_component id="oc-6cd">
         <name>.text:XBAR_setInputPin</name>
         <load_address>0x83480</load_address>
         <run_address>0x83480</run_address>
         <size>0x2a</size>
         <input_file_ref idref="fl-10"/>
      </object_component>
      <object_component id="oc-191">
         <name>.text</name>
         <load_address>0x834aa</load_address>
         <run_address>0x834aa</run_address>
         <size>0x29</size>
         <input_file_ref idref="fl-28"/>
      </object_component>
      <object_component id="oc-57d">
         <name>.text:ADC_setVREF</name>
         <load_address>0x834d3</load_address>
         <run_address>0x834d3</run_address>
         <size>0x27</size>
         <input_file_ref idref="fl-d"/>
      </object_component>
      <object_component id="oc-245">
         <name>.text:CurrentLimit_to_DAC_Code</name>
         <load_address>0x834fa</load_address>
         <run_address>0x834fa</run_address>
         <size>0x27</size>
         <input_file_ref idref="fl-4"/>
      </object_component>
      <object_component id="oc-5e0">
         <name>.text:EPWM_isBaseValid</name>
         <load_address>0x83521</load_address>
         <run_address>0x83521</run_address>
         <size>0x27</size>
         <input_file_ref idref="fl-2"/>
      </object_component>
      <object_component id="oc-321">
         <name>.text:EPWM_isBaseValid</name>
         <load_address>0x83548</load_address>
         <run_address>0x83548</run_address>
         <size>0x27</size>
         <input_file_ref idref="fl-4"/>
      </object_component>
      <object_component id="oc-637">
         <name>.text:SCI_setFIFOInterruptLevel</name>
         <load_address>0x8356f</load_address>
         <run_address>0x8356f</run_address>
         <size>0x26</size>
         <input_file_ref idref="fl-2"/>
      </object_component>
      <object_component id="oc-421">
         <name>.text:myCPUTIMER0_init</name>
         <load_address>0x83595</load_address>
         <run_address>0x83595</run_address>
         <size>0x26</size>
         <input_file_ref idref="fl-2"/>
      </object_component>
      <object_component id="oc-303">
         <name>.text:SysCtl_selectXTALSingleEnded</name>
         <load_address>0x835bb</load_address>
         <run_address>0x835bb</run_address>
         <size>0x25</size>
         <input_file_ref idref="fl-13"/>
      </object_component>
      <object_component id="oc-54a">
         <name>.text:DCC_enableSingleShotMode</name>
         <load_address>0x835e0</load_address>
         <run_address>0x835e0</run_address>
         <size>0x24</size>
         <input_file_ref idref="fl-13"/>
      </object_component>
      <object_component id="oc-251">
         <name>.text:GPIO_readPin</name>
         <load_address>0x83604</load_address>
         <run_address>0x83604</run_address>
         <size>0x23</size>
         <input_file_ref idref="fl-4"/>
      </object_component>
      <object_component id="oc-44c">
         <name>.text:EPWM_setCounterCompareValue</name>
         <load_address>0x83627</load_address>
         <run_address>0x83627</run_address>
         <size>0x22</size>
         <input_file_ref idref="fl-2"/>
      </object_component>
      <object_component id="oc-257">
         <name>.text:EPWM_setCounterCompareValue</name>
         <load_address>0x83649</load_address>
         <run_address>0x83649</run_address>
         <size>0x22</size>
         <input_file_ref idref="fl-4"/>
      </object_component>
      <object_component id="oc-488">
         <name>.text:EPWM_setTripZoneAction</name>
         <load_address>0x8366b</load_address>
         <run_address>0x8366b</run_address>
         <size>0x22</size>
         <input_file_ref idref="fl-2"/>
      </object_component>
      <object_component id="oc-22d">
         <name>.text:SysCtl_turnOffOsc</name>
         <load_address>0x8368d</load_address>
         <run_address>0x8368d</run_address>
         <size>0x20</size>
         <input_file_ref idref="fl-4"/>
      </object_component>
      <object_component id="oc-47c">
         <name>.text:EPWM_setFallingEdgeDelayCountShadowLoadMode</name>
         <load_address>0x836ad</load_address>
         <run_address>0x836ad</run_address>
         <size>0x1f</size>
         <input_file_ref idref="fl-2"/>
      </object_component>
      <object_component id="oc-470">
         <name>.text:EPWM_setRisingEdgeDelayCountShadowLoadMode</name>
         <load_address>0x836cc</load_address>
         <run_address>0x836cc</run_address>
         <size>0x1f</size>
         <input_file_ref idref="fl-2"/>
      </object_component>
      <object_component id="oc-36d">
         <name>.text:Flash_writeTrims</name>
         <load_address>0x836eb</load_address>
         <run_address>0x836eb</run_address>
         <size>0x1f</size>
         <input_file_ref idref="fl-f"/>
      </object_component>
      <object_component id="oc-538">
         <name>.text:DCC_setCounter0ClkSource</name>
         <load_address>0x8370a</load_address>
         <run_address>0x8370a</run_address>
         <size>0x1e</size>
         <input_file_ref idref="fl-13"/>
      </object_component>
      <object_component id="oc-53e">
         <name>.text:DCC_setCounter1ClkSource</name>
         <load_address>0x83728</load_address>
         <run_address>0x83728</run_address>
         <size>0x1e</size>
         <input_file_ref idref="fl-13"/>
      </object_component>
      <object_component id="oc-446">
         <name>.text:EPWM_setPhaseShift</name>
         <load_address>0x83746</load_address>
         <run_address>0x83746</run_address>
         <size>0x1e</size>
         <input_file_ref idref="fl-2"/>
      </object_component>
      <object_component id="oc-6d">
         <name>.text:Interrupt_initVectorTable</name>
         <load_address>0x83764</load_address>
         <run_address>0x83764</run_address>
         <size>0x1e</size>
         <input_file_ref idref="fl-11"/>
      </object_component>
      <object_component id="oc-eb">
         <name>.text:SCI_readCharBlockingFIFO</name>
         <load_address>0x83782</load_address>
         <run_address>0x83782</run_address>
         <size>0x1e</size>
         <input_file_ref idref="fl-4"/>
      </object_component>
      <object_component id="oc-24b">
         <name>.text:CMPSS_setDACValueLow</name>
         <load_address>0x837a0</load_address>
         <run_address>0x837a0</run_address>
         <size>0x1d</size>
         <input_file_ref idref="fl-4"/>
      </object_component>
      <object_component id="oc-63d">
         <name>.text:SCI_enableFIFO</name>
         <load_address>0x837bd</load_address>
         <run_address>0x837bd</run_address>
         <size>0x1d</size>
         <input_file_ref idref="fl-2"/>
      </object_component>
      <object_component id="oc-82">
         <name>.text</name>
         <load_address>0x837da</load_address>
         <run_address>0x837da</run_address>
         <size>0x1d</size>
         <input_file_ref idref="fl-22"/>
      </object_component>
      <object_component id="oc-5a1">
         <name>.text:ADC_setSOCPriority</name>
         <load_address>0x837f7</load_address>
         <run_address>0x837f7</run_address>
         <size>0x1c</size>
         <input_file_ref idref="fl-2"/>
      </object_component>
      <object_component id="oc-428">
         <name>.text:EPWM_setClockPrescaler</name>
         <load_address>0x83813</load_address>
         <run_address>0x83813</run_address>
         <size>0x1c</size>
         <input_file_ref idref="fl-2"/>
      </object_component>
      <object_component id="oc-221">
         <name>.text:Board_init</name>
         <load_address>0x8382f</load_address>
         <run_address>0x8382f</run_address>
         <size>0x1b</size>
         <input_file_ref idref="fl-2"/>
      </object_component>
      <object_component id="oc-32f">
         <name>.text:CMPSS_isBaseValid</name>
         <load_address>0x8384a</load_address>
         <run_address>0x8384a</run_address>
         <size>0x1b</size>
         <input_file_ref idref="fl-4"/>
      </object_component>
      <object_component id="oc-38e">
         <name>.text:SysCtl_setIntOSC2_Mode</name>
         <load_address>0x83865</load_address>
         <run_address>0x83865</run_address>
         <size>0x1b</size>
         <input_file_ref idref="fl-13"/>
      </object_component>
      <object_component id="oc-407">
         <name>.text:ASysCtl_setAnalogReference1P65</name>
         <load_address>0x83880</load_address>
         <run_address>0x83880</run_address>
         <size>0x1a</size>
         <input_file_ref idref="fl-2"/>
      </object_component>
      <object_component id="oc-5d9">
         <name>.text:CPUTimer_startTimer</name>
         <load_address>0x8389a</load_address>
         <run_address>0x8389a</run_address>
         <size>0x1a</size>
         <input_file_ref idref="fl-2"/>
      </object_component>
      <object_component id="oc-d3">
         <name>.text:CPUTimer_startTimer</name>
         <load_address>0x838b4</load_address>
         <run_address>0x838b4</run_address>
         <size>0x1a</size>
         <input_file_ref idref="fl-4"/>
      </object_component>
      <object_component id="oc-458">
         <name>.text:EPWM_disableActionQualifierShadowLoadMode</name>
         <load_address>0x838ce</load_address>
         <run_address>0x838ce</run_address>
         <size>0x1a</size>
         <input_file_ref idref="fl-2"/>
      </object_component>
      <object_component id="oc-298">
         <name>.text:SysCtl_getLowSpeedClock</name>
         <load_address>0x838e8</load_address>
         <run_address>0x838e8</run_address>
         <size>0x1a</size>
         <input_file_ref idref="fl-13"/>
      </object_component>
      <object_component id="oc-39a">
         <name>.text:SysCtl_setPLLSysClk</name>
         <load_address>0x83902</load_address>
         <run_address>0x83902</run_address>
         <size>0x19</size>
         <input_file_ref idref="fl-13"/>
      </object_component>
      <object_component id="oc-56a">
         <name>.text:XBAR_lockInput</name>
         <load_address>0x8391b</load_address>
         <run_address>0x8391b</run_address>
         <size>0x19</size>
         <input_file_ref idref="fl-2"/>
      </object_component>
      <object_component id="oc-401">
         <name>.text:ASysCtl_setAnalogReferenceInternal</name>
         <load_address>0x83934</load_address>
         <run_address>0x83934</run_address>
         <size>0x18</size>
         <input_file_ref idref="fl-2"/>
      </object_component>
      <object_component id="oc-482">
         <name>.text:EPWM_disableFallingEdgeDelayCountShadowLoadMode</name>
         <load_address>0x8394c</load_address>
         <run_address>0x8394c</run_address>
         <size>0x18</size>
         <input_file_ref idref="fl-2"/>
      </object_component>
      <object_component id="oc-476">
         <name>.text:EPWM_disableRisingEdgeDelayCountShadowLoadMode</name>
         <load_address>0x83964</load_address>
         <run_address>0x83964</run_address>
         <size>0x18</size>
         <input_file_ref idref="fl-2"/>
      </object_component>
      <object_component id="oc-6b9">
         <name>.text:SCI_disableModule</name>
         <load_address>0x8397c</load_address>
         <run_address>0x8397c</run_address>
         <size>0x18</size>
         <input_file_ref idref="fl-12"/>
      </object_component>
      <object_component id="oc-62b">
         <name>.text:SCI_performSoftwareReset</name>
         <load_address>0x83994</load_address>
         <run_address>0x83994</run_address>
         <size>0x18</size>
         <input_file_ref idref="fl-2"/>
      </object_component>
      <object_component id="oc-15b">
         <name>.text:SCI_performSoftwareReset</name>
         <load_address>0x839ac</load_address>
         <run_address>0x839ac</run_address>
         <size>0x18</size>
         <input_file_ref idref="fl-12"/>
      </object_component>
      <object_component id="oc-619">
         <name>.text:SCI_resetChannels</name>
         <load_address>0x839c4</load_address>
         <run_address>0x839c4</run_address>
         <size>0x18</size>
         <input_file_ref idref="fl-2"/>
      </object_component>
      <object_component id="oc-613">
         <name>.text:SCI_resetRxFIFO</name>
         <load_address>0x839dc</load_address>
         <run_address>0x839dc</run_address>
         <size>0x18</size>
         <input_file_ref idref="fl-2"/>
      </object_component>
      <object_component id="oc-60d">
         <name>.text:SCI_resetTxFIFO</name>
         <load_address>0x839f4</load_address>
         <run_address>0x839f4</run_address>
         <size>0x18</size>
         <input_file_ref idref="fl-2"/>
      </object_component>
      <object_component id="oc-40d">
         <name>.text:ASysCtl_enableCMPSSExternalDAC</name>
         <load_address>0x83a0c</load_address>
         <run_address>0x83a0c</run_address>
         <size>0x17</size>
         <input_file_ref idref="fl-2"/>
      </object_component>
      <object_component id="oc-6a1">
         <name>.text:CPUTimer_isBaseValid</name>
         <load_address>0x83a23</load_address>
         <run_address>0x83a23</run_address>
         <size>0x17</size>
         <input_file_ref idref="fl-2"/>
      </object_component>
      <object_component id="oc-698">
         <name>.text:CPUTimer_isBaseValid</name>
         <load_address>0x83a3a</load_address>
         <run_address>0x83a3a</run_address>
         <size>0x17</size>
         <input_file_ref idref="fl-e"/>
      </object_component>
      <object_component id="oc-123">
         <name>.text:CPUTimer_isBaseValid</name>
         <load_address>0x83a51</load_address>
         <run_address>0x83a51</run_address>
         <size>0x17</size>
         <input_file_ref idref="fl-4"/>
      </object_component>
      <object_component id="oc-5bb">
         <name>.text:CPUTimer_setPreScaler</name>
         <load_address>0x83a68</load_address>
         <run_address>0x83a68</run_address>
         <size>0x17</size>
         <input_file_ref idref="fl-2"/>
      </object_component>
      <object_component id="oc-6af">
         <name>.text:SCI_isBaseValid</name>
         <load_address>0x83a7f</load_address>
         <run_address>0x83a7f</run_address>
         <size>0x17</size>
         <input_file_ref idref="fl-2"/>
      </object_component>
      <object_component id="oc-154">
         <name>.text:SCI_isBaseValid</name>
         <load_address>0x83a96</load_address>
         <run_address>0x83a96</run_address>
         <size>0x17</size>
         <input_file_ref idref="fl-12"/>
      </object_component>
      <object_component id="oc-163">
         <name>.text:SCI_isBaseValid</name>
         <load_address>0x83aad</load_address>
         <run_address>0x83aad</run_address>
         <size>0x17</size>
         <input_file_ref idref="fl-4"/>
      </object_component>
      <object_component id="oc-3aa">
         <name>.text:SysCtl_enablePeripheral</name>
         <load_address>0x83ac4</load_address>
         <run_address>0x83ac4</run_address>
         <size>0x17</size>
         <input_file_ref idref="fl-5"/>
      </object_component>
      <object_component id="oc-514">
         <name>.text:SysCtl_enablePeripheral</name>
         <load_address>0x83adb</load_address>
         <run_address>0x83adb</run_address>
         <size>0x17</size>
         <input_file_ref idref="fl-13"/>
      </object_component>
      <object_component id="oc-30e">
         <name>.text:SysCtl_enablePeripheral</name>
         <load_address>0x83af2</load_address>
         <run_address>0x83af2</run_address>
         <size>0x17</size>
         <input_file_ref idref="fl-4"/>
      </object_component>
      <object_component id="oc-11d">
         <name>.text</name>
         <load_address>0x83b09</load_address>
         <run_address>0x83b09</run_address>
         <size>0x17</size>
         <input_file_ref idref="fl-1f"/>
      </object_component>
      <object_component id="oc-58f">
         <name>.text:ADC_setInterruptCycleOffset</name>
         <load_address>0x83b20</load_address>
         <run_address>0x83b20</run_address>
         <size>0x16</size>
         <input_file_ref idref="fl-2"/>
      </object_component>
      <object_component id="oc-589">
         <name>.text:ADC_setInterruptPulseMode</name>
         <load_address>0x83b36</load_address>
         <run_address>0x83b36</run_address>
         <size>0x16</size>
         <input_file_ref idref="fl-2"/>
      </object_component>
      <object_component id="oc-583">
         <name>.text:ADC_setPrescaler</name>
         <load_address>0x83b4c</load_address>
         <run_address>0x83b4c</run_address>
         <size>0x16</size>
         <input_file_ref idref="fl-2"/>
      </object_component>
      <object_component id="oc-31a">
         <name>.text:CMPSS_configDAC</name>
         <load_address>0x83b62</load_address>
         <run_address>0x83b62</run_address>
         <size>0x16</size>
         <input_file_ref idref="fl-4"/>
      </object_component>
      <object_component id="oc-532">
         <name>.text:DCC_disableDoneSignal</name>
         <load_address>0x83b78</load_address>
         <run_address>0x83b78</run_address>
         <size>0x16</size>
         <input_file_ref idref="fl-13"/>
      </object_component>
      <object_component id="oc-48e">
         <name>.text:EPWM_enableTripZoneSignals</name>
         <load_address>0x83b8e</load_address>
         <run_address>0x83b8e</run_address>
         <size>0x16</size>
         <input_file_ref idref="fl-2"/>
      </object_component>
      <object_component id="oc-67">
         <name>.text:Interrupt_defaultHandler</name>
         <load_address>0x83ba4</load_address>
         <run_address>0x83ba4</run_address>
         <size>0x16</size>
         <input_file_ref idref="fl-11"/>
      </object_component>
      <object_component id="oc-59b">
         <name>.text:ADC_disableBurstMode</name>
         <load_address>0x83bba</load_address>
         <run_address>0x83bba</run_address>
         <size>0x15</size>
         <input_file_ref idref="fl-2"/>
      </object_component>
      <object_component id="oc-5c7">
         <name>.text:CPUTimer_enableInterrupt</name>
         <load_address>0x83bcf</load_address>
         <run_address>0x83bcf</run_address>
         <size>0x15</size>
         <input_file_ref idref="fl-2"/>
      </object_component>
      <object_component id="oc-520">
         <name>.text:DCC_clearDoneFlag</name>
         <load_address>0x83be4</load_address>
         <run_address>0x83be4</run_address>
         <size>0x15</size>
         <input_file_ref idref="fl-13"/>
      </object_component>
      <object_component id="oc-51a">
         <name>.text:DCC_clearErrorFlag</name>
         <load_address>0x83bf9</load_address>
         <run_address>0x83bf9</run_address>
         <size>0x15</size>
         <input_file_ref idref="fl-13"/>
      </object_component>
      <object_component id="oc-52c">
         <name>.text:DCC_disableErrorSignal</name>
         <load_address>0x83c0e</load_address>
         <run_address>0x83c0e</run_address>
         <size>0x15</size>
         <input_file_ref idref="fl-13"/>
      </object_component>
      <object_component id="oc-2b1">
         <name>.text:GPIO_unlockPortConfig</name>
         <load_address>0x83c23</load_address>
         <run_address>0x83c23</run_address>
         <size>0x15</size>
         <input_file_ref idref="fl-5"/>
      </object_component>
      <object_component id="oc-5d3">
         <name>.text:CPUTimer_reloadTimerCounter</name>
         <load_address>0x83c38</load_address>
         <run_address>0x83c38</run_address>
         <size>0x14</size>
         <input_file_ref idref="fl-2"/>
      </object_component>
      <object_component id="oc-cd">
         <name>.text:CPUTimer_reloadTimerCounter</name>
         <load_address>0x83c4c</load_address>
         <run_address>0x83c4c</run_address>
         <size>0x14</size>
         <input_file_ref idref="fl-4"/>
      </object_component>
      <object_component id="oc-5cd">
         <name>.text:CPUTimer_stopTimer</name>
         <load_address>0x83c60</load_address>
         <run_address>0x83c60</run_address>
         <size>0x14</size>
         <input_file_ref idref="fl-2"/>
      </object_component>
      <object_component id="oc-c1">
         <name>.text:CPUTimer_stopTimer</name>
         <load_address>0x83c74</load_address>
         <run_address>0x83c74</run_address>
         <size>0x14</size>
         <input_file_ref idref="fl-4"/>
      </object_component>
      <object_component id="oc-526">
         <name>.text:DCC_disableModule</name>
         <load_address>0x83c88</load_address>
         <run_address>0x83c88</run_address>
         <size>0x14</size>
         <input_file_ref idref="fl-13"/>
      </object_component>
      <object_component id="oc-550">
         <name>.text:DCC_enableModule</name>
         <load_address>0x83c9c</load_address>
         <run_address>0x83c9c</run_address>
         <size>0x14</size>
         <input_file_ref idref="fl-13"/>
      </object_component>
      <object_component id="oc-43a">
         <name>.text:EPWM_setTimeBaseCounterMode</name>
         <load_address>0x83cb0</load_address>
         <run_address>0x83cb0</run_address>
         <size>0x14</size>
         <input_file_ref idref="fl-2"/>
      </object_component>
      <object_component id="oc-42e">
         <name>.text:EPWM_setTimeBasePeriod</name>
         <load_address>0x83cc4</load_address>
         <run_address>0x83cc4</run_address>
         <size>0x14</size>
         <input_file_ref idref="fl-2"/>
      </object_component>
      <object_component id="oc-23f">
         <name>.text:EPWM_setTimeBasePeriod</name>
         <load_address>0x83cd8</load_address>
         <run_address>0x83cd8</run_address>
         <size>0x14</size>
         <input_file_ref idref="fl-4"/>
      </object_component>
      <object_component id="oc-fa">
         <name>.text:SCI_getRxFIFOStatus</name>
         <load_address>0x83cec</load_address>
         <run_address>0x83cec</run_address>
         <size>0x14</size>
         <input_file_ref idref="fl-4"/>
      </object_component>
      <object_component id="oc-595">
         <name>.text:ADC_enableConverter</name>
         <load_address>0x83d00</load_address>
         <run_address>0x83d00</run_address>
         <size>0x13</size>
         <input_file_ref idref="fl-2"/>
      </object_component>
      <object_component id="oc-68a">
         <name>.text:ADC_isBaseValid</name>
         <load_address>0x83d13</load_address>
         <run_address>0x83d13</run_address>
         <size>0x13</size>
         <input_file_ref idref="fl-2"/>
      </object_component>
      <object_component id="oc-67b">
         <name>.text:ADC_isBaseValid</name>
         <load_address>0x83d26</load_address>
         <run_address>0x83d26</run_address>
         <size>0x13</size>
         <input_file_ref idref="fl-d"/>
      </object_component>
      <object_component id="oc-314">
         <name>.text:CMPSS_enableModule</name>
         <load_address>0x83d39</load_address>
         <run_address>0x83d39</run_address>
         <size>0x13</size>
         <input_file_ref idref="fl-4"/>
      </object_component>
      <object_component id="oc-5b5">
         <name>.text:CPUTimer_setEmulationMode</name>
         <load_address>0x83d4c</load_address>
         <run_address>0x83d4c</run_address>
         <size>0x13</size>
         <input_file_ref idref="fl-e"/>
      </object_component>
      <object_component id="oc-607">
         <name>.text:SCI_clearOverflowStatus</name>
         <load_address>0x83d5f</load_address>
         <run_address>0x83d5f</run_address>
         <size>0x13</size>
         <input_file_ref idref="fl-2"/>
      </object_component>
      <object_component id="oc-100">
         <name>.text:SCI_clearOverflowStatus</name>
         <load_address>0x83d72</load_address>
         <run_address>0x83d72</run_address>
         <size>0x13</size>
         <input_file_ref idref="fl-4"/>
      </object_component>
      <object_component id="oc-643">
         <name>.text:SCI_enableModule</name>
         <load_address>0x83d85</load_address>
         <run_address>0x83d85</run_address>
         <size>0x13</size>
         <input_file_ref idref="fl-2"/>
      </object_component>
      <object_component id="oc-6bf">
         <name>.text:SCI_enableModule</name>
         <load_address>0x83d98</load_address>
         <run_address>0x83d98</run_address>
         <size>0x13</size>
         <input_file_ref idref="fl-12"/>
      </object_component>
      <object_component id="oc-673">
         <name>.text:XBAR_isBaseValid</name>
         <load_address>0x83dab</load_address>
         <run_address>0x83dab</run_address>
         <size>0x13</size>
         <input_file_ref idref="fl-2"/>
      </object_component>
      <object_component id="oc-6e5">
         <name>.text:XBAR_isBaseValid</name>
         <load_address>0x83dbe</load_address>
         <run_address>0x83dbe</run_address>
         <size>0x13</size>
         <input_file_ref idref="fl-10"/>
      </object_component>
      <object_component id="oc-9c">
         <name>.text:CPUTimer_clearOverflowFlag</name>
         <load_address>0x83dd1</load_address>
         <run_address>0x83dd1</run_address>
         <size>0x12</size>
         <input_file_ref idref="fl-4"/>
      </object_component>
      <object_component id="oc-434">
         <name>.text:EPWM_setTimeBaseCounter</name>
         <load_address>0x83de3</load_address>
         <run_address>0x83de3</run_address>
         <size>0x12</size>
         <input_file_ref idref="fl-2"/>
      </object_component>
      <object_component id="oc-3ee">
         <name>.text:SysCtl_setSyncOutputConfig</name>
         <load_address>0x83df5</load_address>
         <run_address>0x83df5</run_address>
         <size>0x12</size>
         <input_file_ref idref="fl-2"/>
      </object_component>
      <object_component id="oc-5c1">
         <name>.text:CPUTimer_setPeriod</name>
         <load_address>0x83e07</load_address>
         <run_address>0x83e07</run_address>
         <size>0x11</size>
         <input_file_ref idref="fl-2"/>
      </object_component>
      <object_component id="oc-440">
         <name>.text:EPWM_disablePhaseShiftLoad</name>
         <load_address>0x83e18</load_address>
         <run_address>0x83e18</run_address>
         <size>0x11</size>
         <input_file_ref idref="fl-2"/>
      </object_component>
      <object_component id="oc-2e9">
         <name>.text:GPIO_init</name>
         <load_address>0x83e29</load_address>
         <run_address>0x83e29</run_address>
         <size>0x11</size>
         <input_file_ref idref="fl-2"/>
      </object_component>
      <object_component id="oc-625">
         <name>.text:SCI_disableLoopback</name>
         <load_address>0x83e3a</load_address>
         <run_address>0x83e3a</run_address>
         <size>0x11</size>
         <input_file_ref idref="fl-2"/>
      </object_component>
      <object_component id="oc-c7">
         <name>.text:CPUTimer_getTimerCount</name>
         <load_address>0x83e4b</load_address>
         <run_address>0x83e4b</run_address>
         <size>0x10</size>
         <input_file_ref idref="fl-4"/>
      </object_component>
      <object_component id="oc-4ba">
         <name>.text:CSB_OUT_init</name>
         <load_address>0x83e5b</load_address>
         <run_address>0x83e5b</run_address>
         <size>0x10</size>
         <input_file_ref idref="fl-2"/>
      </object_component>
      <object_component id="oc-4c0">
         <name>.text:CSC_OUT_init</name>
         <load_address>0x83e6b</load_address>
         <run_address>0x83e6b</run_address>
         <size>0x10</size>
         <input_file_ref idref="fl-2"/>
      </object_component>
      <object_component id="oc-4c6">
         <name>.text:CSD_OUT_init</name>
         <load_address>0x83e7b</load_address>
         <run_address>0x83e7b</run_address>
         <size>0x10</size>
         <input_file_ref idref="fl-2"/>
      </object_component>
      <object_component id="oc-662">
         <name>.text:DCC_isBaseValid</name>
         <load_address>0x83e8b</load_address>
         <run_address>0x83e8b</run_address>
         <size>0x10</size>
         <input_file_ref idref="fl-13"/>
      </object_component>
      <object_component id="oc-215">
         <name>.text:Device_initGPIO</name>
         <load_address>0x83e9b</load_address>
         <run_address>0x83e9b</run_address>
         <size>0x10</size>
         <input_file_ref idref="fl-5"/>
      </object_component>
      <object_component id="oc-34e">
         <name>.text:Flash_isCtrlBaseValid</name>
         <load_address>0x83eab</load_address>
         <run_address>0x83eab</run_address>
         <size>0x10</size>
         <input_file_ref idref="fl-f"/>
      </object_component>
      <object_component id="oc-355">
         <name>.text:Flash_isECCBaseValid</name>
         <load_address>0x83ebb</load_address>
         <run_address>0x83ebb</run_address>
         <size>0x10</size>
         <input_file_ref idref="fl-f"/>
      </object_component>
      <object_component id="oc-64a">
         <name>.text:GPIO_setInterruptType</name>
         <load_address>0x83ecb</load_address>
         <run_address>0x83ecb</run_address>
         <size>0x10</size>
         <input_file_ref idref="fl-2"/>
      </object_component>
      <object_component id="oc-4b4">
         <name>.text:LED1_init</name>
         <load_address>0x83edb</load_address>
         <run_address>0x83edb</run_address>
         <size>0x10</size>
         <input_file_ref idref="fl-2"/>
      </object_component>
      <object_component id="oc-49c">
         <name>.text:PS1_init</name>
         <load_address>0x83eeb</load_address>
         <run_address>0x83eeb</run_address>
         <size>0x10</size>
         <input_file_ref idref="fl-2"/>
      </object_component>
      <object_component id="oc-4a2">
         <name>.text:PS2_init</name>
         <load_address>0x83efb</load_address>
         <run_address>0x83efb</run_address>
         <size>0x10</size>
         <input_file_ref idref="fl-2"/>
      </object_component>
      <object_component id="oc-4a8">
         <name>.text:PS3_init</name>
         <load_address>0x83f0b</load_address>
         <run_address>0x83f0b</run_address>
         <size>0x10</size>
         <input_file_ref idref="fl-2"/>
      </object_component>
      <object_component id="oc-169">
         <name>.text:SCI_getRxStatus</name>
         <load_address>0x83f1b</load_address>
         <run_address>0x83f1b</run_address>
         <size>0x10</size>
         <input_file_ref idref="fl-4"/>
      </object_component>
      <object_component id="oc-4ae">
         <name>.text:myGPIO0_init</name>
         <load_address>0x83f2b</load_address>
         <run_address>0x83f2b</run_address>
         <size>0x10</size>
         <input_file_ref idref="fl-2"/>
      </object_component>
      <object_component id="oc-a8">
         <name>.text:Interrupt_register</name>
         <load_address>0x83f3b</load_address>
         <run_address>0x83f3b</run_address>
         <size>0xf</size>
         <input_file_ref idref="fl-2"/>
      </object_component>
      <object_component id="oc-239">
         <name>.text:CMPSS1_DAC_init</name>
         <load_address>0x83f4a</load_address>
         <run_address>0x83f4a</run_address>
         <size>0xd</size>
         <input_file_ref idref="fl-4"/>
      </object_component>
      <object_component id="oc-2bf">
         <name>.text:INPUTXBAR_init</name>
         <load_address>0x83f57</load_address>
         <run_address>0x83f57</run_address>
         <size>0xd</size>
         <input_file_ref idref="fl-2"/>
      </object_component>
      <object_component id="oc-133">
         <name>.text:Interrupt_disableGlobal</name>
         <load_address>0x83f64</load_address>
         <run_address>0x83f64</run_address>
         <size>0xd</size>
         <input_file_ref idref="fl-11"/>
      </object_component>
      <object_component id="oc-13f">
         <name>.text:Interrupt_enableGlobal</name>
         <load_address>0x83f71</load_address>
         <run_address>0x83f71</run_address>
         <size>0xd</size>
         <input_file_ref idref="fl-11"/>
      </object_component>
      <object_component id="oc-28b">
         <name>.text:SysCtl_setLowSpeedClock</name>
         <load_address>0x83f7e</load_address>
         <run_address>0x83f7e</run_address>
         <size>0xd</size>
         <input_file_ref idref="fl-5"/>
      </object_component>
      <object_component id="oc-8a">
         <name>.text:decompress:ZI:__TI_zero_init_nomemset</name>
         <load_address>0x83f8b</load_address>
         <run_address>0x83f8b</run_address>
         <size>0xd</size>
         <input_file_ref idref="fl-25"/>
      </object_component>
      <object_component id="oc-2cb">
         <name>.text:ASYSCTL_init</name>
         <load_address>0x83f98</load_address>
         <run_address>0x83f98</run_address>
         <size>0xc</size>
         <input_file_ref idref="fl-2"/>
      </object_component>
      <object_component id="oc-4d4">
         <name>.text:PS1_XINT_init</name>
         <load_address>0x83fa4</load_address>
         <run_address>0x83fa4</run_address>
         <size>0xc</size>
         <input_file_ref idref="fl-2"/>
      </object_component>
      <object_component id="oc-4da">
         <name>.text:PS2_XINT_init</name>
         <load_address>0x83fb0</load_address>
         <run_address>0x83fb0</run_address>
         <size>0xc</size>
         <input_file_ref idref="fl-2"/>
      </object_component>
      <object_component id="oc-4e0">
         <name>.text:PS3_XINT_init</name>
         <load_address>0x83fbc</load_address>
         <run_address>0x83fbc</run_address>
         <size>0xc</size>
         <input_file_ref idref="fl-2"/>
      </object_component>
      <object_component id="oc-3f4">
         <name>.text:SysCtl_enableExtADCSOCSource</name>
         <load_address>0x83fc8</load_address>
         <run_address>0x83fc8</run_address>
         <size>0xc</size>
         <input_file_ref idref="fl-2"/>
      </object_component>
      <object_component id="oc-3c9">
         <name>.text:myINPUTXBARINPUT0_init</name>
         <load_address>0x83fd4</load_address>
         <run_address>0x83fd4</run_address>
         <size>0xc</size>
         <input_file_ref idref="fl-2"/>
      </object_component>
      <object_component id="oc-3cf">
         <name>.text:myINPUTXBARINPUT1_init</name>
         <load_address>0x83fe0</load_address>
         <run_address>0x83fe0</run_address>
         <size>0xc</size>
         <input_file_ref idref="fl-2"/>
      </object_component>
      <object_component id="oc-3d5">
         <name>.text:myINPUTXBARINPUT2_init</name>
         <load_address>0x83fec</load_address>
         <run_address>0x83fec</run_address>
         <size>0xc</size>
         <input_file_ref idref="fl-2"/>
      </object_component>
      <object_component id="oc-19">
         <name>.text:decompress:none</name>
         <load_address>0x83ff8</load_address>
         <run_address>0x83ff8</run_address>
         <size>0x8</size>
         <input_file_ref idref="fl-26"/>
      </object_component>
      <object_component id="oc-18b">
         <name>.text</name>
         <load_address>0x84000</load_address>
         <run_address>0x84000</run_address>
         <size>0xc</size>
         <input_file_ref idref="fl-2a"/>
      </object_component>
      <object_component id="oc-279">
         <name>.text:SysCtl_disableWatchdog</name>
         <load_address>0x8400c</load_address>
         <run_address>0x8400c</run_address>
         <size>0xb</size>
         <input_file_ref idref="fl-5"/>
      </object_component>
      <object_component id="oc-387">
         <name>.text:SysCtl_isMCDClockFailureDetected</name>
         <load_address>0x84017</load_address>
         <run_address>0x84017</run_address>
         <size>0xb</size>
         <input_file_ref idref="fl-13"/>
      </object_component>
      <object_component id="oc-394">
         <name>.text:ASysCtl_getExtROscStatus</name>
         <load_address>0x84022</load_address>
         <run_address>0x84022</run_address>
         <size>0xa</size>
         <input_file_ref idref="fl-13"/>
      </object_component>
      <object_component id="oc-73">
         <name>.text:Interrupt_illegalOperationHandler</name>
         <load_address>0x8402c</load_address>
         <run_address>0x8402c</run_address>
         <size>0xa</size>
         <input_file_ref idref="fl-11"/>
      </object_component>
      <object_component id="oc-79">
         <name>.text:Interrupt_nmiHandler</name>
         <load_address>0x84036</load_address>
         <run_address>0x84036</run_address>
         <size>0xa</size>
         <input_file_ref idref="fl-11"/>
      </object_component>
      <object_component id="oc-2c5">
         <name>.text:SYNC_init</name>
         <load_address>0x84040</load_address>
         <run_address>0x84040</run_address>
         <size>0xa</size>
         <input_file_ref idref="fl-2"/>
      </object_component>
      <object_component id="oc-656">
         <name>.text:GPIO_enableInterrupt</name>
         <load_address>0x8404a</load_address>
         <run_address>0x8404a</run_address>
         <size>0x9</size>
         <input_file_ref idref="fl-2"/>
      </object_component>
      <object_component id="oc-266">
         <name>.text</name>
         <load_address>0x84053</load_address>
         <run_address>0x84053</run_address>
         <size>0x9</size>
         <input_file_ref idref="fl-29"/>
      </object_component>
      <object_component id="oc-96">
         <name>.text</name>
         <load_address>0x8405c</load_address>
         <run_address>0x8405c</run_address>
         <size>0x8</size>
         <input_file_ref idref="fl-6"/>
      </object_component>
      <object_component id="oc-3fb">
         <name>.text:ASysCtl_disableTemperatureSensor</name>
         <load_address>0x84064</load_address>
         <run_address>0x84064</run_address>
         <size>0x7</size>
         <input_file_ref idref="fl-2"/>
      </object_component>
      <object_component id="oc-2a4">
         <name>.text:ASysCtl_lockVREG</name>
         <load_address>0x8406b</load_address>
         <run_address>0x8406b</run_address>
         <size>0x7</size>
         <input_file_ref idref="fl-5"/>
      </object_component>
      <object_component id="oc-4ed">
         <name>.text:SysCtl_resetMCD</name>
         <load_address>0x84072</load_address>
         <run_address>0x84072</run_address>
         <size>0x7</size>
         <input_file_ref idref="fl-13"/>
      </object_component>
      <object_component id="oc-2f5">
         <name>.text:XINT_init</name>
         <load_address>0x84079</load_address>
         <run_address>0x84079</run_address>
         <size>0x7</size>
         <input_file_ref idref="fl-2"/>
      </object_component>
      <object_component id="oc-12a">
         <name>.text:__error__</name>
         <load_address>0x84080</load_address>
         <run_address>0x84080</run_address>
         <size>0x7</size>
         <input_file_ref idref="fl-5"/>
      </object_component>
      <object_component id="oc-3db">
         <name>.text:myINPUTXBARINPUT3_init</name>
         <load_address>0x84087</load_address>
         <run_address>0x84087</run_address>
         <size>0x7</size>
         <input_file_ref idref="fl-2"/>
      </object_component>
      <object_component id="oc-3e1">
         <name>.text:myINPUTXBARINPUT4_init</name>
         <load_address>0x8408e</load_address>
         <run_address>0x8408e</run_address>
         <size>0x7</size>
         <input_file_ref idref="fl-2"/>
      </object_component>
      <object_component id="oc-3e7">
         <name>.text:myINPUTXBARINPUT5_init</name>
         <load_address>0x84095</load_address>
         <run_address>0x84095</run_address>
         <size>0x7</size>
         <input_file_ref idref="fl-2"/>
      </object_component>
      <object_component id="oc-a2">
         <name>.text:Interrupt_clearACKGroup</name>
         <load_address>0x8409c</load_address>
         <run_address>0x8409c</run_address>
         <size>0x6</size>
         <input_file_ref idref="fl-4"/>
      </object_component>
      <object_component id="oc-2d1">
         <name>.text:ADC_init</name>
         <load_address>0x840a2</load_address>
         <run_address>0x840a2</run_address>
         <size>0x5</size>
         <input_file_ref idref="fl-2"/>
      </object_component>
      <object_component id="oc-2d7">
         <name>.text:CPUTIMER_init</name>
         <load_address>0x840a7</load_address>
         <run_address>0x840a7</run_address>
         <size>0x3</size>
         <input_file_ref idref="fl-2"/>
      </object_component>
      <object_component id="oc-2e3">
         <name>.text:EPWMXBAR_init</name>
         <load_address>0x840aa</load_address>
         <run_address>0x840aa</run_address>
         <size>0x3</size>
         <input_file_ref idref="fl-2"/>
      </object_component>
      <object_component id="oc-2ef">
         <name>.text:SCI_init</name>
         <load_address>0x840ad</load_address>
         <run_address>0x840ad</run_address>
         <size>0x3</size>
         <input_file_ref idref="fl-2"/>
      </object_component>
      <object_component id="oc-184">
         <name>.text</name>
         <load_address>0x840b0</load_address>
         <run_address>0x840b0</run_address>
         <size>0x2</size>
         <input_file_ref idref="fl-23"/>
      </object_component>
      <object_component id="oc-233">
         <name>.text:C2000Ware_libraries_init</name>
         <load_address>0x840b2</load_address>
         <run_address>0x840b2</run_address>
         <size>0x1</size>
         <input_file_ref idref="fl-3"/>
      </object_component>
      <object_component id="oc-495">
         <name>.text:myEPWMXBAR0_init</name>
         <load_address>0x840b3</load_address>
         <run_address>0x840b3</run_address>
         <size>0x1</size>
         <input_file_ref idref="fl-2"/>
      </object_component>
      <object_component id="oc-1fa">
         <name>.text</name>
         <load_address>0x840b4</load_address>
         <run_address>0x840b4</run_address>
         <size>0x1</size>
         <input_file_ref idref="fl-2f"/>
      </object_component>
      <object_component id="oc-716">
         <name>.cinit..data.load</name>
         <load_address>0x800f8</load_address>
         <run_address>0x800f8</run_address>
         <size>0xd</size>
      </object_component>
      <object_component id="oc-713">
         <name>__TI_handler_table</name>
         <load_address>0x80106</load_address>
         <run_address>0x80106</run_address>
         <size>0x6</size>
      </object_component>
      <object_component id="oc-715">
         <name>.cinit..bss.load</name>
         <load_address>0x8010c</load_address>
         <run_address>0x8010c</run_address>
         <size>0x4</size>
      </object_component>
      <object_component id="oc-714">
         <name>__TI_cinit_table</name>
         <load_address>0x80110</load_address>
         <run_address>0x80110</run_address>
         <size>0x8</size>
      </object_component>
      <object_component id="oc-7f">
         <name>.stack</name>
         <uninitialized>true</uninitialized>
         <run_address>0x400</run_address>
         <size>0x0</size>
         <input_file_ref idref="fl-1f"/>
      </object_component>
      <object_component id="oc-717">
         <name>.stack</name>
         <uninitialized>true</uninitialized>
         <run_address>0x400</run_address>
         <size>0x0</size>
      </object_component>
      <object_component id="oc-25d">
         <name>.bss</name>
         <uninitialized>true</uninitialized>
         <run_address>0x8118</run_address>
         <size>0x4</size>
         <input_file_ref idref="fl-4"/>
      </object_component>
      <object_component id="oc-f1">
         <name>.bss:rx_buf</name>
         <uninitialized>true</uninitialized>
         <run_address>0x8108</run_address>
         <size>0x10</size>
         <input_file_ref idref="fl-4"/>
      </object_component>
      <object_component id="oc-129">
         <name>.const:.string</name>
         <load_address>0x88000</load_address>
         <run_address>0x88000</run_address>
         <size>0x184</size>
         <input_file_ref idref="fl-4"/>
      </object_component>
      <object_component id="oc-579">
         <name>.const:.string</name>
         <load_address>0x88184</load_address>
         <run_address>0x88184</run_address>
         <size>0x182</size>
         <input_file_ref idref="fl-2"/>
      </object_component>
      <object_component id="oc-172">
         <name>.const:.string:_ctypes_</name>
         <load_address>0x88306</load_address>
         <run_address>0x88306</run_address>
         <size>0x101</size>
         <input_file_ref idref="fl-2c"/>
      </object_component>
      <object_component id="oc-354">
         <name>.const:.string</name>
         <load_address>0x88408</load_address>
         <run_address>0x88408</run_address>
         <size>0x9c</size>
         <input_file_ref idref="fl-f"/>
      </object_component>
      <object_component id="oc-3b2">
         <name>.const:.string</name>
         <load_address>0x884a4</load_address>
         <run_address>0x884a4</run_address>
         <size>0x9b</size>
         <input_file_ref idref="fl-10"/>
      </object_component>
      <object_component id="oc-2fc">
         <name>.const:.string</name>
         <load_address>0x88540</load_address>
         <run_address>0x88540</run_address>
         <size>0x9b</size>
         <input_file_ref idref="fl-13"/>
      </object_component>
      <object_component id="oc-15a">
         <name>.const:.string</name>
         <load_address>0x885dc</load_address>
         <run_address>0x885dc</run_address>
         <size>0x98</size>
         <input_file_ref idref="fl-12"/>
      </object_component>
      <object_component id="oc-19c">
         <name>.const:.string</name>
         <load_address>0x88674</load_address>
         <run_address>0x88674</run_address>
         <size>0x52</size>
         <input_file_ref idref="fl-11"/>
      </object_component>
      <object_component id="oc-69e">
         <name>.const:.string</name>
         <load_address>0x886c6</load_address>
         <run_address>0x886c6</run_address>
         <size>0x51</size>
         <input_file_ref idref="fl-e"/>
      </object_component>
      <object_component id="oc-681">
         <name>.const:.string</name>
         <load_address>0x88718</load_address>
         <run_address>0x88718</run_address>
         <size>0x4c</size>
         <input_file_ref idref="fl-d"/>
      </object_component>
      <object_component id="oc-297">
         <name>.const:.string</name>
         <load_address>0x88764</load_address>
         <run_address>0x88764</run_address>
         <size>0x13</size>
         <input_file_ref idref="fl-5"/>
      </object_component>
      <object_component id="oc-be">
         <name>.data</name>
         <load_address>0x80ea</load_address>
         <run_address>0x80ea</run_address>
         <size>0x14</size>
         <input_file_ref idref="fl-4"/>
      </object_component>
      <object_component id="oc-1e9">
         <name>.data</name>
         <load_address>0x8100</load_address>
         <run_address>0x8100</run_address>
         <size>0x6</size>
         <input_file_ref idref="fl-28"/>
      </object_component>
      <object_component id="oc-1ec">
         <name>.data:_lock</name>
         <load_address>0x80fe</load_address>
         <run_address>0x80fe</run_address>
         <size>0x2</size>
         <input_file_ref idref="fl-29"/>
      </object_component>
      <object_component id="oc-340">
         <name>.data:_unlock</name>
         <load_address>0x8106</load_address>
         <run_address>0x8106</run_address>
         <size>0x2</size>
         <input_file_ref idref="fl-29"/>
      </object_component>
      <object_component id="oc-27f">
         <name>.TI.ramfunc:Flash_initModule</name>
         <load_address>0x80008</load_address>
         <run_address>0x8000</run_address>
         <size>0x51</size>
         <input_file_ref idref="fl-f"/>
      </object_component>
      <object_component id="oc-367">
         <name>.TI.ramfunc:Flash_setWaitstates</name>
         <load_address>0x80059</load_address>
         <run_address>0x8051</run_address>
         <size>0x22</size>
         <input_file_ref idref="fl-f"/>
      </object_component>
      <object_component id="oc-35b">
         <name>.TI.ramfunc:Flash_disableCache</name>
         <load_address>0x8007b</load_address>
         <run_address>0x8073</run_address>
         <size>0x18</size>
         <input_file_ref idref="fl-f"/>
      </object_component>
      <object_component id="oc-361">
         <name>.TI.ramfunc:Flash_disablePrefetch</name>
         <load_address>0x80093</load_address>
         <run_address>0x808b</run_address>
         <size>0x18</size>
         <input_file_ref idref="fl-f"/>
      </object_component>
      <object_component id="oc-373">
         <name>.TI.ramfunc:Flash_enableCache</name>
         <load_address>0x800ab</load_address>
         <run_address>0x80a3</run_address>
         <size>0x17</size>
         <input_file_ref idref="fl-f"/>
      </object_component>
      <object_component id="oc-37f">
         <name>.TI.ramfunc:Flash_enableECC</name>
         <load_address>0x800c2</load_address>
         <run_address>0x80ba</run_address>
         <size>0x16</size>
         <input_file_ref idref="fl-f"/>
      </object_component>
      <object_component id="oc-379">
         <name>.TI.ramfunc:Flash_enablePrefetch</name>
         <load_address>0x800d8</load_address>
         <run_address>0x80d0</run_address>
         <size>0x16</size>
         <input_file_ref idref="fl-f"/>
      </object_component>
      <object_component id="oc-38d">
         <name>.TI.ramfunc</name>
         <load_address>0x800ee</load_address>
         <run_address>0x80e6</run_address>
         <size>0x4</size>
         <input_file_ref idref="fl-13"/>
      </object_component>
      <object_component id="oc-bb">
         <name>.debug_types</name>
         <load_address>0x0</load_address>
         <run_address>0x0</run_address>
         <size>0x2cb0</size>
         <input_file_ref idref="fl-2"/>
      </object_component>
      <object_component id="oc-30d">
         <name>.debug_types</name>
         <load_address>0x0</load_address>
         <run_address>0x0</run_address>
         <size>0x0</size>
         <input_file_ref idref="fl-3"/>
      </object_component>
      <object_component id="oc-bd">
         <name>.debug_types</name>
         <load_address>0x2cb0</load_address>
         <run_address>0x2cb0</run_address>
         <size>0x66a</size>
         <input_file_ref idref="fl-4"/>
      </object_component>
      <object_component id="oc-19a">
         <name>.debug_types</name>
         <load_address>0x331a</load_address>
         <run_address>0x331a</run_address>
         <size>0x201</size>
         <input_file_ref idref="fl-5"/>
      </object_component>
      <object_component id="oc-689">
         <name>.debug_types</name>
         <load_address>0x351b</load_address>
         <run_address>0x351b</run_address>
         <size>0x1ed</size>
         <input_file_ref idref="fl-d"/>
      </object_component>
      <object_component id="oc-6a0">
         <name>.debug_types</name>
         <load_address>0x0</load_address>
         <run_address>0x0</run_address>
         <size>0x0</size>
         <input_file_ref idref="fl-e"/>
      </object_component>
      <object_component id="oc-386">
         <name>.debug_types</name>
         <load_address>0x0</load_address>
         <run_address>0x0</run_address>
         <size>0x0</size>
         <input_file_ref idref="fl-f"/>
      </object_component>
      <object_component id="oc-3b4">
         <name>.debug_types</name>
         <load_address>0x0</load_address>
         <run_address>0x0</run_address>
         <size>0x0</size>
         <input_file_ref idref="fl-10"/>
      </object_component>
      <object_component id="oc-108">
         <name>.debug_types</name>
         <load_address>0x0</load_address>
         <run_address>0x0</run_address>
         <size>0x0</size>
         <input_file_ref idref="fl-11"/>
      </object_component>
      <object_component id="oc-162">
         <name>.debug_types</name>
         <load_address>0x3708</load_address>
         <run_address>0x3708</run_address>
         <size>0xb8</size>
         <input_file_ref idref="fl-12"/>
      </object_component>
      <object_component id="oc-30a">
         <name>.debug_types</name>
         <load_address>0x37c0</load_address>
         <run_address>0x37c0</run_address>
         <size>0xb10</size>
         <input_file_ref idref="fl-13"/>
      </object_component>
      <object_component id="oc-110">
         <name>.debug_types</name>
         <load_address>0x42d0</load_address>
         <run_address>0x42d0</run_address>
         <size>0x142</size>
         <input_file_ref idref="fl-22"/>
      </object_component>
      <object_component id="oc-1b0">
         <name>.debug_types</name>
         <load_address>0x0</load_address>
         <run_address>0x0</run_address>
         <size>0x0</size>
         <input_file_ref idref="fl-23"/>
      </object_component>
      <object_component id="oc-201">
         <name>.debug_types</name>
         <load_address>0x4412</load_address>
         <run_address>0x4412</run_address>
         <size>0x441</size>
         <input_file_ref idref="fl-24"/>
      </object_component>
      <object_component id="oc-115">
         <name>.debug_types</name>
         <load_address>0x4853</load_address>
         <run_address>0x4853</run_address>
         <size>0x194</size>
         <input_file_ref idref="fl-25"/>
      </object_component>
      <object_component id="oc-89">
         <name>.debug_types</name>
         <load_address>0x0</load_address>
         <run_address>0x0</run_address>
         <size>0x0</size>
         <input_file_ref idref="fl-26"/>
      </object_component>
      <object_component id="oc-81">
         <name>.debug_types</name>
         <load_address>0x49e7</load_address>
         <run_address>0x49e7</run_address>
         <size>0x191</size>
         <input_file_ref idref="fl-27"/>
      </object_component>
      <object_component id="oc-1f0">
         <name>.debug_types</name>
         <load_address>0x4b78</load_address>
         <run_address>0x4b78</run_address>
         <size>0xbf</size>
         <input_file_ref idref="fl-28"/>
      </object_component>
      <object_component id="oc-26e">
         <name>.debug_types</name>
         <load_address>0x4c37</load_address>
         <run_address>0x4c37</run_address>
         <size>0x2f</size>
         <input_file_ref idref="fl-29"/>
      </object_component>
      <object_component id="oc-1e8">
         <name>.debug_types</name>
         <load_address>0x4c66</load_address>
         <run_address>0x4c66</run_address>
         <size>0xe1</size>
         <input_file_ref idref="fl-2a"/>
      </object_component>
      <object_component id="oc-176">
         <name>.debug_types</name>
         <load_address>0x4d47</load_address>
         <run_address>0x4d47</run_address>
         <size>0x34</size>
         <input_file_ref idref="fl-2b"/>
      </object_component>
      <object_component id="oc-1a8">
         <name>.debug_types</name>
         <load_address>0x0</load_address>
         <run_address>0x0</run_address>
         <size>0x0</size>
         <input_file_ref idref="fl-2c"/>
      </object_component>
      <object_component id="oc-273">
         <name>.debug_types</name>
         <load_address>0x0</load_address>
         <run_address>0x0</run_address>
         <size>0x0</size>
         <input_file_ref idref="fl-2f"/>
      </object_component>
      <object_component id="oc-68b">
         <name>.debug_info</name>
         <load_address>0x0</load_address>
         <run_address>0x0</run_address>
         <size>0x166</size>
         <input_file_ref idref="fl-2"/>
      </object_component>
      <object_component id="oc-584">
         <name>.debug_info</name>
         <load_address>0x166</load_address>
         <run_address>0x166</run_address>
         <size>0x1b3</size>
         <input_file_ref idref="fl-2"/>
      </object_component>
      <object_component id="oc-5a8">
         <name>.debug_info</name>
         <load_address>0x319</load_address>
         <run_address>0x319</run_address>
         <size>0x232</size>
         <input_file_ref idref="fl-2"/>
      </object_component>
      <object_component id="oc-5ae">
         <name>.debug_info</name>
         <load_address>0x54b</load_address>
         <run_address>0x54b</run_address>
         <size>0x1ff</size>
         <input_file_ref idref="fl-2"/>
      </object_component>
      <object_component id="oc-58a">
         <name>.debug_info</name>
         <load_address>0x74a</load_address>
         <run_address>0x74a</run_address>
         <size>0x1c1</size>
         <input_file_ref idref="fl-2"/>
      </object_component>
      <object_component id="oc-590">
         <name>.debug_info</name>
         <load_address>0x90b</load_address>
         <run_address>0x90b</run_address>
         <size>0x1c9</size>
         <input_file_ref idref="fl-2"/>
      </object_component>
      <object_component id="oc-596">
         <name>.debug_info</name>
         <load_address>0xad4</load_address>
         <run_address>0xad4</run_address>
         <size>0x18a</size>
         <input_file_ref idref="fl-2"/>
      </object_component>
      <object_component id="oc-59c">
         <name>.debug_info</name>
         <load_address>0xc5e</load_address>
         <run_address>0xc5e</run_address>
         <size>0x18c</size>
         <input_file_ref idref="fl-2"/>
      </object_component>
      <object_component id="oc-5a2">
         <name>.debug_info</name>
         <load_address>0xdea</load_address>
         <run_address>0xdea</run_address>
         <size>0x1af</size>
         <input_file_ref idref="fl-2"/>
[...]
         <name>__TI_pprof_out_hndl</name>
         <value>0xffffffff</value>
      </symbol>
      <symbol id="sm-f">
         <name>__TI_prof_data_start</name>
         <value>0xffffffff</value>
      </symbol>
      <symbol id="sm-10">
         <name>__TI_prof_data_size</name>
         <value>0xffffffff</value>
      </symbol>
      <symbol id="sm-33b">
         <name>INPUTXBAR_init</name>
         <value>0x83f57</value>
         <object_component_ref idref="oc-2bf"/>
      </symbol>
      <symbol id="sm-33c">
         <name>INTERRUPT_init</name>
         <value>0x82af4</value>
         <object_component_ref idref="oc-2c"/>
      </symbol>
      <symbol id="sm-33d">
         <name>LED1_init</name>
         <value>0x83edb</value>
         <object_component_ref idref="oc-4b4"/>
      </symbol>
      <symbol id="sm-33e">
         <name>PinMux_init</name>
         <value>0x823c3</value>
         <object_component_ref idref="oc-2b9"/>
      </symbol>
      <symbol id="sm-33f">
         <name>myINPUTXBARINPUT5_init</name>
         <value>0x84095</value>
         <object_component_ref idref="oc-3e7"/>
      </symbol>
      <symbol id="sm-340">
         <name>myINPUTXBARINPUT4_init</name>
         <value>0x8408e</value>
         <object_component_ref idref="oc-3e1"/>
      </symbol>
      <symbol id="sm-341">
         <name>myINPUTXBARINPUT3_init</name>
         <value>0x84087</value>
         <object_component_ref idref="oc-3db"/>
      </symbol>
      <symbol id="sm-342">
         <name>myINPUTXBARINPUT2_init</name>
         <value>0x83fec</value>
         <object_component_ref idref="oc-3d5"/>
      </symbol>
      <symbol id="sm-343">
         <name>myINPUTXBARINPUT1_init</name>
         <value>0x83fe0</value>
         <object_component_ref idref="oc-3cf"/>
      </symbol>
      <symbol id="sm-344">
         <name>myINPUTXBARINPUT0_init</name>
         <value>0x83fd4</value>
         <object_component_ref idref="oc-3c9"/>
      </symbol>
      <symbol id="sm-345">
         <name>PS1_init</name>
         <value>0x83eeb</value>
         <object_component_ref idref="oc-49c"/>
      </symbol>
      <symbol id="sm-346">
         <name>PS3_init</name>
         <value>0x83f0b</value>
         <object_component_ref idref="oc-4a8"/>
      </symbol>
      <symbol id="sm-347">
         <name>PS2_init</name>
         <value>0x83efb</value>
         <object_component_ref idref="oc-4a2"/>
      </symbol>
      <symbol id="sm-348">
         <name>SCI_init</name>
         <value>0x840ad</value>
         <object_component_ref idref="oc-2ef"/>
      </symbol>
      <symbol id="sm-349">
         <name>Board_init</name>
         <value>0x8382f</value>
         <object_component_ref idref="oc-221"/>
      </symbol>
      <symbol id="sm-34a">
         <name>XINT_init</name>
         <value>0x84079</value>
         <object_component_ref idref="oc-2f5"/>
      </symbol>
      <symbol id="sm-34b">
         <name>GPIO_init</name>
         <value>0x83e29</value>
         <object_component_ref idref="oc-2e9"/>
      </symbol>
      <symbol id="sm-34c">
         <name>ADC_init</name>
         <value>0x840a2</value>
         <object_component_ref idref="oc-2d1"/>
      </symbol>
      <symbol id="sm-34d">
         <name>myADC0_init</name>
         <value>0x82bb0</value>
         <object_component_ref idref="oc-414"/>
      </symbol>
      <symbol id="sm-34e">
         <name>myADC1_init</name>
         <value>0x82cf6</value>
         <object_component_ref idref="oc-41a"/>
      </symbol>
      <symbol id="sm-34f">
         <name>SYNC_init</name>
         <value>0x84040</value>
         <object_component_ref idref="oc-2c5"/>
      </symbol>
      <symbol id="sm-350">
         <name>CSD_OUT_init</name>
         <value>0x83e7b</value>
         <object_component_ref idref="oc-4c6"/>
      </symbol>
      <symbol id="sm-351">
         <name>CSB_OUT_init</name>
         <value>0x83e5b</value>
         <object_component_ref idref="oc-4ba"/>
      </symbol>
      <symbol id="sm-352">
         <name>EPWM_init</name>
         <value>0x82000</value>
         <object_component_ref idref="oc-2dd"/>
      </symbol>
      <symbol id="sm-353">
         <name>myGPIO0_init</name>
         <value>0x83f2b</value>
         <object_component_ref idref="oc-4ae"/>
      </symbol>
      <symbol id="sm-354">
         <name>myEPWMXBAR0_init</name>
         <value>0x840b3</value>
         <object_component_ref idref="oc-495"/>
      </symbol>
      <symbol id="sm-355">
         <name>mySCI0_init</name>
         <value>0x82f68</value>
         <object_component_ref idref="oc-4cd"/>
      </symbol>
      <symbol id="sm-356">
         <name>CPUTIMER_init</name>
         <value>0x840a7</value>
         <object_component_ref idref="oc-2d7"/>
      </symbol>
      <symbol id="sm-357">
         <name>PS2_XINT_init</name>
         <value>0x83fb0</value>
         <object_component_ref idref="oc-4da"/>
      </symbol>
      <symbol id="sm-358">
         <name>PS3_XINT_init</name>
         <value>0x83fbc</value>
         <object_component_ref idref="oc-4e0"/>
      </symbol>
      <symbol id="sm-359">
         <name>ASYSCTL_init</name>
         <value>0x83f98</value>
         <object_component_ref idref="oc-2cb"/>
      </symbol>
      <symbol id="sm-35a">
         <name>PS1_XINT_init</name>
         <value>0x83fa4</value>
         <object_component_ref idref="oc-4d4"/>
      </symbol>
      <symbol id="sm-35b">
         <name>CSC_OUT_init</name>
         <value>0x83e6b</value>
         <object_component_ref idref="oc-4c0"/>
      </symbol>
      <symbol id="sm-35c">
         <name>EPWMXBAR_init</name>
         <value>0x840aa</value>
         <object_component_ref idref="oc-2e3"/>
      </symbol>
      <symbol id="sm-35d">
         <name>myCPUTIMER0_init</name>
         <value>0x83595</value>
         <object_component_ref idref="oc-421"/>
      </symbol>
      <symbol id="sm-36a">
         <name>C2000Ware_libraries_init</name>
         <value>0x840b2</value>
         <object_component_ref idref="oc-233"/>
      </symbol>
      <symbol id="sm-4e2">
         <name>current_state</name>
         <value>0x80eb</value>
         <object_component_ref idref="oc-be"/>
      </symbol>
      <symbol id="sm-4e3">
         <name>pwm_armed</name>
         <value>0x80ec</value>
         <object_component_ref idref="oc-be"/>
      </symbol>
      <symbol id="sm-4e4">
         <name>INT_mySCI0_RX_ISR</name>
         <value>0x827a7</value>
         <object_component_ref idref="oc-61"/>
      </symbol>
      <symbol id="sm-4e5">
         <name>INT_mySCI0_TX_ISR</name>
         <value>0x830de</value>
         <object_component_ref idref="oc-5b"/>
      </symbol>
      <symbol id="sm-4e6">
         <name>time_per_pulse</name>
         <value>0x80f8</value>
         <object_component_ref idref="oc-be"/>
      </symbol>
      <symbol id="sm-4e7">
         <name>INT_myCPUTIMER0_ISR</name>
         <value>0x83258</value>
         <object_component_ref idref="oc-2b"/>
      </symbol>
      <symbol id="sm-4e8">
         <name>rx_buf</name>
         <value>0x8108</value>
         <object_component_ref idref="oc-f1"/>
      </symbol>
      <symbol id="sm-4e9">
         <name>INT_PS2_XINT_ISR</name>
         <value>0x831f2</value>
         <object_component_ref idref="oc-3d"/>
      </symbol>
      <symbol id="sm-4ea">
         <name>main</name>
         <value>0x82501</value>
         <object_component_ref idref="oc-1e1"/>
      </symbol>
      <symbol id="sm-4eb">
         <name>INT_PWM3_TZ_ISR</name>
         <value>0x8331a</value>
         <object_component_ref idref="oc-49"/>
      </symbol>
      <symbol id="sm-4ec">
         <name>last_sensor</name>
         <value>0x80ea</value>
         <object_component_ref idref="oc-be"/>
      </symbol>
      <symbol id="sm-4ed">
         <name>code</name>
         <value>0x811b</value>
         <object_component_ref idref="oc-25d"/>
      </symbol>
      <symbol id="sm-4ee">
         <name>INT_PS1_XINT_ISR</name>
         <value>0x82a21</value>
         <object_component_ref idref="oc-37"/>
      </symbol>
      <symbol id="sm-4ef">
         <name>INT_PS3_XINT_ISR</name>
         <value>0x83225</value>
         <object_component_ref idref="oc-43"/>
      </symbol>
      <symbol id="sm-4f0">
         <name>ps3</name>
         <value>0x811a</value>
         <object_component_ref idref="oc-25d"/>
      </symbol>
      <symbol id="sm-4f1">
         <name>ps2</name>
         <value>0x8119</value>
         <object_component_ref idref="oc-25d"/>
      </symbol>
      <symbol id="sm-4f2">
         <name>ps1</name>
         <value>0x8118</value>
         <object_component_ref idref="oc-25d"/>
      </symbol>
      <symbol id="sm-4f3">
         <name>current_limit_A</name>
         <value>0x80fc</value>
         <object_component_ref idref="oc-be"/>
      </symbol>
      <symbol id="sm-4f4">
         <name>ps1_isr_count</name>
         <value>0x80f2</value>
         <object_component_ref idref="oc-be"/>
      </symbol>
      <symbol id="sm-4f5">
         <name>ps3_isr_count</name>
         <value>0x80f6</value>
         <object_component_ref idref="oc-be"/>
      </symbol>
      <symbol id="sm-4f6">
         <name>ps2_isr_count</name>
         <value>0x80f4</value>
         <object_component_ref idref="oc-be"/>
      </symbol>
      <symbol id="sm-4f7">
         <name>INT_PWM5_TZ_ISR</name>
         <value>0x83376</value>
         <object_component_ref idref="oc-55"/>
      </symbol>
      <symbol id="sm-4f8">
         <name>rx_idx</name>
         <value>0x80f0</value>
         <object_component_ref idref="oc-be"/>
      </symbol>
      <symbol id="sm-4f9">
         <name>CMPSS1_DAC_init</name>
         <value>0x83f4a</value>
         <object_component_ref idref="oc-239"/>
      </symbol>
      <symbol id="sm-4fa">
         <name>pwm_cmpa</name>
         <value>0x80ef</value>
         <object_component_ref idref="oc-be"/>
      </symbol>
      <symbol id="sm-4fb">
         <name>target_duty_percent</name>
         <value>0x80ed</value>
         <object_component_ref idref="oc-be"/>
      </symbol>
      <symbol id="sm-4fc">
         <name>current_duty_percent</name>
         <value>0x80ee</value>
         <object_component_ref idref="oc-be"/>
      </symbol>
      <symbol id="sm-4fd">
         <name>INT_PWM4_TZ_ISR</name>
         <value>0x83348</value>
         <object_component_ref idref="oc-4f"/>
      </symbol>
      <symbol id="sm-4fe">
         <name>Rpm</name>
         <value>0x80fa</value>
         <object_component_ref idref="oc-be"/>
      </symbol>
      <symbol id="sm-54c">
         <name>Device_enableAllPeripherals</name>
         <value>0x829b3</value>
         <object_component_ref idref="oc-29e"/>
      </symbol>
      <symbol id="sm-54d">
         <name>Device_initGPIO</name>
         <value>0x83e9b</value>
         <object_component_ref idref="oc-215"/>
      </symbol>
      <symbol id="sm-54e">
         <name>Device_init</name>
         <value>0x82b55</value>
         <object_component_ref idref="oc-20f"/>
      </symbol>
      <symbol id="sm-54f">
         <name>__error__</name>
         <value>0x84080</value>
         <object_component_ref idref="oc-12a"/>
      </symbol>
      <symbol id="sm-55e">
         <name>code_start</name>
         <value>0x80000</value>
         <object_component_ref idref="oc-20"/>
      </symbol>
      <symbol id="sm-58b">
         <name>ADC_setOffsetTrimAll</name>
         <value>0x82caa</value>
         <object_component_ref idref="oc-682"/>
      </symbol>
      <symbol id="sm-58c">
         <name>ADC_setVREF</name>
         <value>0x834d3</value>
         <object_component_ref idref="oc-57d"/>
      </symbol>
      <symbol id="sm-5a6">
         <name>CPUTimer_setEmulationMode</name>
         <value>0x83d4c</value>
         <object_component_ref idref="oc-5b5"/>
      </symbol>
      <symbol id="sm-60c">
         <name>Flash_initModule</name>
         <value>0x8000</value>
         <object_component_ref idref="oc-27f"/>
      </symbol>
      <symbol id="sm-67b">
         <name>GPIO_setQualificationMode</name>
         <value>0x83184</value>
         <object_component_ref idref="oc-3c2"/>
      </symbol>
      <symbol id="sm-67c">
         <name>GPIO_setPadConfig</name>
         <value>0x82c0a</value>
         <object_component_ref idref="oc-3bc"/>
      </symbol>
      <symbol id="sm-67d">
         <name>GPIO_setInterruptPin</name>
         <value>0x83116</value>
         <object_component_ref idref="oc-650"/>
      </symbol>
      <symbol id="sm-67e">
         <name>GPIO_setAnalogMode</name>
         <value>0x826fb</value>
         <object_component_ref idref="oc-2aa"/>
      </symbol>
      <symbol id="sm-67f">
         <name>GPIO_setDirectionMode</name>
         <value>0x8328a</value>
         <object_component_ref idref="oc-5f9"/>
      </symbol>
      <symbol id="sm-680">
         <name>GPIO_setPinConfig</name>
         <value>0x8314d</value>
         <object_component_ref idref="oc-3b6"/>
      </symbol>
      <symbol id="sm-6f9">
         <name>Interrupt_defaultHandler</name>
         <value>0x83ba4</value>
         <object_component_ref idref="oc-67"/>
      </symbol>
      <symbol id="sm-6fa">
         <name>Interrupt_disable</name>
         <value>0x82c5c</value>
         <object_component_ref idref="oc-ae"/>
      </symbol>
      <symbol id="sm-6fb">
         <name>Interrupt_initModule</name>
         <value>0x83067</value>
         <object_component_ref idref="oc-21b"/>
      </symbol>
      <symbol id="sm-6fc">
         <name>Interrupt_nmiHandler</name>
         <value>0x84036</value>
         <object_component_ref idref="oc-79"/>
      </symbol>
      <symbol id="sm-6fd">
         <name>Interrupt_enable</name>
         <value>0x831bb</value>
         <object_component_ref idref="oc-b4"/>
      </symbol>
      <symbol id="sm-6fe">
         <name>Interrupt_initVectorTable</name>
         <value>0x83764</value>
         <object_component_ref idref="oc-6d"/>
      </symbol>
      <symbol id="sm-6ff">
         <name>Interrupt_illegalOperationHandler</name>
         <value>0x8402c</value>
         <object_component_ref idref="oc-73"/>
      </symbol>
      <symbol id="sm-750">
         <name>SCI_clearInterruptStatus</name>
         <value>0x82e12</value>
         <object_component_ref idref="oc-e4"/>
      </symbol>
      <symbol id="sm-751">
         <name>SCI_setConfig</name>
         <value>0x83029</value>
         <object_component_ref idref="oc-61f"/>
      </symbol>
      <symbol id="sm-752">
         <name>SCI_enableInterrupt</name>
         <value>0x82f24</value>
         <object_component_ref idref="oc-631"/>
      </symbol>
      <symbol id="sm-874">
         <name>SysCtl_isPLLValid</name>
         <value>0x82611</value>
         <object_component_ref idref="oc-3a0"/>
      </symbol>
      <symbol id="sm-875">
         <name>SysCtl_delay</name>
         <value>0x80e6</value>
         <object_component_ref idref="oc-38d"/>
      </symbol>
      <symbol id="sm-876">
         <name>SysCtl_selectXTALSingleEnded</name>
         <value>0x835bb</value>
         <object_component_ref idref="oc-303"/>
      </symbol>
      <symbol id="sm-877">
         <name>SysCtl_selectXTAL</name>
         <value>0x82dcc</value>
         <object_component_ref idref="oc-2fd"/>
      </symbol>
      <symbol id="sm-878">
         <name>SysCtl_selectOscSource</name>
         <value>0x82d3f</value>
         <object_component_ref idref="oc-227"/>
      </symbol>
      <symbol id="sm-879">
         <name>SysCtl_getLowSpeedClock</name>
         <value>0x838e8</value>
         <object_component_ref idref="oc-298"/>
      </symbol>
      <symbol id="sm-87a">
         <name>SysCtl_setClock</name>
         <value>0x82282</value>
         <object_component_ref idref="oc-285"/>
      </symbol>
      <symbol id="sm-87b">
         <name>SysCtl_getClock</name>
         <value>0x82a8f</value>
         <object_component_ref idref="oc-291"/>
      </symbol>
      <symbol id="sm-885">
         <name>_c_int00</name>
         <value>0x83b09</value>
         <object_component_ref idref="oc-11d"/>
      </symbol>
      <symbol id="sm-886">
         <name>__stack</name>
         <value>0x400</value>
         <object_component_ref idref="oc-7f"/>
      </symbol>
      <symbol id="sm-893">
         <name>__c28xabi_divf</name>
         <value>0x82839</value>
         <object_component_ref idref="oc-d9"/>
      </symbol>
      <symbol id="sm-8a6">
         <name>memcpy</name>
         <value>0x837da</value>
         <object_component_ref idref="oc-82"/>
      </symbol>
      <symbol id="sm-8b3">
         <name>_system_pre_init</name>
         <value>0x840b0</value>
         <object_component_ref idref="oc-184"/>
      </symbol>
      <symbol id="sm-8c2">
         <name>__TI_auto_init_nobinit_nopinit</name>
         <value>0x8342b</value>
         <object_component_ref idref="oc-1b1"/>
      </symbol>
      <symbol id="sm-8d1">
         <name>__TI_zero_init_nomemset</name>
         <value>0x83f8b</value>
         <object_component_ref idref="oc-8a"/>
      </symbol>
      <symbol id="sm-8de">
         <name>__TI_decompress_none</name>
         <value>0x83ff8</value>
         <object_component_ref idref="oc-19"/>
      </symbol>
      <symbol id="sm-8f2">
         <name>__TI_decompress_lzss</name>
         <value>0x833a4</value>
         <object_component_ref idref="oc-13"/>
      </symbol>
      <symbol id="sm-908">
         <name>C$$EXIT</name>
         <value>0x834aa</value>
         <object_component_ref idref="oc-191"/>
      </symbol>
      <symbol id="sm-909">
         <name>abort</name>
         <value>0x834aa</value>
         <object_component_ref idref="oc-191"/>
      </symbol>
      <symbol id="sm-90a">
         <name>exit</name>
         <value>0x834ac</value>
         <object_component_ref idref="oc-191"/>
      </symbol>
      <symbol id="sm-90b">
         <name>__TI_dtors_ptr</name>
         <value>0x8104</value>
         <object_component_ref idref="oc-1e9"/>
      </symbol>
      <symbol id="sm-90c">
         <name>__TI_cleanup_ptr</name>
         <value>0x8102</value>
         <object_component_ref idref="oc-1e9"/>
      </symbol>
      <symbol id="sm-90d">
         <name>__TI_enable_exit_profile_output</name>
         <value>0x8100</value>
         <object_component_ref idref="oc-1e9"/>
      </symbol>
      <symbol id="sm-924">
         <name>_nop</name>
         <value>0x8405b</value>
         <object_component_ref idref="oc-266"/>
      </symbol>
      <symbol id="sm-925">
         <name>_lock</name>
         <value>0x80fe</value>
         <object_component_ref idref="oc-1ec"/>
      </symbol>
      <symbol id="sm-926">
         <name>_unlock</name>
         <value>0x8106</value>
         <object_component_ref idref="oc-340"/>
      </symbol>
      <symbol id="sm-927">
         <name>_register_lock</name>
         <value>0x84057</value>
         <object_component_ref idref="oc-266"/>
      </symbol>
      <symbol id="sm-928">
         <name>_register_unlock</name>
         <value>0x84053</value>
         <object_component_ref idref="oc-266"/>
      </symbol>
      <symbol id="sm-937">
         <name>_args_main</name>
         <value>0x84000</value>
         <object_component_ref idref="oc-18b"/>
      </symbol>
      <symbol id="sm-94c">
         <name>atoi</name>
         <value>0x832bb</value>
         <object_component_ref idref="oc-f4"/>
      </symbol>
      <symbol id="sm-957">
         <name>_ctypes_</name>
         <value>0x88306</value>
         <object_component_ref idref="oc-172"/>
      </symbol>
      <symbol id="sm-966">
         <name>_system_post_cinit</name>
         <value>0x840b4</value>
         <object_component_ref idref="oc-1fa"/>
      </symbol>
      <symbol id="sm-968">
         <name>__c_args__</name>
         <value>0x0</value>
      </symbol>
   </symbol_table>
   <title>Link successful</title>
</link_info>
